2025-04-07 11:51:19 - Resuming from job ID: 19761
2025-04-07 11:51:19 - Processing jobs 19764 to 19876
2025-04-07 11:51:26 - [Job ID: 19780] Attempt 1: Accessing https://efzu.fa.em2.oraclecloud.com/hcmUI/CandidateExperience/da/sites/CX_1/job/4969
2025-04-07 11:51:27 - [Job ID: 19876] Attempt 1: Accessing https://egay.fa.us6.oraclecloud.com/hcmUI/CandidateExperience/en/sites/CX_1/job/34155/?sns_id=jobindex
2025-04-07 11:51:28 - [Job ID: 19807] Attempt 1: Accessing https://zealandpharma.wd3.myworkdayjobs.com/External/job/Sborg/Junior-IT-Cloud-Engineer_JR55
2025-04-07 11:51:28 - [Job ID: 19764] Attempt 1: Accessing https://www.tv2ostjylland.dk/ledige-stillinger/dataanalytiker-der-kan-omdanne-data-til-indsigter
2025-04-07 11:51:29 - [Job ID: 19872] Attempt 1: Accessing https://efzu.fa.em2.oraclecloud.com/hcmUI/CandidateExperience/da/sites/CX_1/job/4787
2025-04-07 11:51:30 - [Job ID: 19873] Attempt 1: Accessing https://career.e-conomic.com/jobs/5367378-senior-security-engineer?promotion=1383463-jobindex
2025-04-07 11:51:32 - [Job ID: 19874] Attempt 1: Accessing https://zealandpharma.wd3.myworkdayjobs.com/External/job/Sborg/IT-Lab-Systems-Engineer_JR48
2025-04-07 11:51:32 - [Job ID: 19798] Attempt 1: Accessing https://careers.tryg.com/Tryg/job/Ballerup-Data-Scientist-&-Machine-Learning-Engineer%2C-Tryg-Privat/1185873301/?applySourceOverride=Jobindex.dk&utm_campaign=jobindex&utm_source=jobindex
2025-04-07 11:51:33 - [Job ID: 19875] Attempt 1: Accessing https://www.jobindex.dk/jobannonce/h1547623/produktionstekniker-pc-bygger-til-server-og-storage-loesninger
2025-04-07 11:51:34 - [Job ID: 19829] Attempt 1: Accessing https://lomax.easycruit.com/vacancy/3452365/222829?iso=dk
2025-04-07 11:51:38 - Updated content for job ID: 19873
2025-04-07 11:51:38 - Updated content for job ID: 19780
2025-04-07 11:51:38 - No content retrieved for job ID: 19807
2025-04-07 11:51:38 - No content retrieved for job ID: 19876
2025-04-07 11:51:39 - Updated content for job ID: 19764
2025-04-07 11:51:39 - Updated content for job ID: 19874
2025-04-07 11:51:39 - Updated content for job ID: 19875
2025-04-07 11:51:40 - Updated content for job ID: 19829
2025-04-07 11:51:40 - Updated content for job ID: 19872
2025-04-07 11:51:47 - [Job ID: 19798] Attempt 1 failed: Page.goto: Timeout 15000ms exceeded.
Call log:
  - navigating to "https://careers.tryg.com/Tryg/job/Ballerup-Data-Scientist-&-Machine-Learning-Engineer%2C-Tryg-Privat/1185873301/?applySourceOverride=Jobindex.dk&utm_campaign=jobindex&utm_source=jobindex", waiting until "networkidle"

2025-04-07 11:51:51 - [Job ID: 19798] Attempt 2: Accessing https://careers.tryg.com/Tryg/job/Ballerup-Data-Scientist-&-Machine-Learning-Engineer%2C-Tryg-Privat/1185873301/?applySourceOverride=Jobindex.dk&utm_campaign=jobindex&utm_source=jobindex
2025-04-07 11:52:06 - [Job ID: 19798] Attempt 2 failed: Page.goto: Timeout 15000ms exceeded.
Call log:
  - navigating to "https://careers.tryg.com/Tryg/job/Ballerup-Data-Scientist-&-Machine-Learning-Engineer%2C-Tryg-Privat/1185873301/?applySourceOverride=Jobindex.dk&utm_campaign=jobindex&utm_source=jobindex", waiting until "networkidle"

2025-04-07 11:52:09 - [Job ID: 19798] Attempt 3: Accessing https://careers.tryg.com/Tryg/job/Ballerup-Data-Scientist-&-Machine-Learning-Engineer%2C-Tryg-Privat/1185873301/?applySourceOverride=Jobindex.dk&utm_campaign=jobindex&utm_source=jobindex
2025-04-07 11:52:12 - Updated content for job ID: 19798
2025-04-07 11:52:13 - Processing jobs 19878 to 19919
2025-04-07 11:52:15 - [Job ID: 19878] Attempt 1: Accessing https://candidate.hr-manager.net/ApplicationInit.aspx?cid=55&ProjectId=182053&DepartmentId=514&MediaId=59
2025-04-07 11:52:16 - [Job ID: 19885] Attempt 1: Accessing https://www.atp.dk/karriere/identity-and-access-management-iam-specialist-digital-solutions-184552
2025-04-07 11:52:16 - [Job ID: 19905] Attempt 1: Accessing https://www.careers-page.com/frontmatec-group/job/L495W945
2025-04-07 11:52:17 - [Job ID: 19882] Attempt 1: Accessing https://candidate.hr-manager.net/ApplicationInit.aspx?cid=3010&ProjectId=145033&DepartmentId=18986&MediaId=4632
2025-04-07 11:52:18 - [Job ID: 19879] Attempt 1: Accessing https://portal.signatur.dk/ExtJobs/DefaultHosting/JobDetails.aspx?ClientId=2298&WebAdId=136388
2025-04-07 11:52:19 - [Job ID: 19907] Attempt 1: Accessing https://job.politi.dk/job/System-og-dataansvarlig-til-Rigspolitiets-Center-for-Ejendomme/1481-da_DK
2025-04-07 11:52:20 - Updated content for job ID: 19885
2025-04-07 11:52:20 - [Job ID: 19919] Attempt 1: Accessing https://fujifilmdiosynth.wd3.myworkdayjobs.com/External/job/Hillerod/Senior-Data-Engineer_JR4231
2025-04-07 11:52:21 - [Job ID: 19916] Attempt 1: Accessing https://candidate.hr-manager.net/ApplicationInit.aspx?cid=1970&ProjectId=144382&DepartmentId=19092&MediaId=5
2025-04-07 11:52:21 - Updated content for job ID: 19879
2025-04-07 11:52:21 - [Job ID: 19917] Attempt 1: Accessing https://jobs.lunar.app/jobs/5756963-data-analyst-product
2025-04-07 11:52:21 - [Job ID: 19881] Attempt 1: Accessing https://www.jobindex.dk/jobannonce/h1547424/trainee-i-online-solutions
2025-04-07 11:52:23 - Updated content for job ID: 19878
2025-04-07 11:52:24 - Updated content for job ID: 19882
2025-04-07 11:52:25 - Error extracting HTML from frames: Page.wait_for_selector: Timeout 5000ms exceeded.
Call log:
  - waiting for locator("body") to be visible
  -     14 × locator resolved to hidden <body>…</body>

2025-04-07 11:52:25 - [Job ID: 19905] No content found on attempt 1
2025-04-07 11:52:25 - [Job ID: 19905] Attempt 2: Accessing https://www.careers-page.com/frontmatec-group/job/L495W945
2025-04-07 11:52:27 - Updated content for job ID: 19917
2025-04-07 11:52:27 - Updated content for job ID: 19881
2025-04-07 11:52:28 - Updated content for job ID: 19916
2025-04-07 11:52:31 - Error extracting HTML from frames: Page.wait_for_selector: Timeout 5000ms exceeded.
Call log:
  - waiting for locator("body") to be visible
  -     15 × locator resolved to hidden <body>…</body>

2025-04-07 11:52:31 - [Job ID: 19905] No content found on attempt 2
2025-04-07 11:52:31 - [Job ID: 19905] Attempt 3: Accessing https://www.careers-page.com/frontmatec-group/job/L495W945
2025-04-07 11:52:32 - Updated content for job ID: 19907
2025-04-07 11:52:35 - [Job ID: 19919] Attempt 1 failed: Page.goto: Timeout 15000ms exceeded.
Call log:
  - navigating to "https://fujifilmdiosynth.wd3.myworkdayjobs.com/External/job/Hillerod/Senior-Data-Engineer_JR4231", waiting until "networkidle"

2025-04-07 11:52:37 - Error extracting HTML from frames: Page.wait_for_selector: Timeout 5000ms exceeded.
Call log:
  - waiting for locator("body") to be visible
  -     14 × locator resolved to hidden <body>…</body>

2025-04-07 11:52:37 - [Job ID: 19905] No content found on attempt 3
2025-04-07 11:52:37 - No content retrieved for job ID: 19905
2025-04-07 11:52:38 - [Job ID: 19919] Attempt 2: Accessing https://fujifilmdiosynth.wd3.myworkdayjobs.com/External/job/Hillerod/Senior-Data-Engineer_JR4231
2025-04-07 11:52:43 - Updated content for job ID: 19919
2025-04-07 11:52:44 - Processing jobs 19961 to 20649
2025-04-07 11:52:45 - [Job ID: 20054] Attempt 1: Accessing https://iff.wd5.myworkdayjobs.com/IFF_Careers/job/Brabrand-Denmark/Laboratory-Technician--R-D-Emulsifiers-_R5880
2025-04-07 11:52:46 - [Job ID: 19961] Attempt 1: Accessing https://fmc.wd12.myworkdayjobs.com/FMC/job/DNK---Ronland/Environmental-Specialist_R-140
2025-04-07 11:52:46 - [Job ID: 20522] Attempt 1: Accessing https://renta.dk/stilling/er-du-vores-nye-kollega-i-team-renta-i-hilleroed/
2025-04-07 11:52:47 - [Job ID: 20522] Attempt 1 failed: Page.goto: NS_ERROR_NET_INTERRUPT
Call log:
  - navigating to "https://renta.dk/stilling/er-du-vores-nye-kollega-i-team-renta-i-hilleroed/", waiting until "networkidle"

2025-04-07 11:52:47 - [Job ID: 20438] Attempt 1: Accessing https://www.jobindex.dk/img/pdf/all4recycle_servicetekniker_20250219_lost.pdf
2025-04-07 11:52:47 - [Job ID: 20025] Attempt 1: Accessing https://iff.wd5.myworkdayjobs.com/IFF_Careers/job/Grindsted-Denmark/Manufacturing-Technology-Engineer---Barselsvikariat_R6597
2025-04-07 11:52:48 - [Job ID: 20438] Attempt 1 failed: Page.goto: Download is starting
Call log:
  - navigating to "https://www.jobindex.dk/img/pdf/all4recycle_servicetekniker_20250219_lost.pdf", waiting until "networkidle"

2025-04-07 11:52:48 - [Job ID: 20289] Attempt 1: Accessing https://www.jobindex.dk/img/pdf/sondrup_vaerkfoerer_viby2025.pdf
2025-04-07 11:52:49 - [Job ID: 20289] Attempt 1 failed: Page.goto: Download is starting
Call log:
  - navigating to "https://www.jobindex.dk/img/pdf/sondrup_vaerkfoerer_viby2025.pdf", waiting until "networkidle"

2025-04-07 11:52:49 - [Job ID: 20200] Attempt 1: Accessing https://fujifilmdiosynth.wd3.myworkdayjobs.com/External/job/Hillerod/Process-Engineer-for-Engineering-Sciences_JR3812
2025-04-07 11:52:49 - [Job ID: 20417] Attempt 1: Accessing https://www.jobindex.dk/img/pdf/tektra_servicetekniker_20250321_lost.pdf
2025-04-07 11:52:50 - [Job ID: 20522] Attempt 2: Accessing https://renta.dk/stilling/er-du-vores-nye-kollega-i-team-renta-i-hilleroed/
2025-04-07 11:52:50 - [Job ID: 20649] Attempt 1: Accessing https://terndruptaxa.dk/wp-content/uploads/2025/03/Busmekaniker-opdateret-Terndrup-marts-2025.pdf
2025-04-07 11:52:50 - [Job ID: 20417] Attempt 1 failed: Page.goto: Download is starting
Call log:
  - navigating to "https://www.jobindex.dk/img/pdf/tektra_servicetekniker_20250321_lost.pdf", waiting until "networkidle"

2025-04-07 11:52:50 - [Job ID: 20522] Attempt 2 failed: Page.goto: NS_ERROR_NET_INTERRUPT
Call log:
  - navigating to "https://renta.dk/stilling/er-du-vores-nye-kollega-i-team-renta-i-hilleroed/", waiting until "networkidle"

2025-04-07 11:52:51 - [Job ID: 20438] Attempt 2: Accessing https://www.jobindex.dk/img/pdf/all4recycle_servicetekniker_20250219_lost.pdf
2025-04-07 11:52:51 - [Job ID: 20317] Attempt 1: Accessing https://www.jobindex.dk/img/pdf/danloft_montor_sjaelland_28032025.pdf
2025-04-07 11:52:51 - [Job ID: 20649] Attempt 1 failed: Page.goto: Download is starting
Call log:
  - navigating to "https://terndruptaxa.dk/wp-content/uploads/2025/03/Busmekaniker-opdateret-Terndrup-marts-2025.pdf", waiting until "networkidle"

2025-04-07 11:52:51 - [Job ID: 20438] Attempt 2 failed: Page.goto: Download is starting
Call log:
  - navigating to "https://www.jobindex.dk/img/pdf/all4recycle_servicetekniker_20250219_lost.pdf", waiting until "networkidle"

2025-04-07 11:52:51 - [Job ID: 20317] Attempt 1 failed: Page.goto: Download is starting
Call log:
  - navigating to "https://www.jobindex.dk/img/pdf/danloft_montor_sjaelland_28032025.pdf", waiting until "networkidle"

2025-04-07 11:52:52 - Updated content for job ID: 20054
2025-04-07 11:52:52 - Updated content for job ID: 19961
2025-04-07 11:52:52 - [Job ID: 20289] Attempt 2: Accessing https://www.jobindex.dk/img/pdf/sondrup_vaerkfoerer_viby2025.pdf
2025-04-07 11:52:52 - [Job ID: 20289] Attempt 2 failed: Page.goto: Download is starting
Call log:
  - navigating to "https://www.jobindex.dk/img/pdf/sondrup_vaerkfoerer_viby2025.pdf", waiting until "networkidle"

2025-04-07 11:52:53 - Updated content for job ID: 20200
2025-04-07 11:52:53 - [Job ID: 20417] Attempt 2: Accessing https://www.jobindex.dk/img/pdf/tektra_servicetekniker_20250321_lost.pdf
2025-04-07 11:52:53 - [Job ID: 20522] Attempt 3: Accessing https://renta.dk/stilling/er-du-vores-nye-kollega-i-team-renta-i-hilleroed/
2025-04-07 11:52:54 - [Job ID: 20417] Attempt 2 failed: Page.goto: Download is starting
Call log:
  - navigating to "https://www.jobindex.dk/img/pdf/tektra_servicetekniker_20250321_lost.pdf", waiting until "networkidle"

2025-04-07 11:52:54 - [Job ID: 20522] Attempt 3 failed: Page.goto: NS_ERROR_NET_INTERRUPT
Call log:
  - navigating to "https://renta.dk/stilling/er-du-vores-nye-kollega-i-team-renta-i-hilleroed/", waiting until "networkidle"

2025-04-07 11:52:54 - [Job ID: 20522] All attempts failed for https://renta.dk/stilling/er-du-vores-nye-kollega-i-team-renta-i-hilleroed/
2025-04-07 11:52:54 - Updated content for job ID: 20025
2025-04-07 11:52:54 - [Job ID: 20649] Attempt 2: Accessing https://terndruptaxa.dk/wp-content/uploads/2025/03/Busmekaniker-opdateret-Terndrup-marts-2025.pdf
2025-04-07 11:52:54 - [Job ID: 20438] Attempt 3: Accessing https://www.jobindex.dk/img/pdf/all4recycle_servicetekniker_20250219_lost.pdf
2025-04-07 11:52:54 - [Job ID: 20649] Attempt 2 failed: Page.goto: Download is starting
Call log:
  - navigating to "https://terndruptaxa.dk/wp-content/uploads/2025/03/Busmekaniker-opdateret-Terndrup-marts-2025.pdf", waiting until "networkidle"

2025-04-07 11:52:54 - No content retrieved for job ID: 20522
2025-04-07 11:52:54 - [Job ID: 20438] Attempt 3 failed: Page.goto: Download is starting
Call log:
  - navigating to "https://www.jobindex.dk/img/pdf/all4recycle_servicetekniker_20250219_lost.pdf", waiting until "networkidle"

2025-04-07 11:52:55 - [Job ID: 20438] All attempts failed for https://www.jobindex.dk/img/pdf/all4recycle_servicetekniker_20250219_lost.pdf
2025-04-07 11:52:55 - [Job ID: 20317] Attempt 2: Accessing https://www.jobindex.dk/img/pdf/danloft_montor_sjaelland_28032025.pdf
2025-04-07 11:52:55 - [Job ID: 20317] Attempt 2 failed: Page.goto: Download is starting
Call log:
  - navigating to "https://www.jobindex.dk/img/pdf/danloft_montor_sjaelland_28032025.pdf", waiting until "networkidle"

2025-04-07 11:52:55 - No content retrieved for job ID: 20438
2025-04-07 11:52:55 - [Job ID: 20289] Attempt 3: Accessing https://www.jobindex.dk/img/pdf/sondrup_vaerkfoerer_viby2025.pdf
2025-04-07 11:52:55 - [Job ID: 20289] Attempt 3 failed: Page.goto: Download is starting
Call log:
  - navigating to "https://www.jobindex.dk/img/pdf/sondrup_vaerkfoerer_viby2025.pdf", waiting until "networkidle"

2025-04-07 11:52:56 - [Job ID: 20289] All attempts failed for https://www.jobindex.dk/img/pdf/sondrup_vaerkfoerer_viby2025.pdf
2025-04-07 11:52:56 - No content retrieved for job ID: 20289
2025-04-07 11:52:57 - [Job ID: 20417] Attempt 3: Accessing https://www.jobindex.dk/img/pdf/tektra_servicetekniker_20250321_lost.pdf
2025-04-07 11:52:57 - [Job ID: 20417] Attempt 3 failed: Page.goto: Download is starting
Call log:
  - navigating to "https://www.jobindex.dk/img/pdf/tektra_servicetekniker_20250321_lost.pdf", waiting until "networkidle"

2025-04-07 11:52:57 - [Job ID: 20417] All attempts failed for https://www.jobindex.dk/img/pdf/tektra_servicetekniker_20250321_lost.pdf
2025-04-07 11:52:58 - [Job ID: 20649] Attempt 3: Accessing https://terndruptaxa.dk/wp-content/uploads/2025/03/Busmekaniker-opdateret-Terndrup-marts-2025.pdf
2025-04-07 11:52:58 - No content retrieved for job ID: 20417
2025-04-07 11:52:58 - [Job ID: 20649] Attempt 3 failed: Page.goto: Download is starting
Call log:
  - navigating to "https://terndruptaxa.dk/wp-content/uploads/2025/03/Busmekaniker-opdateret-Terndrup-marts-2025.pdf", waiting until "networkidle"

2025-04-07 11:52:58 - [Job ID: 20649] All attempts failed for https://terndruptaxa.dk/wp-content/uploads/2025/03/Busmekaniker-opdateret-Terndrup-marts-2025.pdf
2025-04-07 11:52:58 - [Job ID: 20317] Attempt 3: Accessing https://www.jobindex.dk/img/pdf/danloft_montor_sjaelland_28032025.pdf
2025-04-07 11:52:58 - [Job ID: 20317] Attempt 3 failed: Page.goto: Download is starting
Call log:
  - navigating to "https://www.jobindex.dk/img/pdf/danloft_montor_sjaelland_28032025.pdf", waiting until "networkidle"

2025-04-07 11:52:58 - No content retrieved for job ID: 20649
2025-04-07 11:52:58 - [Job ID: 20317] All attempts failed for https://www.jobindex.dk/img/pdf/danloft_montor_sjaelland_28032025.pdf
2025-04-07 11:52:59 - No content retrieved for job ID: 20317
2025-04-07 11:53:00 - Processing jobs 20778 to 21393
2025-04-07 11:53:01 - [Job ID: 20811] Attempt 1: Accessing https://www.rsforsyning.dk/app/webroot/uploads/Stillingsopslag/Stillingsopslag%20Mont%C3%B8r%20til%20ledningsnet_marts%202025.pdf
2025-04-07 11:53:02 - [Job ID: 21312] Attempt 1: Accessing https://candidate.hr-manager.net/ApplicationInit.aspx?cid=179&ProjectId=193795&DepartmentId=22284&MediaId=5578
2025-04-07 11:53:02 - [Job ID: 20811] Attempt 1 failed: Page.goto: Download is starting
Call log:
  - navigating to "https://www.rsforsyning.dk/app/webroot/uploads/Stillingsopslag/Stillingsopslag%20Mont%C3%B8r%20til%20ledningsnet_marts%202025.pdf", waiting until "networkidle"

2025-04-07 11:53:02 - [Job ID: 21032] Attempt 1: Accessing https://www.jobindex.dk/img/pdf/stillingsannonce-driftstekniker_2025.pdf
2025-04-07 11:53:03 - [Job ID: 21032] Attempt 1 failed: Page.goto: Download is starting
Call log:
  - navigating to "https://www.jobindex.dk/img/pdf/stillingsannonce-driftstekniker_2025.pdf", waiting until "networkidle"

2025-04-07 11:53:03 - [Job ID: 21393] Attempt 1: Accessing https://www.jobindex.dk/img/pdf/intern_saelger_2025_hvidbjergvinduet.pdf
2025-04-07 11:53:04 - [Job ID: 21393] Attempt 1 failed: Page.goto: Download is starting
Call log:
  - navigating to "https://www.jobindex.dk/img/pdf/intern_saelger_2025_hvidbjergvinduet.pdf", waiting until "networkidle"

2025-04-07 11:53:04 - [Job ID: 21196] Attempt 1: Accessing https://www.jobindex.dk/img/pdf/jobopslag_fleksibel-optiker_timeansat_valby_mar2025.pdf
2025-04-07 11:53:04 - [Job ID: 21196] Attempt 1 failed: Page.goto: Download is starting
Call log:
  - navigating to "https://www.jobindex.dk/img/pdf/jobopslag_fleksibel-optiker_timeansat_valby_mar2025.pdf", waiting until "networkidle"

2025-04-07 11:53:05 - [Job ID: 20778] Attempt 1: Accessing https://www.jobindex.dk/img/pdf/testteknikerhosavktechavkholding.pdf
2025-04-07 11:53:05 - [Job ID: 20778] Attempt 1 failed: Page.goto: Download is starting
Call log:
  - navigating to "https://www.jobindex.dk/img/pdf/testteknikerhosavktechavkholding.pdf", waiting until "networkidle"

2025-04-07 11:53:05 - [Job ID: 20847] Attempt 1: Accessing https://soeberg.dk/jobs/?hr=show-job/243948&linkref=280245&locale=da_DK
2025-04-07 11:53:05 - [Job ID: 20811] Attempt 2: Accessing https://www.rsforsyning.dk/app/webroot/uploads/Stillingsopslag/Stillingsopslag%20Mont%C3%B8r%20til%20ledningsnet_marts%202025.pdf
2025-04-07 11:53:05 - [Job ID: 20811] Attempt 2 failed: Page.goto: Download is starting
Call log:
  - navigating to "https://www.rsforsyning.dk/app/webroot/uploads/Stillingsopslag/Stillingsopslag%20Mont%C3%B8r%20til%20ledningsnet_marts%202025.pdf", waiting until "networkidle"

2025-04-07 11:53:06 - [Job ID: 21069] Attempt 1: Accessing https://candidate.hr-manager.net/ApplicationInit.aspx?cid=1661&ProjectId=145276&DepartmentId=19117&MediaId=4618
2025-04-07 11:53:06 - [Job ID: 21032] Attempt 2: Accessing https://www.jobindex.dk/img/pdf/stillingsannonce-driftstekniker_2025.pdf
2025-04-07 11:53:06 - [Job ID: 21032] Attempt 2 failed: Page.goto: Download is starting
Call log:
  - navigating to "https://www.jobindex.dk/img/pdf/stillingsannonce-driftstekniker_2025.pdf", waiting until "networkidle"

2025-04-07 11:53:07 - [Job ID: 21315] Attempt 1: Accessing https://www.jobindex.dk/img/pdf/2502jobannonceejendomsservicerengringslagelse.pdf
2025-04-07 11:53:07 - [Job ID: 21393] Attempt 2: Accessing https://www.jobindex.dk/img/pdf/intern_saelger_2025_hvidbjergvinduet.pdf
2025-04-07 11:53:07 - [Job ID: 21393] Attempt 2 failed: Page.goto: Download is starting
Call log:
  - navigating to "https://www.jobindex.dk/img/pdf/intern_saelger_2025_hvidbjergvinduet.pdf", waiting until "networkidle"

2025-04-07 11:53:07 - [Job ID: 21255] Attempt 1: Accessing https://candidate.hr-manager.net/ApplicationInit.aspx?cid=179&ProjectId=193825&DepartmentId=22276&MediaId=5578
2025-04-07 11:53:08 - [Job ID: 21196] Attempt 2: Accessing https://www.jobindex.dk/img/pdf/jobopslag_fleksibel-optiker_timeansat_valby_mar2025.pdf
2025-04-07 11:53:08 - [Job ID: 21196] Attempt 2 failed: Page.goto: Download is starting
Call log:
  - navigating to "https://www.jobindex.dk/img/pdf/jobopslag_fleksibel-optiker_timeansat_valby_mar2025.pdf", waiting until "networkidle"

2025-04-07 11:53:08 - [Job ID: 20778] Attempt 2: Accessing https://www.jobindex.dk/img/pdf/testteknikerhosavktechavkholding.pdf
2025-04-07 11:53:09 - Updated content for job ID: 21312
2025-04-07 11:53:09 - [Job ID: 20778] Attempt 2 failed: Page.goto: Download is starting
Call log:
  - navigating to "https://www.jobindex.dk/img/pdf/testteknikerhosavktechavkholding.pdf", waiting until "networkidle"

2025-04-07 11:53:09 - [Job ID: 21315] Attempt 1 failed: Page.goto: Download is starting
Call log:
  - navigating to "https://www.jobindex.dk/img/pdf/2502jobannonceejendomsservicerengringslagelse.pdf", waiting until "networkidle"

2025-04-07 11:53:09 - [Job ID: 20811] Attempt 3: Accessing https://www.rsforsyning.dk/app/webroot/uploads/Stillingsopslag/Stillingsopslag%20Mont%C3%B8r%20til%20ledningsnet_marts%202025.pdf
2025-04-07 11:53:09 - [Job ID: 20811] Attempt 3 failed: Page.goto: Download is starting
Call log:
  - navigating to "https://www.rsforsyning.dk/app/webroot/uploads/Stillingsopslag/Stillingsopslag%20Mont%C3%B8r%20til%20ledningsnet_marts%202025.pdf", waiting until "networkidle"

2025-04-07 11:53:09 - [Job ID: 20811] All attempts failed for https://www.rsforsyning.dk/app/webroot/uploads/Stillingsopslag/Stillingsopslag%20Mont%C3%B8r%20til%20ledningsnet_marts%202025.pdf
2025-04-07 11:53:09 - No content retrieved for job ID: 20811
2025-04-07 11:53:10 - [Job ID: 21032] Attempt 3: Accessing https://www.jobindex.dk/img/pdf/stillingsannonce-driftstekniker_2025.pdf
2025-04-07 11:53:10 - [Job ID: 21032] Attempt 3 failed: Page.goto: Download is starting
Call log:
  - navigating to "https://www.jobindex.dk/img/pdf/stillingsannonce-driftstekniker_2025.pdf", waiting until "networkidle"

2025-04-07 11:53:10 - [Job ID: 21032] All attempts failed for https://www.jobindex.dk/img/pdf/stillingsannonce-driftstekniker_2025.pdf
2025-04-07 11:53:10 - Updated content for job ID: 21069
2025-04-07 11:53:10 - [Job ID: 21393] Attempt 3: Accessing https://www.jobindex.dk/img/pdf/intern_saelger_2025_hvidbjergvinduet.pdf
2025-04-07 11:53:10 - No content retrieved for job ID: 21032
2025-04-07 11:53:10 - [Job ID: 21393] Attempt 3 failed: Page.goto: Download is starting
Call log:
  - navigating to "https://www.jobindex.dk/img/pdf/intern_saelger_2025_hvidbjergvinduet.pdf", waiting until "networkidle"

2025-04-07 11:53:11 - [Job ID: 21393] All attempts failed for https://www.jobindex.dk/img/pdf/intern_saelger_2025_hvidbjergvinduet.pdf
2025-04-07 11:53:11 - [Job ID: 21196] Attempt 3: Accessing https://www.jobindex.dk/img/pdf/jobopslag_fleksibel-optiker_timeansat_valby_mar2025.pdf
2025-04-07 11:53:11 - [Job ID: 21196] Attempt 3 failed: Page.goto: Download is starting
Call log:
  - navigating to "https://www.jobindex.dk/img/pdf/jobopslag_fleksibel-optiker_timeansat_valby_mar2025.pdf", waiting until "networkidle"

2025-04-07 11:53:11 - No content retrieved for job ID: 21393
2025-04-07 11:53:11 - [Job ID: 21196] All attempts failed for https://www.jobindex.dk/img/pdf/jobopslag_fleksibel-optiker_timeansat_valby_mar2025.pdf
2025-04-07 11:53:12 - [Job ID: 20778] Attempt 3: Accessing https://www.jobindex.dk/img/pdf/testteknikerhosavktechavkholding.pdf
2025-04-07 11:53:12 - [Job ID: 21315] Attempt 2: Accessing https://www.jobindex.dk/img/pdf/2502jobannonceejendomsservicerengringslagelse.pdf
2025-04-07 11:53:12 - [Job ID: 20778] Attempt 3 failed: Page.goto: Download is starting
Call log:
  - navigating to "https://www.jobindex.dk/img/pdf/testteknikerhosavktechavkholding.pdf", waiting until "networkidle"

2025-04-07 11:53:12 - [Job ID: 21315] Attempt 2 failed: Page.goto: Download is starting
Call log:
  - navigating to "https://www.jobindex.dk/img/pdf/2502jobannonceejendomsservicerengringslagelse.pdf", waiting until "networkidle"

2025-04-07 11:53:12 - No content retrieved for job ID: 21196
2025-04-07 11:53:12 - [Job ID: 20778] All attempts failed for https://www.jobindex.dk/img/pdf/testteknikerhosavktechavkholding.pdf
2025-04-07 11:53:13 - No content retrieved for job ID: 20778
2025-04-07 11:53:16 - [Job ID: 21315] Attempt 3: Accessing https://www.jobindex.dk/img/pdf/2502jobannonceejendomsservicerengringslagelse.pdf
2025-04-07 11:53:16 - [Job ID: 21315] Attempt 3 failed: Page.goto: Download is starting
Call log:
  - navigating to "https://www.jobindex.dk/img/pdf/2502jobannonceejendomsservicerengringslagelse.pdf", waiting until "networkidle"

2025-04-07 11:53:16 - [Job ID: 21315] All attempts failed for https://www.jobindex.dk/img/pdf/2502jobannonceejendomsservicerengringslagelse.pdf
2025-04-07 11:53:16 - Updated content for job ID: 20847
2025-04-07 11:53:16 - No content retrieved for job ID: 21315
2025-04-07 11:53:17 - Updated content for job ID: 21255
2025-04-07 11:53:18 - Processing jobs 21416 to 22058
2025-04-07 11:53:19 - [Job ID: 21416] Attempt 1: Accessing https://www.jobindex.dk/img/pdf/nybo_tysktalendeeksportsaelger_0325.pdf
2025-04-07 11:53:20 - [Job ID: 21505] Attempt 1: Accessing https://candidate.hr-manager.net/ApplicationInit.aspx?cid=106&ProjectId=181751&DepartmentId=21642&MediaId=5
2025-04-07 11:53:20 - [Job ID: 21416] Attempt 1 failed: Page.goto: Download is starting
Call log:
  - navigating to "https://www.jobindex.dk/img/pdf/nybo_tysktalendeeksportsaelger_0325.pdf", waiting until "networkidle"

2025-04-07 11:53:20 - [Job ID: 22058] Attempt 1: Accessing https://dalumls.dk/wp-content/uploads/2025/03/Saesonhjaelper-hos-Nordic-Seed-Holeby.jpg
2025-04-07 11:53:21 - [Job ID: 21493] Attempt 1: Accessing https://candidate.hr-manager.net/ApplicationInit.aspx?cid=106&ProjectId=181752&DepartmentId=21642&MediaId=5
2025-04-07 11:53:22 - [Job ID: 21915] Attempt 1: Accessing https://ferring.wd3.myworkdayjobs.com/en-US/Ferring/job/Hvidovre-Denmark/Manager-for-Technical-Support_R0033564
2025-04-07 11:53:22 - [Job ID: 21484] Attempt 1: Accessing https://candidate.hr-manager.net/ApplicationInit.aspx?cid=106&ProjectId=181743&DepartmentId=2602&MediaId=5
2025-04-07 11:53:23 - [Job ID: 21416] Attempt 2: Accessing https://www.jobindex.dk/img/pdf/nybo_tysktalendeeksportsaelger_0325.pdf
2025-04-07 11:53:23 - [Job ID: 21509] Attempt 1: Accessing https://candidate.hr-manager.net/ApplicationInit.aspx?cid=106&ProjectId=181750&DepartmentId=2602&MediaId=5
2025-04-07 11:53:23 - [Job ID: 21416] Attempt 2 failed: Page.goto: Download is starting
Call log:
  - navigating to "https://www.jobindex.dk/img/pdf/nybo_tysktalendeeksportsaelger_0325.pdf", waiting until "networkidle"

2025-04-07 11:53:24 - [Job ID: 21512] Attempt 1: Accessing https://candidate.hr-manager.net/ApplicationInit.aspx?cid=106&ProjectId=181749&DepartmentId=2602&MediaId=5
2025-04-07 11:53:25 - [Job ID: 21918] Attempt 1: Accessing https://candidate.hr-manager.net/ApplicationInit.aspx?cid=179&ProjectId=193811&DepartmentId=22288&MediaId=5578
2025-04-07 11:53:25 - [Job ID: 22024] Attempt 1: Accessing https://gea.wd3.myworkdayjobs.com/da-DK/GEACareers/job/Gothenburg/Head-of-sales-and-service-FT-Nordics-Cluster_JR-0032353-1
2025-04-07 11:53:27 - [Job ID: 21416] Attempt 3: Accessing https://www.jobindex.dk/img/pdf/nybo_tysktalendeeksportsaelger_0325.pdf
2025-04-07 11:53:27 - [Job ID: 21416] Attempt 3 failed: Page.goto: Download is starting
Call log:
  - navigating to "https://www.jobindex.dk/img/pdf/nybo_tysktalendeeksportsaelger_0325.pdf", waiting until "networkidle"

2025-04-07 11:53:27 - Error extracting HTML from frames: Page.wait_for_selector: Timeout 5000ms exceeded.
Call log:
  - waiting for locator("body") to be visible
  -     14 × locator resolved to hidden <body>…</body>

2025-04-07 11:53:27 - [Job ID: 22058] No content found on attempt 1
2025-04-07 11:53:27 - [Job ID: 22058] Attempt 2: Accessing https://dalumls.dk/wp-content/uploads/2025/03/Saesonhjaelper-hos-Nordic-Seed-Holeby.jpg
2025-04-07 11:53:27 - [Job ID: 21416] All attempts failed for https://www.jobindex.dk/img/pdf/nybo_tysktalendeeksportsaelger_0325.pdf
2025-04-07 11:53:27 - No content retrieved for job ID: 21416
2025-04-07 11:53:28 - Updated content for job ID: 21493
2025-04-07 11:53:30 - Updated content for job ID: 21915
2025-04-07 11:53:31 - Updated content for job ID: 22024
2025-04-07 11:53:32 - Error extracting HTML from frames: Page.wait_for_selector: Timeout 5000ms exceeded.
Call log:
  - waiting for locator("body") to be visible
  -     15 × locator resolved to hidden <body>…</body>

2025-04-07 11:53:32 - [Job ID: 22058] No content found on attempt 2
2025-04-07 11:53:32 - [Job ID: 22058] Attempt 3: Accessing https://dalumls.dk/wp-content/uploads/2025/03/Saesonhjaelper-hos-Nordic-Seed-Holeby.jpg
2025-04-07 11:53:35 - [Job ID: 21505] Attempt 1 failed: Page.goto: Timeout 15000ms exceeded.
Call log:
  - navigating to "https://candidate.hr-manager.net/ApplicationInit.aspx?cid=106&ProjectId=181751&DepartmentId=21642&MediaId=5", waiting until "networkidle"

2025-04-07 11:53:37 - Updated content for job ID: 21512
2025-04-07 11:53:37 - [Job ID: 21484] Attempt 1 failed: Page.goto: Timeout 15000ms exceeded.
Call log:
  - navigating to "https://candidate.hr-manager.net/ApplicationInit.aspx?cid=106&ProjectId=181743&DepartmentId=2602&MediaId=5", waiting until "networkidle"

2025-04-07 11:53:38 - Error extracting HTML from frames: Page.wait_for_selector: Timeout 5000ms exceeded.
Call log:
  - waiting for locator("body") to be visible
  -     15 × locator resolved to hidden <body>…</body>

2025-04-07 11:53:38 - [Job ID: 22058] No content found on attempt 3
2025-04-07 11:53:38 - [Job ID: 21505] Attempt 2: Accessing https://candidate.hr-manager.net/ApplicationInit.aspx?cid=106&ProjectId=181751&DepartmentId=21642&MediaId=5
2025-04-07 11:53:38 - [Job ID: 21509] Attempt 1 failed: Page.goto: Timeout 15000ms exceeded.
Call log:
  - navigating to "https://candidate.hr-manager.net/ApplicationInit.aspx?cid=106&ProjectId=181750&DepartmentId=2602&MediaId=5", waiting until "networkidle"

2025-04-07 11:53:40 - [Job ID: 21918] Attempt 1 failed: Page.goto: Timeout 15000ms exceeded.
Call log:
  - navigating to "https://candidate.hr-manager.net/ApplicationInit.aspx?cid=179&ProjectId=193811&DepartmentId=22288&MediaId=5578", waiting until "networkidle"

2025-04-07 11:53:41 - [Job ID: 21484] Attempt 2: Accessing https://candidate.hr-manager.net/ApplicationInit.aspx?cid=106&ProjectId=181743&DepartmentId=2602&MediaId=5
2025-04-07 11:53:42 - [Job ID: 21509] Attempt 2: Accessing https://candidate.hr-manager.net/ApplicationInit.aspx?cid=106&ProjectId=181750&DepartmentId=2602&MediaId=5
2025-04-07 11:53:43 - [Job ID: 21918] Attempt 2: Accessing https://candidate.hr-manager.net/ApplicationInit.aspx?cid=179&ProjectId=193811&DepartmentId=22288&MediaId=5578
2025-04-07 11:53:50 - No content retrieved for job ID: 22058
2025-04-07 11:53:51 - Updated content for job ID: 21505
2025-04-07 11:53:51 - Updated content for job ID: 21918
2025-04-07 11:53:51 - Updated content for job ID: 21484
2025-04-07 11:53:51 - Updated content for job ID: 21509
2025-04-07 11:53:52 - Processing jobs 22147 to 22276
2025-04-07 11:53:54 - [Job ID: 22148] Attempt 1: Accessing https://candidate.hr-manager.net/ApplicationInit.aspx?cid=179&ProjectId=193823&DepartmentId=22335&MediaId=5578
2025-04-07 11:53:55 - [Job ID: 22236] Attempt 1: Accessing https://emendo.com/careers/?jobid=291842
2025-04-07 11:53:55 - [Job ID: 22236] Attempt 1 failed: Page.goto: NS_ERROR_NET_INTERRUPT
Call log:
  - navigating to "https://emendo.com/careers/?jobid=291842", waiting until "networkidle"

2025-04-07 11:53:55 - [Job ID: 22276] Attempt 1: Accessing https://spectris.wd3.myworkdayjobs.com/HBK_Careers/job/Virum-DK/Senior-Acoustic-Development-Engineer_15353
2025-04-07 11:53:56 - [Job ID: 22147] Attempt 1: Accessing https://candidate.hr-manager.net/ApplicationInit.aspx?cid=316&ProjectId=187881&DepartmentId=21674&MediaId=5
2025-04-07 11:53:56 - [Job ID: 22233] Attempt 1: Accessing https://gn.wd3.myworkdayjobs.com/en-US/GN-Careers/job/Team-Lead-Evening-Night_R24658
2025-04-07 11:53:57 - [Job ID: 22153] Attempt 1: Accessing https://www.jobindex.dk/img/pdf/furnipart_qc_medarbejder_20250401sul.pdf
2025-04-07 11:53:58 - [Job ID: 22153] Attempt 1 failed: Page.goto: Download is starting
Call log:
  - navigating to "https://www.jobindex.dk/img/pdf/furnipart_qc_medarbejder_20250401sul.pdf", waiting until "networkidle"

2025-04-07 11:53:58 - [Job ID: 22246] Attempt 1: Accessing https://chemometec.com/work-for-us/?hr=show-job/249288&linkref=287019&locale=en_US
2025-04-07 11:53:58 - [Job ID: 22246] Attempt 1 failed: Page.goto: NS_ERROR_NET_INTERRUPT
Call log:
  - navigating to "https://chemometec.com/work-for-us/?hr=show-job/249288&linkref=287019&locale=en_US", waiting until "networkidle"

2025-04-07 11:53:58 - [Job ID: 22195] Attempt 1: Accessing https://rockwoolgroup.wd3.myworkdayjobs.com/ROCKWOOL/job/Hedehusene/Quality-Engineer-Design-Solutions_R0030569
2025-04-07 11:53:58 - [Job ID: 22236] Attempt 2: Accessing https://emendo.com/careers/?jobid=291842
2025-04-07 11:53:58 - [Job ID: 22236] Attempt 2 failed: Page.goto: NS_ERROR_NET_INTERRUPT
Call log:
  - navigating to "https://emendo.com/careers/?jobid=291842", waiting until "networkidle"

2025-04-07 11:53:59 - [Job ID: 22235] Attempt 1: Accessing https://candidate.hr-manager.net/ApplicationInit.aspx?cid=179&ProjectId=193810&DepartmentId=22284&MediaId=5578
2025-04-07 11:54:00 - [Job ID: 22184] Attempt 1: Accessing https://egay.fa.us6.oraclecloud.com/hcmUI/CandidateExperience/en/sites/CX_1/job/33833/?sns_id=jobindex
2025-04-07 11:54:00 - Updated content for job ID: 22276
2025-04-07 11:54:01 - Updated content for job ID: 22148
2025-04-07 11:54:01 - [Job ID: 22153] Attempt 2: Accessing https://www.jobindex.dk/img/pdf/furnipart_qc_medarbejder_20250401sul.pdf
2025-04-07 11:54:01 - [Job ID: 22153] Attempt 2 failed: Page.goto: Download is starting
Call log:
  - navigating to "https://www.jobindex.dk/img/pdf/furnipart_qc_medarbejder_20250401sul.pdf", waiting until "networkidle"

2025-04-07 11:54:02 - [Job ID: 22246] Attempt 2: Accessing https://chemometec.com/work-for-us/?hr=show-job/249288&linkref=287019&locale=en_US
2025-04-07 11:54:02 - [Job ID: 22246] Attempt 2 failed: Page.goto: NS_ERROR_NET_INTERRUPT
Call log:
  - navigating to "https://chemometec.com/work-for-us/?hr=show-job/249288&linkref=287019&locale=en_US", waiting until "networkidle"

2025-04-07 11:54:02 - [Job ID: 22236] Attempt 3: Accessing https://emendo.com/careers/?jobid=291842
2025-04-07 11:54:02 - [Job ID: 22236] Attempt 3 failed: Page.goto: NS_ERROR_NET_INTERRUPT
Call log:
  - navigating to "https://emendo.com/careers/?jobid=291842", waiting until "networkidle"

2025-04-07 11:54:02 - [Job ID: 22236] All attempts failed for https://emendo.com/careers/?jobid=291842
2025-04-07 11:54:03 - No content retrieved for job ID: 22236
2025-04-07 11:54:03 - Updated content for job ID: 22195
2025-04-07 11:54:04 - Updated content for job ID: 22233
2025-04-07 11:54:04 - [Job ID: 22153] Attempt 3: Accessing https://www.jobindex.dk/img/pdf/furnipart_qc_medarbejder_20250401sul.pdf
2025-04-07 11:54:04 - [Job ID: 22153] Attempt 3 failed: Page.goto: Download is starting
Call log:
  - navigating to "https://www.jobindex.dk/img/pdf/furnipart_qc_medarbejder_20250401sul.pdf", waiting until "networkidle"

2025-04-07 11:54:05 - [Job ID: 22153] All attempts failed for https://www.jobindex.dk/img/pdf/furnipart_qc_medarbejder_20250401sul.pdf
2025-04-07 11:54:05 - [Job ID: 22246] Attempt 3: Accessing https://chemometec.com/work-for-us/?hr=show-job/249288&linkref=287019&locale=en_US
2025-04-07 11:54:05 - [Job ID: 22246] Attempt 3 failed: Page.goto: NS_ERROR_NET_INTERRUPT
Call log:
  - navigating to "https://chemometec.com/work-for-us/?hr=show-job/249288&linkref=287019&locale=en_US", waiting until "networkidle"

2025-04-07 11:54:05 - No content retrieved for job ID: 22153
2025-04-07 11:54:05 - [Job ID: 22246] All attempts failed for https://chemometec.com/work-for-us/?hr=show-job/249288&linkref=287019&locale=en_US
2025-04-07 11:54:06 - Updated content for job ID: 22235
2025-04-07 11:54:06 - No content retrieved for job ID: 22246
2025-04-07 11:54:09 - Updated content for job ID: 22184
2025-04-07 11:54:11 - [Job ID: 22147] Attempt 1 failed: Page.goto: Timeout 15000ms exceeded.
Call log:
  - navigating to "https://candidate.hr-manager.net/ApplicationInit.aspx?cid=316&ProjectId=187881&DepartmentId=21674&MediaId=5", waiting until "networkidle"

2025-04-07 11:54:14 - [Job ID: 22147] Attempt 2: Accessing https://candidate.hr-manager.net/ApplicationInit.aspx?cid=316&ProjectId=187881&DepartmentId=21674&MediaId=5
2025-04-07 11:54:29 - [Job ID: 22147] Attempt 2 failed: Page.goto: Timeout 15000ms exceeded.
Call log:
  - navigating to "https://candidate.hr-manager.net/ApplicationInit.aspx?cid=316&ProjectId=187881&DepartmentId=21674&MediaId=5", waiting until "networkidle"

2025-04-07 11:54:32 - [Job ID: 22147] Attempt 3: Accessing https://candidate.hr-manager.net/ApplicationInit.aspx?cid=316&ProjectId=187881&DepartmentId=21674&MediaId=5
2025-04-07 11:54:47 - [Job ID: 22147] Attempt 3 failed: Page.goto: Timeout 15000ms exceeded.
Call log:
  - navigating to "https://candidate.hr-manager.net/ApplicationInit.aspx?cid=316&ProjectId=187881&DepartmentId=21674&MediaId=5", waiting until "networkidle"

2025-04-07 11:54:47 - [Job ID: 22147] All attempts failed for https://candidate.hr-manager.net/ApplicationInit.aspx?cid=316&ProjectId=187881&DepartmentId=21674&MediaId=5
2025-04-07 11:54:48 - No content retrieved for job ID: 22147
2025-04-07 11:54:49 - Processing jobs 22301 to 22577
2025-04-07 11:54:51 - [Job ID: 22306] Attempt 1: Accessing https://www.jobindex.dk/jobannonce/h1549694/head-of-design
2025-04-07 11:54:51 - [Job ID: 22324] Attempt 1: Accessing https://egay.fa.us6.oraclecloud.com/hcmUI/CandidateExperience/en/sites/CX_1/job/33773/?sns_id=jobindex
2025-04-07 11:54:52 - [Job ID: 22577] Attempt 1: Accessing https://candidate.hr-manager.net/ApplicationInit.aspx?cid=316&ProjectId=187789&DepartmentId=21679&MediaId=5
2025-04-07 11:54:53 - [Job ID: 22395] Attempt 1: Accessing https://www.jobindex.dk/img/pdf/stillingsannonce_operatoer_til_fyldelinje_2025_ny.pdf
2025-04-07 11:54:53 - [Job ID: 22395] Attempt 1 failed: Page.goto: Download is starting
Call log:
  - navigating to "https://www.jobindex.dk/img/pdf/stillingsannonce_operatoer_til_fyldelinje_2025_ny.pdf", waiting until "networkidle"

2025-04-07 11:54:54 - [Job ID: 22380] Attempt 1: Accessing https://emendo.com/careers/?jobid=287351
2025-04-07 11:54:55 - [Job ID: 22457] Attempt 1: Accessing https://www.jobindex.dk/img/pdf/2025_productionmanager_jobindex.pdf
2025-04-07 11:54:55 - [Job ID: 22380] Attempt 1 failed: Page.goto: NS_ERROR_NET_INTERRUPT
Call log:
  - navigating to "https://emendo.com/careers/?jobid=287351", waiting until "networkidle"

2025-04-07 11:54:55 - [Job ID: 22457] Attempt 1 failed: Page.goto: Download is starting
Call log:
  - navigating to "https://www.jobindex.dk/img/pdf/2025_productionmanager_jobindex.pdf", waiting until "networkidle"

2025-04-07 11:54:57 - [Job ID: 22418] Attempt 1: Accessing https://agilent.wd5.myworkdayjobs.com/Agilent_Careers/job/Denmark-Glostrup/Director-of-Finished-Goods_4031832
2025-04-07 11:54:57 - [Job ID: 22301] Attempt 1: Accessing https://egay.fa.us6.oraclecloud.com/hcmUI/CandidateExperience/en/sites/CX_1/job/34242/?sns_id=jobindex
2025-04-07 11:54:57 - [Job ID: 22395] Attempt 2: Accessing https://www.jobindex.dk/img/pdf/stillingsannonce_operatoer_til_fyldelinje_2025_ny.pdf
2025-04-07 11:54:58 - [Job ID: 22338] Attempt 1: Accessing https://candidate.hr-manager.net/ApplicationInit.aspx?cid=316&ProjectId=187814&DepartmentId=9824&MediaId=5
2025-04-07 11:54:58 - [Job ID: 22395] Attempt 2 failed: Page.goto: Download is starting
Call log:
  - navigating to "https://www.jobindex.dk/img/pdf/stillingsannonce_operatoer_til_fyldelinje_2025_ny.pdf", waiting until "networkidle"

2025-04-07 11:54:58 - No content retrieved for job ID: 22324
2025-04-07 11:54:58 - [Job ID: 22352] Attempt 1: Accessing https://iff.wd5.myworkdayjobs.com/IFF_Careers/job/Brabrand-Denmark/Technical-Specialist--Product-Quality-_R6251
2025-04-07 11:55:00 - [Job ID: 22457] Attempt 2: Accessing https://www.jobindex.dk/img/pdf/2025_productionmanager_jobindex.pdf
2025-04-07 11:55:00 - [Job ID: 22457] Attempt 2 failed: Page.goto: Download is starting
Call log:
  - navigating to "https://www.jobindex.dk/img/pdf/2025_productionmanager_jobindex.pdf", waiting until "networkidle"

2025-04-07 11:55:01 - [Job ID: 22380] Attempt 2: Accessing https://emendo.com/careers/?jobid=287351
2025-04-07 11:55:01 - [Job ID: 22395] Attempt 3: Accessing https://www.jobindex.dk/img/pdf/stillingsannonce_operatoer_til_fyldelinje_2025_ny.pdf
2025-04-07 11:55:01 - [Job ID: 22380] Attempt 2 failed: Page.goto: NS_ERROR_NET_INTERRUPT
Call log:
  - navigating to "https://emendo.com/careers/?jobid=287351", waiting until "networkidle"

2025-04-07 11:55:02 - [Job ID: 22395] Attempt 3 failed: Page.goto: Download is starting
Call log:
  - navigating to "https://www.jobindex.dk/img/pdf/stillingsannonce_operatoer_til_fyldelinje_2025_ny.pdf", waiting until "networkidle"

2025-04-07 11:55:02 - [Job ID: 22395] All attempts failed for https://www.jobindex.dk/img/pdf/stillingsannonce_operatoer_til_fyldelinje_2025_ny.pdf
2025-04-07 11:55:02 - No content retrieved for job ID: 22301
2025-04-07 11:55:02 - No content retrieved for job ID: 22418
2025-04-07 11:55:02 - No content retrieved for job ID: 22395
2025-04-07 11:55:04 - [Job ID: 22457] Attempt 3: Accessing https://www.jobindex.dk/img/pdf/2025_productionmanager_jobindex.pdf
2025-04-07 11:55:04 - [Job ID: 22457] Attempt 3 failed: Page.goto: Download is starting
Call log:
  - navigating to "https://www.jobindex.dk/img/pdf/2025_productionmanager_jobindex.pdf", waiting until "networkidle"

2025-04-07 11:55:04 - [Job ID: 22457] All attempts failed for https://www.jobindex.dk/img/pdf/2025_productionmanager_jobindex.pdf
2025-04-07 11:55:05 - No content retrieved for job ID: 22457
2025-04-07 11:55:05 - [Job ID: 22380] Attempt 3: Accessing https://emendo.com/careers/?jobid=287351
2025-04-07 11:55:05 - [Job ID: 22380] Attempt 3 failed: Page.goto: NS_ERROR_NET_INTERRUPT
Call log:
  - navigating to "https://emendo.com/careers/?jobid=287351", waiting until "networkidle"

2025-04-07 11:55:05 - [Job ID: 22380] All attempts failed for https://emendo.com/careers/?jobid=287351
2025-04-07 11:55:06 - [Job ID: 22306] Attempt 1 failed: Page.goto: Timeout 15000ms exceeded.
Call log:
  - navigating to "https://www.jobindex.dk/jobannonce/h1549694/head-of-design", waiting until "networkidle"

2025-04-07 11:55:06 - No content retrieved for job ID: 22380
2025-04-07 11:55:06 - Updated content for job ID: 22352
2025-04-07 11:55:07 - [Job ID: 22577] Attempt 1 failed: Page.goto: Timeout 15000ms exceeded.
Call log:
  - navigating to "https://candidate.hr-manager.net/ApplicationInit.aspx?cid=316&ProjectId=187789&DepartmentId=21679&MediaId=5", waiting until "networkidle"

2025-04-07 11:55:09 - [Job ID: 22306] Attempt 2: Accessing https://www.jobindex.dk/jobannonce/h1549694/head-of-design
2025-04-07 11:55:10 - [Job ID: 22577] Attempt 2: Accessing https://candidate.hr-manager.net/ApplicationInit.aspx?cid=316&ProjectId=187789&DepartmentId=21679&MediaId=5
2025-04-07 11:55:13 - [Job ID: 22338] Attempt 1 failed: Page.goto: Timeout 15000ms exceeded.
Call log:
  - navigating to "https://candidate.hr-manager.net/ApplicationInit.aspx?cid=316&ProjectId=187814&DepartmentId=9824&MediaId=5", waiting until "networkidle"

2025-04-07 11:55:16 - [Job ID: 22338] Attempt 2: Accessing https://candidate.hr-manager.net/ApplicationInit.aspx?cid=316&ProjectId=187814&DepartmentId=9824&MediaId=5
2025-04-07 11:55:24 - [Job ID: 22306] Attempt 2 failed: Page.goto: Timeout 15000ms exceeded.
Call log:
  - navigating to "https://www.jobindex.dk/jobannonce/h1549694/head-of-design", waiting until "networkidle"

2025-04-07 11:55:25 - [Job ID: 22577] Attempt 2 failed: Page.goto: Timeout 15000ms exceeded.
Call log:
  - navigating to "https://candidate.hr-manager.net/ApplicationInit.aspx?cid=316&ProjectId=187789&DepartmentId=21679&MediaId=5", waiting until "networkidle"

2025-04-07 11:55:27 - [Job ID: 22306] Attempt 3: Accessing https://www.jobindex.dk/jobannonce/h1549694/head-of-design
2025-04-07 11:55:29 - [Job ID: 22577] Attempt 3: Accessing https://candidate.hr-manager.net/ApplicationInit.aspx?cid=316&ProjectId=187789&DepartmentId=21679&MediaId=5
2025-04-07 11:55:31 - [Job ID: 22338] Attempt 2 failed: Page.goto: Timeout 15000ms exceeded.
Call log:
  - navigating to "https://candidate.hr-manager.net/ApplicationInit.aspx?cid=316&ProjectId=187814&DepartmentId=9824&MediaId=5", waiting until "networkidle"

2025-04-07 11:55:35 - [Job ID: 22338] Attempt 3: Accessing https://candidate.hr-manager.net/ApplicationInit.aspx?cid=316&ProjectId=187814&DepartmentId=9824&MediaId=5
2025-04-07 11:55:42 - [Job ID: 22306] Attempt 3 failed: Page.goto: Timeout 15000ms exceeded.
Call log:
  - navigating to "https://www.jobindex.dk/jobannonce/h1549694/head-of-design", waiting until "networkidle"

2025-04-07 11:55:42 - [Job ID: 22306] All attempts failed for https://www.jobindex.dk/jobannonce/h1549694/head-of-design
2025-04-07 11:55:43 - No content retrieved for job ID: 22306
2025-04-07 11:55:44 - [Job ID: 22577] Attempt 3 failed: Page.goto: Timeout 15000ms exceeded.
Call log:
  - navigating to "https://candidate.hr-manager.net/ApplicationInit.aspx?cid=316&ProjectId=187789&DepartmentId=21679&MediaId=5", waiting until "networkidle"

2025-04-07 11:55:44 - [Job ID: 22577] All attempts failed for https://candidate.hr-manager.net/ApplicationInit.aspx?cid=316&ProjectId=187789&DepartmentId=21679&MediaId=5
2025-04-07 11:55:44 - No content retrieved for job ID: 22577
2025-04-07 11:55:49 - Batch timed out, moving to next batch
2025-04-07 11:55:50 - Processing jobs 22597 to 23231
2025-04-07 11:55:52 - [Job ID: 22738] Attempt 1: Accessing https://redirect-service.aws.jyllands-posten.dk/redirect?q=bmFtZT13YXRjaGpvYi1jbGljay10cmFjayZqb2JJZD0zMDQzNiZwbGFjZW1lbnQ9am9iLndhdGNobWVkaWVyLmRrJmNvbnRleHQ9d2Vic2l0ZQ==&redirectUrl=NhvMkFmsv_HT3PDulfdPFxqfdnAUnajLWLHrIobVqy00DASgei_jLfK_gh_RYgbS8d2kQVUXQzQoB9a5hBE4X0NVLp0U0sZRcQYZ4dWr_vrHMf90s2ZmoMTmat2tz9-bkGQOuSLyTGhiR6MegwNgPQ==
2025-04-07 11:55:53 - [Job ID: 23004] Attempt 1: Accessing https://skechers.wd5.myworkdayjobs.com/One-career-site/job/Odense-Denmark/Store-Manager-Skechers-Rosengrdcentret_JR114620
2025-04-07 11:55:53 - [Job ID: 22935] Attempt 1: Accessing https://www.jobindex.dk/img/pdf/pilgrim_shopmanger_20250320_lost.pdf
2025-04-07 11:55:54 - [Job ID: 22738] Attempt 1 failed: Page.goto: Download is starting
Call log:
  - navigating to "https://redirect-service.aws.jyllands-posten.dk/redirect?q=bmFtZT13YXRjaGpvYi1jbGljay10cmFjayZqb2JJZD0zMDQzNiZwbGFjZW1lbnQ9am9iLndhdGNobWVkaWVyLmRrJmNvbnRleHQ9d2Vic2l0ZQ==&redirectUrl=NhvMkFmsv_HT3PDulfdPFxqfdnAUnajLWLHrIobVqy00DASgei_jLfK_gh_RYgbS8d2kQVUXQzQoB9a5hBE4X0NVLp0U0sZRcQYZ4dWr_vrHMf90s2ZmoMTmat2tz9-bkGQOuSLyTGhiR6MegwNgPQ==", waiting until "networkidle"

2025-04-07 11:55:54 - [Job ID: 22935] Attempt 1 failed: Page.goto: Download is starting
Call log:
  - navigating to "https://www.jobindex.dk/img/pdf/pilgrim_shopmanger_20250320_lost.pdf", waiting until "networkidle"

2025-04-07 11:55:54 - [Job ID: 22831] Attempt 1: Accessing https://lagkagehuset.youngcrm.com/jobportal/11146?utm_source=youngcrm&utm_medium=notification&utm_campaign=media
2025-04-07 11:55:54 - [Job ID: 22808] Attempt 1: Accessing https://www.jobindex.dk/img/pdf/butikschef_thisted_2025-b.pdf
2025-04-07 11:55:55 - [Job ID: 22832] Attempt 1: Accessing https://lagkagehuset.youngcrm.com/jobportal/11147?utm_source=youngcrm&utm_medium=notification&utm_campaign=media
2025-04-07 11:55:55 - [Job ID: 22808] Attempt 1 failed: Page.goto: Download is starting
Call log:
  - navigating to "https://www.jobindex.dk/img/pdf/butikschef_thisted_2025-b.pdf", waiting until "networkidle"

2025-04-07 11:55:56 - [Job ID: 22597] Attempt 1: Accessing https://www.jobindex.dk/jobannonce/h1548749/data-analytics-internship-customer-diagnostic-center-fall-2025
2025-04-07 11:55:56 - [Job ID: 23231] Attempt 1: Accessing https://wd3.myworkdaysite.com/recruiting/velux/Velux_Residential/job/dalsvej-99-Hrsholm/Strategy-Execution-Senior-Consultant---Group-Strategy-Execution-Office_R1068538-1
2025-04-07 11:55:57 - [Job ID: 22738] Attempt 2: Accessing https://redirect-service.aws.jyllands-posten.dk/redirect?q=bmFtZT13YXRjaGpvYi1jbGljay10cmFjayZqb2JJZD0zMDQzNiZwbGFjZW1lbnQ9am9iLndhdGNobWVkaWVyLmRrJmNvbnRleHQ9d2Vic2l0ZQ==&redirectUrl=NhvMkFmsv_HT3PDulfdPFxqfdnAUnajLWLHrIobVqy00DASgei_jLfK_gh_RYgbS8d2kQVUXQzQoB9a5hBE4X0NVLp0U0sZRcQYZ4dWr_vrHMf90s2ZmoMTmat2tz9-bkGQOuSLyTGhiR6MegwNgPQ==
2025-04-07 11:55:57 - [Job ID: 22935] Attempt 2: Accessing https://www.jobindex.dk/img/pdf/pilgrim_shopmanger_20250320_lost.pdf
2025-04-07 11:55:57 - [Job ID: 22935] Attempt 2 failed: Page.goto: Download is starting
Call log:
  - navigating to "https://www.jobindex.dk/img/pdf/pilgrim_shopmanger_20250320_lost.pdf", waiting until "networkidle"

2025-04-07 11:55:57 - [Job ID: 22738] Attempt 2 failed: Page.goto: Download is starting
Call log:
  - navigating to "https://redirect-service.aws.jyllands-posten.dk/redirect?q=bmFtZT13YXRjaGpvYi1jbGljay10cmFjayZqb2JJZD0zMDQzNiZwbGFjZW1lbnQ9am9iLndhdGNobWVkaWVyLmRrJmNvbnRleHQ9d2Vic2l0ZQ==&redirectUrl=NhvMkFmsv_HT3PDulfdPFxqfdnAUnajLWLHrIobVqy00DASgei_jLfK_gh_RYgbS8d2kQVUXQzQoB9a5hBE4X0NVLp0U0sZRcQYZ4dWr_vrHMf90s2ZmoMTmat2tz9-bkGQOuSLyTGhiR6MegwNgPQ==", waiting until "networkidle"

2025-04-07 11:55:57 - [Job ID: 22987] Attempt 1: Accessing https://bestseller-as.contactrh.com/jobs/10895/43238444/da_DK
2025-04-07 11:55:58 - [Job ID: 22808] Attempt 2: Accessing https://www.jobindex.dk/img/pdf/butikschef_thisted_2025-b.pdf
2025-04-07 11:55:58 - [Job ID: 22808] Attempt 2 failed: Page.goto: Download is starting
Call log:
  - navigating to "https://www.jobindex.dk/img/pdf/butikschef_thisted_2025-b.pdf", waiting until "networkidle"

2025-04-07 11:55:58 - [Job ID: 22600] Attempt 1: Accessing https://candidate.hr-manager.net/ApplicationInit.aspx?cid=316&ProjectId=187630&DepartmentId=21679&MediaId=5
2025-04-07 11:56:00 - Updated content for job ID: 23004
2025-04-07 11:56:01 - [Job ID: 22738] Attempt 3: Accessing https://redirect-service.aws.jyllands-posten.dk/redirect?q=bmFtZT13YXRjaGpvYi1jbGljay10cmFjayZqb2JJZD0zMDQzNiZwbGFjZW1lbnQ9am9iLndhdGNobWVkaWVyLmRrJmNvbnRleHQ9d2Vic2l0ZQ==&redirectUrl=NhvMkFmsv_HT3PDulfdPFxqfdnAUnajLWLHrIobVqy00DASgei_jLfK_gh_RYgbS8d2kQVUXQzQoB9a5hBE4X0NVLp0U0sZRcQYZ4dWr_vrHMf90s2ZmoMTmat2tz9-bkGQOuSLyTGhiR6MegwNgPQ==
2025-04-07 11:56:01 - [Job ID: 22935] Attempt 3: Accessing https://www.jobindex.dk/img/pdf/pilgrim_shopmanger_20250320_lost.pdf
2025-04-07 11:56:01 - [Job ID: 22935] Attempt 3 failed: Page.goto: Download is starting
Call log:
  - navigating to "https://www.jobindex.dk/img/pdf/pilgrim_shopmanger_20250320_lost.pdf", waiting until "networkidle"

2025-04-07 11:56:01 - [Job ID: 22738] Attempt 3 failed: Page.goto: Download is starting
Call log:
  - navigating to "https://redirect-service.aws.jyllands-posten.dk/redirect?q=bmFtZT13YXRjaGpvYi1jbGljay10cmFjayZqb2JJZD0zMDQzNiZwbGFjZW1lbnQ9am9iLndhdGNobWVkaWVyLmRrJmNvbnRleHQ9d2Vic2l0ZQ==&redirectUrl=NhvMkFmsv_HT3PDulfdPFxqfdnAUnajLWLHrIobVqy00DASgei_jLfK_gh_RYgbS8d2kQVUXQzQoB9a5hBE4X0NVLp0U0sZRcQYZ4dWr_vrHMf90s2ZmoMTmat2tz9-bkGQOuSLyTGhiR6MegwNgPQ==", waiting until "networkidle"

2025-04-07 11:56:01 - [Job ID: 22935] All attempts failed for https://www.jobindex.dk/img/pdf/pilgrim_shopmanger_20250320_lost.pdf
2025-04-07 11:56:01 - [Job ID: 22738] All attempts failed for https://redirect-service.aws.jyllands-posten.dk/redirect?q=bmFtZT13YXRjaGpvYi1jbGljay10cmFjayZqb2JJZD0zMDQzNiZwbGFjZW1lbnQ9am9iLndhdGNobWVkaWVyLmRrJmNvbnRleHQ9d2Vic2l0ZQ==&redirectUrl=NhvMkFmsv_HT3PDulfdPFxqfdnAUnajLWLHrIobVqy00DASgei_jLfK_gh_RYgbS8d2kQVUXQzQoB9a5hBE4X0NVLp0U0sZRcQYZ4dWr_vrHMf90s2ZmoMTmat2tz9-bkGQOuSLyTGhiR6MegwNgPQ==
2025-04-07 11:56:02 - [Job ID: 22808] Attempt 3: Accessing https://www.jobindex.dk/img/pdf/butikschef_thisted_2025-b.pdf
2025-04-07 11:56:02 - [Job ID: 22808] Attempt 3 failed: Page.goto: Download is starting
Call log:
  - navigating to "https://www.jobindex.dk/img/pdf/butikschef_thisted_2025-b.pdf", waiting until "networkidle"

2025-04-07 11:56:02 - No content retrieved for job ID: 22935
2025-04-07 11:56:02 - No content retrieved for job ID: 22738
2025-04-07 11:56:02 - [Job ID: 22808] All attempts failed for https://www.jobindex.dk/img/pdf/butikschef_thisted_2025-b.pdf
2025-04-07 11:56:03 - No content retrieved for job ID: 22808
2025-04-07 11:56:06 - Updated content for job ID: 23231
2025-04-07 11:56:06 - Error extracting HTML from frames: Page.wait_for_selector: Timeout 5000ms exceeded.
Call log:
  - waiting for locator("body") to be visible
  -     14 × locator resolved to hidden <body id="signup" class="    hasHover">…</body>

2025-04-07 11:56:06 - [Job ID: 22831] No content found on attempt 1
2025-04-07 11:56:06 - [Job ID: 22831] Attempt 2: Accessing https://lagkagehuset.youngcrm.com/jobportal/11146?utm_source=youngcrm&utm_medium=notification&utm_campaign=media
2025-04-07 11:56:07 - Error extracting HTML from frames: Page.wait_for_selector: Timeout 5000ms exceeded.
Call log:
  - waiting for locator("body") to be visible
  -     14 × locator resolved to hidden <body id="signup" class="    hasHover">…</body>

2025-04-07 11:56:07 - [Job ID: 22832] No content found on attempt 1
2025-04-07 11:56:07 - [Job ID: 22832] Attempt 2: Accessing https://lagkagehuset.youngcrm.com/jobportal/11147?utm_source=youngcrm&utm_medium=notification&utm_campaign=media
2025-04-07 11:56:09 - Updated content for job ID: 22987
2025-04-07 11:56:11 - [Job ID: 22597] Attempt 1 failed: Page.goto: Timeout 15000ms exceeded.
Call log:
  - navigating to "https://www.jobindex.dk/jobannonce/h1548749/data-analytics-internship-customer-diagnostic-center-fall-2025", waiting until "networkidle"

2025-04-07 11:56:13 - [Job ID: 22600] Attempt 1 failed: Page.goto: Timeout 15000ms exceeded.
Call log:
  - navigating to "https://candidate.hr-manager.net/ApplicationInit.aspx?cid=316&ProjectId=187630&DepartmentId=21679&MediaId=5", waiting until "networkidle"

2025-04-07 11:56:14 - [Job ID: 22597] Attempt 2: Accessing https://www.jobindex.dk/jobannonce/h1548749/data-analytics-internship-customer-diagnostic-center-fall-2025
2025-04-07 11:56:14 - Error extracting HTML from frames: Page.wait_for_selector: Timeout 5000ms exceeded.
Call log:
  - waiting for locator("body") to be visible
  -     14 × locator resolved to hidden <body id="signup" class="    hasHover">…</body>

2025-04-07 11:56:14 - [Job ID: 22831] No content found on attempt 2
2025-04-07 11:56:14 - [Job ID: 22831] Attempt 3: Accessing https://lagkagehuset.youngcrm.com/jobportal/11146?utm_source=youngcrm&utm_medium=notification&utm_campaign=media
2025-04-07 11:56:14 - Error extracting HTML from frames: Page.wait_for_selector: Timeout 5000ms exceeded.
Call log:
  - waiting for locator("body") to be visible
  -     14 × locator resolved to hidden <body id="signup" class="    hasHover">…</body>

2025-04-07 11:56:14 - [Job ID: 22832] No content found on attempt 2
2025-04-07 11:56:14 - [Job ID: 22832] Attempt 3: Accessing https://lagkagehuset.youngcrm.com/jobportal/11147?utm_source=youngcrm&utm_medium=notification&utm_campaign=media
2025-04-07 11:56:17 - [Job ID: 22600] Attempt 2: Accessing https://candidate.hr-manager.net/ApplicationInit.aspx?cid=316&ProjectId=187630&DepartmentId=21679&MediaId=5
2025-04-07 11:56:22 - Error extracting HTML from frames: Page.wait_for_selector: Timeout 5000ms exceeded.
Call log:
  - waiting for locator("body") to be visible
  -     14 × locator resolved to hidden <body id="signup" class="    hasHover">…</body>

2025-04-07 11:56:22 - [Job ID: 22831] No content found on attempt 3
2025-04-07 11:56:22 - Error extracting HTML from frames: Page.wait_for_selector: Timeout 5000ms exceeded.
Call log:
  - waiting for locator("body") to be visible
  -     14 × locator resolved to hidden <body id="signup" class="    hasHover">…</body>

2025-04-07 11:56:22 - [Job ID: 22832] No content found on attempt 3
2025-04-07 11:56:24 - No content retrieved for job ID: 22832
2025-04-07 11:56:24 - No content retrieved for job ID: 22831
2025-04-07 11:56:29 - [Job ID: 22597] Attempt 2 failed: Page.goto: Timeout 15000ms exceeded.
Call log:
  - navigating to "https://www.jobindex.dk/jobannonce/h1548749/data-analytics-internship-customer-diagnostic-center-fall-2025", waiting until "networkidle"

2025-04-07 11:56:32 - [Job ID: 22600] Attempt 2 failed: Page.goto: Timeout 15000ms exceeded.
Call log:
  - navigating to "https://candidate.hr-manager.net/ApplicationInit.aspx?cid=316&ProjectId=187630&DepartmentId=21679&MediaId=5", waiting until "networkidle"

2025-04-07 11:56:32 - [Job ID: 22597] Attempt 3: Accessing https://www.jobindex.dk/jobannonce/h1548749/data-analytics-internship-customer-diagnostic-center-fall-2025
2025-04-07 11:56:35 - [Job ID: 22600] Attempt 3: Accessing https://candidate.hr-manager.net/ApplicationInit.aspx?cid=316&ProjectId=187630&DepartmentId=21679&MediaId=5
2025-04-07 11:56:47 - [Job ID: 22597] Attempt 3 failed: Page.goto: Timeout 15000ms exceeded.
Call log:
  - navigating to "https://www.jobindex.dk/jobannonce/h1548749/data-analytics-internship-customer-diagnostic-center-fall-2025", waiting until "networkidle"

2025-04-07 11:56:47 - [Job ID: 22597] All attempts failed for https://www.jobindex.dk/jobannonce/h1548749/data-analytics-internship-customer-diagnostic-center-fall-2025
2025-04-07 11:56:48 - No content retrieved for job ID: 22597
2025-04-07 11:56:50 - [Job ID: 22600] Attempt 3 failed: Page.goto: Timeout 15000ms exceeded.
Call log:
  - navigating to "https://candidate.hr-manager.net/ApplicationInit.aspx?cid=316&ProjectId=187630&DepartmentId=21679&MediaId=5", waiting until "networkidle"

2025-04-07 11:56:50 - [Job ID: 22600] All attempts failed for https://candidate.hr-manager.net/ApplicationInit.aspx?cid=316&ProjectId=187630&DepartmentId=21679&MediaId=5
2025-04-07 11:56:51 - No content retrieved for job ID: 22600
2025-04-07 11:56:51 - Batch timed out, moving to next batch
2025-04-07 11:56:52 - Processing jobs 23345 to 23906
2025-04-07 11:56:53 - [Job ID: 23906] Attempt 1: Accessing https://candidate.hr-manager.net/ApplicationInit.aspx?cid=3010&ProjectId=145324&DepartmentId=19353&MediaId=4735
2025-04-07 11:56:54 - [Job ID: 23480] Attempt 1: Accessing https://lagkagehuset.youngcrm.com/jobportal/11053?utm_source=youngcrm&utm_medium=notification&utm_campaign=media
2025-04-07 11:56:54 - [Job ID: 23345] Attempt 1: Accessing https://candidate.hr-manager.net/ApplicationInit.aspx?cid=316&ProjectId=187848&DepartmentId=21682&MediaId=5
2025-04-07 11:56:55 - [Job ID: 23392] Attempt 1: Accessing https://www.bo-vest.dk/om-bo-vest/job-og-karriere/jobbeskrivelse/7368-job-28577-job-5826-job-driftscenterchef-til-bo-vita/
2025-04-07 11:56:56 - [Job ID: 23901] Attempt 1: Accessing https://candidate.hr-manager.net/ApplicationInit.aspx?cid=3010&ProjectId=145185&DepartmentId=19336&MediaId=4735
2025-04-07 11:56:57 - [Job ID: 23347] Attempt 1: Accessing https://candidate.hr-manager.net/ApplicationInit.aspx?cid=316&ProjectId=187501&DepartmentId=9824&MediaId=5
2025-04-07 11:56:58 - [Job ID: 23618] Attempt 1: Accessing https://systematic-as.contactrh.com/jobs/10895/43151965/en_GB
2025-04-07 11:56:58 - Updated content for job ID: 23906
2025-04-07 11:56:59 - [Job ID: 23902] Attempt 1: Accessing https://candidate.hr-manager.net/ApplicationInit.aspx?cid=3010&ProjectId=145353&DepartmentId=19344&MediaId=4735
2025-04-07 11:56:59 - [Job ID: 23900] Attempt 1: Accessing https://candidate.hr-manager.net/ApplicationInit.aspx?cid=3010&ProjectId=145290&DepartmentId=19303&MediaId=4735
2025-04-07 11:56:59 - [Job ID: 23407] Attempt 1: Accessing https://keinicke.com/ledige-stillinger/?hr=show-job/248191&locale=da_DK&sd=1Omr%C3%A5de
2025-04-07 11:57:03 - [Job ID: 23407] Attempt 1 failed: Page.goto: NS_ERROR_NET_INTERRUPT
Call log:
  - navigating to "https://keinicke.com/ledige-stillinger/?hr=show-job/248191&locale=da_DK&sd=1Omr%C3%A5de", waiting until "networkidle"

2025-04-07 11:57:04 - Error extracting HTML from frames: Page.wait_for_selector: Timeout 5000ms exceeded.
Call log:
  - waiting for locator("body") to be visible
  -     14 × locator resolved to hidden <body id="signup" class="    hasHover">…</body>

2025-04-07 11:57:04 - [Job ID: 23480] No content found on attempt 1
2025-04-07 11:57:04 - [Job ID: 23480] Attempt 2: Accessing https://lagkagehuset.youngcrm.com/jobportal/11053?utm_source=youngcrm&utm_medium=notification&utm_campaign=media
2025-04-07 11:57:06 - [Job ID: 23407] Attempt 2: Accessing https://keinicke.com/ledige-stillinger/?hr=show-job/248191&locale=da_DK&sd=1Omr%C3%A5de
2025-04-07 11:57:06 - [Job ID: 23407] Attempt 2 failed: Page.goto: NS_ERROR_NET_INTERRUPT
Call log:
  - navigating to "https://keinicke.com/ledige-stillinger/?hr=show-job/248191&locale=da_DK&sd=1Omr%C3%A5de", waiting until "networkidle"

2025-04-07 11:57:09 - Updated content for job ID: 23902
2025-04-07 11:57:09 - [Job ID: 23407] Attempt 3: Accessing https://keinicke.com/ledige-stillinger/?hr=show-job/248191&locale=da_DK&sd=1Omr%C3%A5de
2025-04-07 11:57:09 - [Job ID: 23407] Attempt 3 failed: Page.goto: NS_ERROR_NET_INTERRUPT
Call log:
  - navigating to "https://keinicke.com/ledige-stillinger/?hr=show-job/248191&locale=da_DK&sd=1Omr%C3%A5de", waiting until "networkidle"

2025-04-07 11:57:09 - [Job ID: 23345] Attempt 1 failed: Page.goto: Timeout 15000ms exceeded.
Call log:
  - navigating to "https://candidate.hr-manager.net/ApplicationInit.aspx?cid=316&ProjectId=187848&DepartmentId=21682&MediaId=5", waiting until "networkidle"

2025-04-07 11:57:10 - [Job ID: 23407] All attempts failed for https://keinicke.com/ledige-stillinger/?hr=show-job/248191&locale=da_DK&sd=1Omr%C3%A5de
2025-04-07 11:57:10 - No content retrieved for job ID: 23407
2025-04-07 11:57:10 - [Job ID: 23392] Attempt 1 failed: Page.goto: Timeout 15000ms exceeded.
Call log:
  - navigating to "https://www.bo-vest.dk/om-bo-vest/job-og-karriere/jobbeskrivelse/7368-job-28577-job-5826-job-driftscenterchef-til-bo-vita/", waiting until "networkidle"

2025-04-07 11:57:10 - Error extracting HTML from frames: Page.wait_for_selector: Timeout 5000ms exceeded.
Call log:
  - waiting for locator("body") to be visible
  -     14 × locator resolved to hidden <body id="signup" class="    hasHover">…</body>

2025-04-07 11:57:10 - [Job ID: 23480] No content found on attempt 2
2025-04-07 11:57:10 - [Job ID: 23480] Attempt 3: Accessing https://lagkagehuset.youngcrm.com/jobportal/11053?utm_source=youngcrm&utm_medium=notification&utm_campaign=media
2025-04-07 11:57:11 - [Job ID: 23901] Attempt 1 failed: Page.goto: Timeout 15000ms exceeded.
Call log:
  - navigating to "https://candidate.hr-manager.net/ApplicationInit.aspx?cid=3010&ProjectId=145185&DepartmentId=19336&MediaId=4735", waiting until "networkidle"

2025-04-07 11:57:12 - [Job ID: 23347] Attempt 1 failed: Page.goto: Timeout 15000ms exceeded.
Call log:
  - navigating to "https://candidate.hr-manager.net/ApplicationInit.aspx?cid=316&ProjectId=187501&DepartmentId=9824&MediaId=5", waiting until "networkidle"

2025-04-07 11:57:13 - [Job ID: 23618] Attempt 1 failed: Page.goto: Timeout 15000ms exceeded.
Call log:
  - navigating to "https://systematic-as.contactrh.com/jobs/10895/43151965/en_GB", waiting until "networkidle"

2025-04-07 11:57:13 - [Job ID: 23345] Attempt 2: Accessing https://candidate.hr-manager.net/ApplicationInit.aspx?cid=316&ProjectId=187848&DepartmentId=21682&MediaId=5
2025-04-07 11:57:14 - [Job ID: 23392] Attempt 2: Accessing https://www.bo-vest.dk/om-bo-vest/job-og-karriere/jobbeskrivelse/7368-job-28577-job-5826-job-driftscenterchef-til-bo-vita/
2025-04-07 11:57:14 - [Job ID: 23900] Attempt 1 failed: Page.goto: Timeout 15000ms exceeded.
Call log:
  - navigating to "https://candidate.hr-manager.net/ApplicationInit.aspx?cid=3010&ProjectId=145290&DepartmentId=19303&MediaId=4735", waiting until "networkidle"

2025-04-07 11:57:14 - [Job ID: 23901] Attempt 2: Accessing https://candidate.hr-manager.net/ApplicationInit.aspx?cid=3010&ProjectId=145185&DepartmentId=19336&MediaId=4735
2025-04-07 11:57:15 - [Job ID: 23347] Attempt 2: Accessing https://candidate.hr-manager.net/ApplicationInit.aspx?cid=316&ProjectId=187501&DepartmentId=9824&MediaId=5
2025-04-07 11:57:16 - [Job ID: 23618] Attempt 2: Accessing https://systematic-as.contactrh.com/jobs/10895/43151965/en_GB
2025-04-07 11:57:17 - Error extracting HTML from frames: Page.wait_for_selector: Timeout 5000ms exceeded.
Call log:
  - waiting for locator("body") to be visible
  -     14 × locator resolved to hidden <body id="signup" class="    hasHover">…</body>

2025-04-07 11:57:17 - [Job ID: 23480] No content found on attempt 3
2025-04-07 11:57:18 - [Job ID: 23900] Attempt 2: Accessing https://candidate.hr-manager.net/ApplicationInit.aspx?cid=3010&ProjectId=145290&DepartmentId=19303&MediaId=4735
2025-04-07 11:57:28 - [Job ID: 23345] Attempt 2 failed: Page.goto: Timeout 15000ms exceeded.
Call log:
  - navigating to "https://candidate.hr-manager.net/ApplicationInit.aspx?cid=316&ProjectId=187848&DepartmentId=21682&MediaId=5", waiting until "networkidle"

2025-04-07 11:57:29 - [Job ID: 23392] Attempt 2 failed: Page.goto: Timeout 15000ms exceeded.
Call log:
  - navigating to "https://www.bo-vest.dk/om-bo-vest/job-og-karriere/jobbeskrivelse/7368-job-28577-job-5826-job-driftscenterchef-til-bo-vita/", waiting until "networkidle"

2025-04-07 11:57:30 - No content retrieved for job ID: 23480
2025-04-07 11:57:30 - Updated content for job ID: 23901
2025-04-07 11:57:30 - [Job ID: 23347] Attempt 2 failed: Page.goto: Timeout 15000ms exceeded.
Call log:
  - navigating to "https://candidate.hr-manager.net/ApplicationInit.aspx?cid=316&ProjectId=187501&DepartmentId=9824&MediaId=5", waiting until "networkidle"

2025-04-07 11:57:30 - Updated content for job ID: 23900
2025-04-07 11:57:31 - [Job ID: 23618] Attempt 2 failed: Page.goto: Timeout 15000ms exceeded.
Call log:
  - navigating to "https://systematic-as.contactrh.com/jobs/10895/43151965/en_GB", waiting until "networkidle"

2025-04-07 11:57:31 - [Job ID: 23345] Attempt 3: Accessing https://candidate.hr-manager.net/ApplicationInit.aspx?cid=316&ProjectId=187848&DepartmentId=21682&MediaId=5
2025-04-07 11:57:32 - [Job ID: 23392] Attempt 3: Accessing https://www.bo-vest.dk/om-bo-vest/job-og-karriere/jobbeskrivelse/7368-job-28577-job-5826-job-driftscenterchef-til-bo-vita/
2025-04-07 11:57:34 - [Job ID: 23347] Attempt 3: Accessing https://candidate.hr-manager.net/ApplicationInit.aspx?cid=316&ProjectId=187501&DepartmentId=9824&MediaId=5
2025-04-07 11:57:34 - [Job ID: 23618] Attempt 3: Accessing https://systematic-as.contactrh.com/jobs/10895/43151965/en_GB
2025-04-07 11:57:46 - [Job ID: 23345] Attempt 3 failed: Page.goto: Timeout 15000ms exceeded.
Call log:
  - navigating to "https://candidate.hr-manager.net/ApplicationInit.aspx?cid=316&ProjectId=187848&DepartmentId=21682&MediaId=5", waiting until "networkidle"

2025-04-07 11:57:47 - [Job ID: 23345] All attempts failed for https://candidate.hr-manager.net/ApplicationInit.aspx?cid=316&ProjectId=187848&DepartmentId=21682&MediaId=5
2025-04-07 11:57:47 - [Job ID: 23392] Attempt 3 failed: Page.goto: Timeout 15000ms exceeded.
Call log:
  - navigating to "https://www.bo-vest.dk/om-bo-vest/job-og-karriere/jobbeskrivelse/7368-job-28577-job-5826-job-driftscenterchef-til-bo-vita/", waiting until "networkidle"

2025-04-07 11:57:47 - [Job ID: 23392] All attempts failed for https://www.bo-vest.dk/om-bo-vest/job-og-karriere/jobbeskrivelse/7368-job-28577-job-5826-job-driftscenterchef-til-bo-vita/
2025-04-07 11:57:49 - [Job ID: 23347] Attempt 3 failed: Page.goto: Timeout 15000ms exceeded.
Call log:
  - navigating to "https://candidate.hr-manager.net/ApplicationInit.aspx?cid=316&ProjectId=187501&DepartmentId=9824&MediaId=5", waiting until "networkidle"

2025-04-07 11:57:49 - [Job ID: 23347] All attempts failed for https://candidate.hr-manager.net/ApplicationInit.aspx?cid=316&ProjectId=187501&DepartmentId=9824&MediaId=5
2025-04-07 11:57:49 - [Job ID: 23618] Attempt 3 failed: Page.goto: Timeout 15000ms exceeded.
Call log:
  - navigating to "https://systematic-as.contactrh.com/jobs/10895/43151965/en_GB", waiting until "networkidle"

2025-04-07 11:57:49 - [Job ID: 23618] All attempts failed for https://systematic-as.contactrh.com/jobs/10895/43151965/en_GB
2025-04-07 11:57:51 - No content retrieved for job ID: 23345
2025-04-07 11:57:51 - No content retrieved for job ID: 23392
2025-04-07 11:57:52 - No content retrieved for job ID: 23347
2025-04-07 11:57:52 - No content retrieved for job ID: 23618
2025-04-07 11:57:53 - Processing jobs 23909 to 29166
2025-04-07 11:57:54 - [Job ID: 28080] Attempt 1: Accessing https://www.jobindex.dk/jobannonce/r13090078/attraktiv-paedagogstilling-i-klub-baune
2025-04-07 11:57:55 - [Job ID: 27745] Attempt 1: Accessing https://www.elevportalen.dk/31349/aros-revision-soger-revisortrainees-til-aarhus
2025-04-07 11:57:55 - [Job ID: 28079] Attempt 1: Accessing https://www.jobindex.dk/jobannonce/r13090494/ressourceperson-til-inklusionsarbejde-paa-hummeltofteskolen
2025-04-07 11:57:56 - [Job ID: 28083] Attempt 1: Accessing https://www.jobindex.dk/jobannonce/r13089816/tilbudsleder-soeges-til-lata-stoette-og-forsorg
2025-04-07 11:57:57 - [Job ID: 29166] Attempt 1: Accessing https://candidate.hr-manager.net/ApplicationInit.aspx?cid=316&ProjectId=187860&DepartmentId=9824&MediaId=5
2025-04-07 11:57:58 - [Job ID: 28077] Attempt 1: Accessing https://www.jobindex.dk/jobannonce/r13089867/paedagogmedhjaelper-paedagogisk-assistent-til-nordlysets-vuggestue
2025-04-07 11:57:59 - [Job ID: 28090] Attempt 1: Accessing https://portal.signatur.dk/ExtJobs/DefaultHosting/JobDetails.aspx?ClientId=1519&WebAdId=137308
2025-04-07 11:58:00 - [Job ID: 28085] Attempt 1: Accessing https://www.jobindex.dk/jobannonce/r13090226/paedagog-til-boernehaven-lundkjaervej
2025-04-07 11:58:01 - Updated content for job ID: 28080
2025-04-07 11:58:01 - [Job ID: 28970] Attempt 1: Accessing https://www.guldmann.com/media/8460/supply-chain-planner-traineeforl%C3%B8b_guldmann.pdf
2025-04-07 11:58:01 - [Job ID: 23909] Attempt 1: Accessing https://candidate.hr-manager.net/ApplicationInit.aspx?cid=3010&ProjectId=145268&DepartmentId=19350&MediaId=4735
2025-04-07 11:58:02 - [Job ID: 28970] Attempt 1 failed: Page.goto: Download is starting
Call log:
  - navigating to "https://www.guldmann.com/media/8460/supply-chain-planner-traineeforl%C3%B8b_guldmann.pdf", waiting until "networkidle"

2025-04-07 11:58:02 - Updated content for job ID: 28079
2025-04-07 11:58:02 - Updated content for job ID: 28083
2025-04-07 11:58:04 - Updated content for job ID: 28077
2025-04-07 11:58:04 - Updated content for job ID: 28090
2025-04-07 11:58:05 - [Job ID: 28970] Attempt 2: Accessing https://www.guldmann.com/media/8460/supply-chain-planner-traineeforl%C3%B8b_guldmann.pdf
2025-04-07 11:58:06 - [Job ID: 28970] Attempt 2 failed: Page.goto: Download is starting
Call log:
  - navigating to "https://www.guldmann.com/media/8460/supply-chain-planner-traineeforl%C3%B8b_guldmann.pdf", waiting until "networkidle"

2025-04-07 11:58:07 - Updated content for job ID: 28085
2025-04-07 11:58:09 - [Job ID: 28970] Attempt 3: Accessing https://www.guldmann.com/media/8460/supply-chain-planner-traineeforl%C3%B8b_guldmann.pdf
2025-04-07 11:58:09 - [Job ID: 28970] Attempt 3 failed: Page.goto: Download is starting
Call log:
  - navigating to "https://www.guldmann.com/media/8460/supply-chain-planner-traineeforl%C3%B8b_guldmann.pdf", waiting until "networkidle"

2025-04-07 11:58:09 - Updated content for job ID: 23909
2025-04-07 11:58:09 - [Job ID: 28970] All attempts failed for https://www.guldmann.com/media/8460/supply-chain-planner-traineeforl%C3%B8b_guldmann.pdf
2025-04-07 11:58:09 - No content retrieved for job ID: 28970
2025-04-07 11:58:10 - [Job ID: 27745] Attempt 1 failed: Page.goto: Timeout 15000ms exceeded.
Call log:
  - navigating to "https://www.elevportalen.dk/31349/aros-revision-soger-revisortrainees-til-aarhus", waiting until "networkidle"

2025-04-07 11:58:12 - [Job ID: 29166] Attempt 1 failed: Page.goto: Timeout 15000ms exceeded.
Call log:
  - navigating to "https://candidate.hr-manager.net/ApplicationInit.aspx?cid=316&ProjectId=187860&DepartmentId=9824&MediaId=5", waiting until "networkidle"

2025-04-07 11:58:13 - [Job ID: 27745] Attempt 2: Accessing https://www.elevportalen.dk/31349/aros-revision-soger-revisortrainees-til-aarhus
2025-04-07 11:58:15 - [Job ID: 29166] Attempt 2: Accessing https://candidate.hr-manager.net/ApplicationInit.aspx?cid=316&ProjectId=187860&DepartmentId=9824&MediaId=5
2025-04-07 11:58:28 - [Job ID: 27745] Attempt 2 failed: Page.goto: Timeout 15000ms exceeded.
Call log:
  - navigating to "https://www.elevportalen.dk/31349/aros-revision-soger-revisortrainees-til-aarhus", waiting until "networkidle"

2025-04-07 11:58:30 - [Job ID: 29166] Attempt 2 failed: Page.goto: Timeout 15000ms exceeded.
Call log:
  - navigating to "https://candidate.hr-manager.net/ApplicationInit.aspx?cid=316&ProjectId=187860&DepartmentId=9824&MediaId=5", waiting until "networkidle"

2025-04-07 11:58:31 - [Job ID: 27745] Attempt 3: Accessing https://www.elevportalen.dk/31349/aros-revision-soger-revisortrainees-til-aarhus
2025-04-07 11:58:34 - [Job ID: 29166] Attempt 3: Accessing https://candidate.hr-manager.net/ApplicationInit.aspx?cid=316&ProjectId=187860&DepartmentId=9824&MediaId=5
2025-04-07 11:58:46 - [Job ID: 27745] Attempt 3 failed: Page.goto: Timeout 15000ms exceeded.
Call log:
  - navigating to "https://www.elevportalen.dk/31349/aros-revision-soger-revisortrainees-til-aarhus", waiting until "networkidle"

2025-04-07 11:58:46 - [Job ID: 27745] All attempts failed for https://www.elevportalen.dk/31349/aros-revision-soger-revisortrainees-til-aarhus
2025-04-07 11:58:47 - No content retrieved for job ID: 27745
2025-04-07 11:58:49 - [Job ID: 29166] Attempt 3 failed: Page.goto: Timeout 15000ms exceeded.
Call log:
  - navigating to "https://candidate.hr-manager.net/ApplicationInit.aspx?cid=316&ProjectId=187860&DepartmentId=9824&MediaId=5", waiting until "networkidle"

2025-04-07 11:58:49 - [Job ID: 29166] All attempts failed for https://candidate.hr-manager.net/ApplicationInit.aspx?cid=316&ProjectId=187860&DepartmentId=9824&MediaId=5
2025-04-07 11:58:49 - No content retrieved for job ID: 29166
2025-04-07 11:58:50 - Processing jobs 29388 to 30364
2025-04-07 11:58:52 - [Job ID: 30107] Attempt 1: Accessing https://www.jobindex.dk/img/pdf/opstillere_holdaand_vaekstvirksomhed_danpres_20250304.pdf
2025-04-07 11:58:52 - [Job ID: 30208] Attempt 1: Accessing https://egay.fa.us6.oraclecloud.com/hcmUI/CandidateExperience/en/sites/CX_1/job/33090/?sns_id=jobindex
2025-04-07 11:58:52 - [Job ID: 30107] Attempt 1 failed: Page.goto: Download is starting
Call log:
  - navigating to "https://www.jobindex.dk/img/pdf/opstillere_holdaand_vaekstvirksomhed_danpres_20250304.pdf", waiting until "networkidle"

2025-04-07 11:58:53 - [Job ID: 30211] Attempt 1: Accessing https://novozymes.wd103.myworkdayjobs.com/da-DK/Novozymes_Careers/job/Bagsvrd/Laborant-til-Quality-Control-i-Bagsvrd_JR105099
2025-04-07 11:58:53 - [Job ID: 29640] Attempt 1: Accessing https://ilva.youngcrm.com/jobportal/11029
2025-04-07 11:58:54 - [Job ID: 30205] Attempt 1: Accessing https://egay.fa.us6.oraclecloud.com/hcmUI/CandidateExperience/en/sites/CX_1/job/32460/?sns_id=jobindex
2025-04-07 11:58:54 - [Job ID: 29693] Attempt 1: Accessing https://www.jobindex.dk/img/pdf/word-stillingsopslag-klippen.pdf
2025-04-07 11:58:55 - [Job ID: 29693] Attempt 1 failed: Page.goto: Download is starting
Call log:
  - navigating to "https://www.jobindex.dk/img/pdf/word-stillingsopslag-klippen.pdf", waiting until "networkidle"

2025-04-07 11:58:55 - [Job ID: 29390] Attempt 1: Accessing https://ilva.youngcrm.com/jobportal/11166
2025-04-07 11:58:55 - [Job ID: 30107] Attempt 2: Accessing https://www.jobindex.dk/img/pdf/opstillere_holdaand_vaekstvirksomhed_danpres_20250304.pdf
2025-04-07 11:58:56 - [Job ID: 30107] Attempt 2 failed: Page.goto: Download is starting
Call log:
  - navigating to "https://www.jobindex.dk/img/pdf/opstillere_holdaand_vaekstvirksomhed_danpres_20250304.pdf", waiting until "networkidle"

2025-04-07 11:58:56 - [Job ID: 30116] Attempt 1: Accessing https://www.jobindex.dk/img/pdf/202503_internsalgsmedarbejder_maribo.pdf
2025-04-07 11:58:56 - [Job ID: 30116] Attempt 1 failed: Page.goto: Download is starting
Call log:
  - navigating to "https://www.jobindex.dk/img/pdf/202503_internsalgsmedarbejder_maribo.pdf", waiting until "networkidle"

2025-04-07 11:58:57 - [Job ID: 30364] Attempt 1: Accessing https://candidate.hr-manager.net/ApplicationInit.aspx?cid=198&ProjectId=232149&DepartmentId=21909&MediaId=2897
2025-04-07 11:58:57 - Updated content for job ID: 30211
2025-04-07 11:58:57 - [Job ID: 29388] Attempt 1: Accessing https://stark.wd3.myworkdayjobs.com/STARK-Denmark/job/Lemvig/Slger-til-Butiksteamet---STARK-Lemvig_JR27634
2025-04-07 11:58:58 - [Job ID: 29693] Attempt 2: Accessing https://www.jobindex.dk/img/pdf/word-stillingsopslag-klippen.pdf
2025-04-07 11:58:58 - [Job ID: 29693] Attempt 2 failed: Page.goto: Download is starting
Call log:
  - navigating to "https://www.jobindex.dk/img/pdf/word-stillingsopslag-klippen.pdf", waiting until "networkidle"

2025-04-07 11:58:59 - [Job ID: 30107] Attempt 3: Accessing https://www.jobindex.dk/img/pdf/opstillere_holdaand_vaekstvirksomhed_danpres_20250304.pdf
2025-04-07 11:58:59 - [Job ID: 30107] Attempt 3 failed: Page.goto: Download is starting
Call log:
  - navigating to "https://www.jobindex.dk/img/pdf/opstillere_holdaand_vaekstvirksomhed_danpres_20250304.pdf", waiting until "networkidle"

2025-04-07 11:58:59 - [Job ID: 30107] All attempts failed for https://www.jobindex.dk/img/pdf/opstillere_holdaand_vaekstvirksomhed_danpres_20250304.pdf
2025-04-07 11:59:00 - [Job ID: 30116] Attempt 2: Accessing https://www.jobindex.dk/img/pdf/202503_internsalgsmedarbejder_maribo.pdf
2025-04-07 11:59:00 - [Job ID: 30116] Attempt 2 failed: Page.goto: Download is starting
Call log:
  - navigating to "https://www.jobindex.dk/img/pdf/202503_internsalgsmedarbejder_maribo.pdf", waiting until "networkidle"

2025-04-07 11:59:00 - No content retrieved for job ID: 30107
2025-04-07 11:59:02 - Error extracting HTML from frames: Page.wait_for_selector: Timeout 5000ms exceeded.
Call log:
  - waiting for locator("body") to be visible
  -     14 × locator resolved to hidden <body id="signup" class="    hasHover">…</body>

2025-04-07 11:59:02 - [Job ID: 29640] No content found on attempt 1
2025-04-07 11:59:02 - [Job ID: 29640] Attempt 2: Accessing https://ilva.youngcrm.com/jobportal/11029
2025-04-07 11:59:02 - [Job ID: 29693] Attempt 3: Accessing https://www.jobindex.dk/img/pdf/word-stillingsopslag-klippen.pdf
2025-04-07 11:59:02 - [Job ID: 29693] Attempt 3 failed: Page.goto: Download is starting
Call log:
  - navigating to "https://www.jobindex.dk/img/pdf/word-stillingsopslag-klippen.pdf", waiting until "networkidle"

2025-04-07 11:59:02 - [Job ID: 29693] All attempts failed for https://www.jobindex.dk/img/pdf/word-stillingsopslag-klippen.pdf
2025-04-07 11:59:03 - Updated content for job ID: 29388
2025-04-07 11:59:03 - No content retrieved for job ID: 29693
2025-04-07 11:59:03 - Updated content for job ID: 30205
2025-04-07 11:59:03 - Updated content for job ID: 30208
2025-04-07 11:59:03 - [Job ID: 30116] Attempt 3: Accessing https://www.jobindex.dk/img/pdf/202503_internsalgsmedarbejder_maribo.pdf
2025-04-07 11:59:03 - [Job ID: 30116] Attempt 3 failed: Page.goto: Download is starting
Call log:
  - navigating to "https://www.jobindex.dk/img/pdf/202503_internsalgsmedarbejder_maribo.pdf", waiting until "networkidle"

2025-04-07 11:59:03 - [Job ID: 30116] All attempts failed for https://www.jobindex.dk/img/pdf/202503_internsalgsmedarbejder_maribo.pdf
2025-04-07 11:59:04 - No content retrieved for job ID: 30116
2025-04-07 11:59:07 - Error extracting HTML from frames: Page.wait_for_selector: Timeout 5000ms exceeded.
Call log:
  - waiting for locator("body") to be visible
  -     14 × locator resolved to hidden <body id="signup" class="    hasHover">…</body>

2025-04-07 11:59:07 - [Job ID: 29390] No content found on attempt 1
2025-04-07 11:59:07 - [Job ID: 29390] Attempt 2: Accessing https://ilva.youngcrm.com/jobportal/11166
2025-04-07 11:59:08 - Error extracting HTML from frames: Page.wait_for_selector: Timeout 5000ms exceeded.
Call log:
  - waiting for locator("body") to be visible
  -     15 × locator resolved to hidden <body id="signup" class="    hasHover">…</body>

2025-04-07 11:59:08 - [Job ID: 29640] No content found on attempt 2
2025-04-07 11:59:08 - [Job ID: 29640] Attempt 3: Accessing https://ilva.youngcrm.com/jobportal/11029
2025-04-07 11:59:09 - Updated content for job ID: 30364
2025-04-07 11:59:13 - Error extracting HTML from frames: Page.wait_for_selector: Timeout 5000ms exceeded.
Call log:
  - waiting for locator("body") to be visible
  -     14 × locator resolved to hidden <body id="signup" class="    hasHover">…</body>

2025-04-07 11:59:13 - [Job ID: 29390] No content found on attempt 2
2025-04-07 11:59:13 - [Job ID: 29390] Attempt 3: Accessing https://ilva.youngcrm.com/jobportal/11166
2025-04-07 11:59:15 - Error extracting HTML from frames: Page.wait_for_selector: Timeout 5000ms exceeded.
Call log:
  - waiting for locator("body") to be visible
  -     15 × locator resolved to hidden <body id="signup" class="    hasHover">…</body>

2025-04-07 11:59:15 - [Job ID: 29640] No content found on attempt 3
2025-04-07 11:59:15 - No content retrieved for job ID: 29640
2025-04-07 11:59:19 - Error extracting HTML from frames: Page.wait_for_selector: Timeout 5000ms exceeded.
Call log:
  - waiting for locator("body") to be visible
  -     15 × locator resolved to hidden <body id="signup" class="    hasHover">…</body>

2025-04-07 11:59:19 - [Job ID: 29390] No content found on attempt 3
2025-04-07 11:59:20 - No content retrieved for job ID: 29390
2025-04-07 11:59:21 - Processing jobs 30499 to 32002
2025-04-07 11:59:22 - [Job ID: 30541] Attempt 1: Accessing https://www.jobindex.dk/img/pdf/proaktiv_kvalitetskoordinator_metalindustrien_danpres_20250403.pdf
2025-04-07 11:59:23 - [Job ID: 30541] Attempt 1 failed: Page.goto: Download is starting
Call log:
  - navigating to "https://www.jobindex.dk/img/pdf/proaktiv_kvalitetskoordinator_metalindustrien_danpres_20250403.pdf", waiting until "networkidle"

2025-04-07 11:59:23 - [Job ID: 30713] Attempt 1: Accessing https://candidate.hr-manager.net/ApplicationInit.aspx?cid=316&ProjectId=187846&DepartmentId=21678&MediaId=5
2025-04-07 11:59:24 - [Job ID: 30546] Attempt 1: Accessing https://sandvik.wd3.myworkdayjobs.com/sv-SE/coromant-jobs/job/Denmark-Albertslund/Applikationsspecialist_R0077013-1
2025-04-07 11:59:24 - [Job ID: 32002] Attempt 1: Accessing https://www.jobindex.dk/img/pdf/it-medarbejder-til-skanol-april-2025.pdf
2025-04-07 11:59:25 - [Job ID: 32002] Attempt 1 failed: Page.goto: Download is starting
Call log:
  - navigating to "https://www.jobindex.dk/img/pdf/it-medarbejder-til-skanol-april-2025.pdf", waiting until "networkidle"

2025-04-07 11:59:25 - [Job ID: 30573] Attempt 1: Accessing https://gn.wd3.myworkdayjobs.com/GN-Careers/job/Ballerup/Product-Quality-Manager-for-Technologically-Advanced-Medical-Devices--Global-Quality_R25079-1
2025-04-07 11:59:25 - [Job ID: 30542] Attempt 1: Accessing https://egay.fa.us6.oraclecloud.com/hcmUI/CandidateExperience/en/sites/CX_1/job/34419/?sns_id=jobindex
2025-04-07 11:59:26 - [Job ID: 31997] Attempt 1: Accessing https://www.aplitrak.com/?adid=SUFNLjU2NjA4LjIwNzRAbm92b3p5bWVzd2QuYXBsaXRyYWsuY29t
2025-04-07 11:59:26 - [Job ID: 30541] Attempt 2: Accessing https://www.jobindex.dk/img/pdf/proaktiv_kvalitetskoordinator_metalindustrien_danpres_20250403.pdf
2025-04-07 11:59:26 - [Job ID: 30541] Attempt 2 failed: Page.goto: Download is starting
Call log:
  - navigating to "https://www.jobindex.dk/img/pdf/proaktiv_kvalitetskoordinator_metalindustrien_danpres_20250403.pdf", waiting until "networkidle"

2025-04-07 11:59:27 - [Job ID: 30574] Attempt 1: Accessing https://lagkagehuset.youngcrm.com/jobportal/11163
2025-04-07 11:59:27 - [Job ID: 30499] Attempt 1: Accessing https://www.jobindex.dk/jobannonce/h1545328/global-head-of-platform-r-d
2025-04-07 11:59:28 - [Job ID: 32002] Attempt 2: Accessing https://www.jobindex.dk/img/pdf/it-medarbejder-til-skanol-april-2025.pdf
2025-04-07 11:59:28 - [Job ID: 32002] Attempt 2 failed: Page.goto: Download is starting
Call log:
  - navigating to "https://www.jobindex.dk/img/pdf/it-medarbejder-til-skanol-april-2025.pdf", waiting until "networkidle"

2025-04-07 11:59:28 - [Job ID: 30539] Attempt 1: Accessing https://Evida.career.emply.com/ad/sikringsansvarlig-hos-evida-vaer-med-til-at-beskytte-danmarks-kritiske-infrastru/3t7pft/da
2025-04-07 11:59:28 - Updated content for job ID: 30546
2025-04-07 11:59:30 - [Job ID: 30541] Attempt 3: Accessing https://www.jobindex.dk/img/pdf/proaktiv_kvalitetskoordinator_metalindustrien_danpres_20250403.pdf
2025-04-07 11:59:30 - [Job ID: 30541] Attempt 3 failed: Page.goto: Download is starting
Call log:
  - navigating to "https://www.jobindex.dk/img/pdf/proaktiv_kvalitetskoordinator_metalindustrien_danpres_20250403.pdf", waiting until "networkidle"

2025-04-07 11:59:30 - [Job ID: 30541] All attempts failed for https://www.jobindex.dk/img/pdf/proaktiv_kvalitetskoordinator_metalindustrien_danpres_20250403.pdf
2025-04-07 11:59:31 - No content retrieved for job ID: 30541
2025-04-07 11:59:31 - [Job ID: 32002] Attempt 3: Accessing https://www.jobindex.dk/img/pdf/it-medarbejder-til-skanol-april-2025.pdf
2025-04-07 11:59:31 - Updated content for job ID: 31997
2025-04-07 11:59:32 - [Job ID: 32002] Attempt 3 failed: Page.goto: Download is starting
Call log:
  - navigating to "https://www.jobindex.dk/img/pdf/it-medarbejder-til-skanol-april-2025.pdf", waiting until "networkidle"

2025-04-07 11:59:32 - [Job ID: 32002] All attempts failed for https://www.jobindex.dk/img/pdf/it-medarbejder-til-skanol-april-2025.pdf
2025-04-07 11:59:32 - No content retrieved for job ID: 32002
2025-04-07 11:59:35 - Updated content for job ID: 30539
2025-04-07 11:59:35 - Updated content for job ID: 30542
2025-04-07 11:59:38 - [Job ID: 30713] Attempt 1 failed: Page.goto: Timeout 15000ms exceeded.
Call log:
  - navigating to "https://candidate.hr-manager.net/ApplicationInit.aspx?cid=316&ProjectId=187846&DepartmentId=21678&MediaId=5", waiting until "networkidle"

2025-04-07 11:59:39 - Error extracting HTML from frames: Page.wait_for_selector: Timeout 5000ms exceeded.
Call log:
  - waiting for locator("body") to be visible
  -     14 × locator resolved to hidden <body id="signup" class="    hasHover">…</body>

2025-04-07 11:59:39 - [Job ID: 30574] No content found on attempt 1
2025-04-07 11:59:39 - [Job ID: 30574] Attempt 2: Accessing https://lagkagehuset.youngcrm.com/jobportal/11163
2025-04-07 11:59:40 - [Job ID: 30573] Attempt 1 failed: Page.goto: Timeout 15000ms exceeded.
Call log:
  - navigating to "https://gn.wd3.myworkdayjobs.com/GN-Careers/job/Ballerup/Product-Quality-Manager-for-Technologically-Advanced-Medical-Devices--Global-Quality_R25079-1", waiting until "networkidle"

2025-04-07 11:59:41 - [Job ID: 30713] Attempt 2: Accessing https://candidate.hr-manager.net/ApplicationInit.aspx?cid=316&ProjectId=187846&DepartmentId=21678&MediaId=5
2025-04-07 11:59:42 - [Job ID: 30499] Attempt 1 failed: Page.goto: Timeout 15000ms exceeded.
Call log:
  - navigating to "https://www.jobindex.dk/jobannonce/h1545328/global-head-of-platform-r-d", waiting until "networkidle"

2025-04-07 11:59:43 - [Job ID: 30573] Attempt 2: Accessing https://gn.wd3.myworkdayjobs.com/GN-Careers/job/Ballerup/Product-Quality-Manager-for-Technologically-Advanced-Medical-Devices--Global-Quality_R25079-1
2025-04-07 11:59:45 - Error extracting HTML from frames: Page.wait_for_selector: Timeout 5000ms exceeded.
Call log:
  - waiting for locator("body") to be visible
  -     14 × locator resolved to hidden <body id="signup" class="    hasHover">…</body>

2025-04-07 11:59:45 - [Job ID: 30574] No content found on attempt 2
2025-04-07 11:59:45 - [Job ID: 30574] Attempt 3: Accessing https://lagkagehuset.youngcrm.com/jobportal/11163
2025-04-07 11:59:46 - [Job ID: 30499] Attempt 2: Accessing https://www.jobindex.dk/jobannonce/h1545328/global-head-of-platform-r-d
2025-04-07 11:59:49 - Updated content for job ID: 30573
2025-04-07 11:59:51 - Error extracting HTML from frames: Page.wait_for_selector: Timeout 5000ms exceeded.
Call log:
  - waiting for locator("body") to be visible
  -     14 × locator resolved to hidden <body id="signup" class="    hasHover">…</body>

2025-04-07 11:59:51 - [Job ID: 30574] No content found on attempt 3
2025-04-07 11:59:52 - No content retrieved for job ID: 30574
2025-04-07 11:59:56 - [Job ID: 30713] Attempt 2 failed: Page.goto: Timeout 15000ms exceeded.
Call log:
  - navigating to "https://candidate.hr-manager.net/ApplicationInit.aspx?cid=316&ProjectId=187846&DepartmentId=21678&MediaId=5", waiting until "networkidle"

2025-04-07 11:59:59 - [Job ID: 30713] Attempt 3: Accessing https://candidate.hr-manager.net/ApplicationInit.aspx?cid=316&ProjectId=187846&DepartmentId=21678&MediaId=5
2025-04-07 12:00:01 - [Job ID: 30499] Attempt 2 failed: Page.goto: Timeout 15000ms exceeded.
Call log:
  - navigating to "https://www.jobindex.dk/jobannonce/h1545328/global-head-of-platform-r-d", waiting until "networkidle"

2025-04-07 12:00:04 - [Job ID: 30499] Attempt 3: Accessing https://www.jobindex.dk/jobannonce/h1545328/global-head-of-platform-r-d
2025-04-07 12:00:14 - [Job ID: 30713] Attempt 3 failed: Page.goto: Timeout 15000ms exceeded.
Call log:
  - navigating to "https://candidate.hr-manager.net/ApplicationInit.aspx?cid=316&ProjectId=187846&DepartmentId=21678&MediaId=5", waiting until "networkidle"

2025-04-07 12:00:15 - [Job ID: 30713] All attempts failed for https://candidate.hr-manager.net/ApplicationInit.aspx?cid=316&ProjectId=187846&DepartmentId=21678&MediaId=5
2025-04-07 12:00:15 - No content retrieved for job ID: 30713
2025-04-07 12:00:19 - [Job ID: 30499] Attempt 3 failed: Page.goto: Timeout 15000ms exceeded.
Call log:
  - navigating to "https://www.jobindex.dk/jobannonce/h1545328/global-head-of-platform-r-d", waiting until "networkidle"

2025-04-07 12:00:19 - [Job ID: 30499] All attempts failed for https://www.jobindex.dk/jobannonce/h1545328/global-head-of-platform-r-d
2025-04-07 12:00:20 - No content retrieved for job ID: 30499
2025-04-07 12:00:21 - Processing jobs 32130 to 33023
2025-04-07 12:00:22 - [Job ID: 32682] Attempt 1: Accessing https://lagkagehuset.youngcrm.com/jobportal/11170?utm_source=youngcrm&utm_medium=notification&utm_campaign=media
2025-04-07 12:00:23 - [Job ID: 32683] Attempt 1: Accessing https://lagkagehuset.youngcrm.com/jobportal/11171?utm_source=youngcrm&utm_medium=notification&utm_campaign=media
2025-04-07 12:00:23 - [Job ID: 33023] Attempt 1: Accessing https://bestseller-as.contactrh.com/jobs/10895/43292383/en_GB
2025-04-07 12:00:24 - [Job ID: 32337] Attempt 1: Accessing https://portal.signatur.dk/ExtJobs/DefaultHosting/JobDetails.aspx?ClientId=2327&WebAdId=137343
2025-04-07 12:00:25 - [Job ID: 32130] Attempt 1: Accessing https://lagkagehuset.youngcrm.com/jobportal/11173?utm_source=youngcrm&utm_medium=notification&utm_campaign=media
2025-04-07 12:00:25 - [Job ID: 32135] Attempt 1: Accessing https://www.jobindex.dk/jobannonce/h1554107/senior-people-partner
2025-04-07 12:00:26 - [Job ID: 32365] Attempt 1: Accessing https://www.jobindex.dk/img/pdf/tv2_nordkontorelev.pdf
2025-04-07 12:00:27 - [Job ID: 32365] Attempt 1 failed: Page.goto: Download is starting
Call log:
  - navigating to "https://www.jobindex.dk/img/pdf/tv2_nordkontorelev.pdf", waiting until "networkidle"

2025-04-07 12:00:27 - [Job ID: 32131] Attempt 1: Accessing https://lagkagehuset.youngcrm.com/jobportal/11174?utm_source=youngcrm&utm_medium=notification&utm_campaign=media
2025-04-07 12:00:28 - [Job ID: 32664] Attempt 1: Accessing https://wattswater.wd5.myworkdayjobs.com/External/job/Vildbjerg-Denmark/Hos-BLCHER-sger-vi-en-Senior-Finance-Accountant_10014567
2025-04-07 12:00:28 - [Job ID: 32695] Attempt 1: Accessing https://www.bo-vest.dk/om-bo-vest/job-og-karriere/jobbeskrivelse/7368-job-28577-job-5833-job-erfaren-oekonomikonsulent-til-bo-vest/
2025-04-07 12:00:30 - [Job ID: 32365] Attempt 2: Accessing https://www.jobindex.dk/img/pdf/tv2_nordkontorelev.pdf
2025-04-07 12:00:30 - [Job ID: 32365] Attempt 2 failed: Page.goto: Download is starting
Call log:
  - navigating to "https://www.jobindex.dk/img/pdf/tv2_nordkontorelev.pdf", waiting until "networkidle"

2025-04-07 12:00:31 - Error extracting HTML from frames: Page.wait_for_selector: Timeout 5000ms exceeded.
Call log:
  - waiting for locator("body") to be visible
  -     14 × locator resolved to hidden <body id="signup" class="    hasHover">…</body>

2025-04-07 12:00:31 - [Job ID: 32682] No content found on attempt 1
2025-04-07 12:00:31 - [Job ID: 32682] Attempt 2: Accessing https://lagkagehuset.youngcrm.com/jobportal/11170?utm_source=youngcrm&utm_medium=notification&utm_campaign=media
2025-04-07 12:00:32 - Error extracting HTML from frames: Page.wait_for_selector: Timeout 5000ms exceeded.
Call log:
  - waiting for locator("body") to be visible
  -     14 × locator resolved to hidden <body id="signup" class="    hasHover">…</body>

2025-04-07 12:00:32 - [Job ID: 32683] No content found on attempt 1
2025-04-07 12:00:32 - [Job ID: 32683] Attempt 2: Accessing https://lagkagehuset.youngcrm.com/jobportal/11171?utm_source=youngcrm&utm_medium=notification&utm_campaign=media
2025-04-07 12:00:33 - [Job ID: 32365] Attempt 3: Accessing https://www.jobindex.dk/img/pdf/tv2_nordkontorelev.pdf
2025-04-07 12:00:33 - [Job ID: 32365] Attempt 3 failed: Page.goto: Download is starting
Call log:
  - navigating to "https://www.jobindex.dk/img/pdf/tv2_nordkontorelev.pdf", waiting until "networkidle"

2025-04-07 12:00:34 - [Job ID: 32365] All attempts failed for https://www.jobindex.dk/img/pdf/tv2_nordkontorelev.pdf
2025-04-07 12:00:34 - No content retrieved for job ID: 32365
2025-04-07 12:00:38 - Updated content for job ID: 32337
2025-04-07 12:00:38 - Error extracting HTML from frames: Page.wait_for_selector: Timeout 5000ms exceeded.
Call log:
  - waiting for locator("body") to be visible
  -     14 × locator resolved to hidden <body id="signup" class="    hasHover">…</body>

2025-04-07 12:00:38 - [Job ID: 32682] No content found on attempt 2
2025-04-07 12:00:38 - [Job ID: 32682] Attempt 3: Accessing https://lagkagehuset.youngcrm.com/jobportal/11170?utm_source=youngcrm&utm_medium=notification&utm_campaign=media
2025-04-07 12:00:38 - [Job ID: 33023] Attempt 1 failed: Page.goto: Timeout 15000ms exceeded.
Call log:
  - navigating to "https://bestseller-as.contactrh.com/jobs/10895/43292383/en_GB", waiting until "networkidle"

2025-04-07 12:00:39 - Error extracting HTML from frames: Page.wait_for_selector: Timeout 5000ms exceeded.
Call log:
  - waiting for locator("body") to be visible
  -     14 × locator resolved to hidden <body id="signup" class="    hasHover">…</body>

2025-04-07 12:00:39 - [Job ID: 32683] No content found on attempt 2
2025-04-07 12:00:39 - [Job ID: 32683] Attempt 3: Accessing https://lagkagehuset.youngcrm.com/jobportal/11171?utm_source=youngcrm&utm_medium=notification&utm_campaign=media
2025-04-07 12:00:40 - Error extracting HTML from frames: Page.wait_for_selector: Timeout 5000ms exceeded.
Call log:
  - waiting for locator("body") to be visible
  -     14 × locator resolved to hidden <body id="signup" class="    hasHover">…</body>

2025-04-07 12:00:40 - [Job ID: 32131] No content found on attempt 1
2025-04-07 12:00:40 - [Job ID: 32131] Attempt 2: Accessing https://lagkagehuset.youngcrm.com/jobportal/11174?utm_source=youngcrm&utm_medium=notification&utm_campaign=media
2025-04-07 12:00:40 - [Job ID: 32135] Attempt 1 failed: Page.goto: Timeout 15000ms exceeded.
Call log:
  - navigating to "https://www.jobindex.dk/jobannonce/h1554107/senior-people-partner", waiting until "networkidle"

2025-04-07 12:00:42 - [Job ID: 33023] Attempt 2: Accessing https://bestseller-as.contactrh.com/jobs/10895/43292383/en_GB
2025-04-07 12:00:42 - Error extracting HTML from frames: Page.wait_for_selector: Timeout 5000ms exceeded.
Call log:
  - waiting for locator("body") to be visible
  -     14 × locator resolved to hidden <body id="signup" class="    hasHover">…</body>

2025-04-07 12:00:42 - [Job ID: 32130] No content found on attempt 1
2025-04-07 12:00:42 - [Job ID: 32130] Attempt 2: Accessing https://lagkagehuset.youngcrm.com/jobportal/11173?utm_source=youngcrm&utm_medium=notification&utm_campaign=media
2025-04-07 12:00:43 - [Job ID: 32695] Attempt 1 failed: Page.goto: Timeout 15000ms exceeded.
Call log:
  - navigating to "https://www.bo-vest.dk/om-bo-vest/job-og-karriere/jobbeskrivelse/7368-job-28577-job-5833-job-erfaren-oekonomikonsulent-til-bo-vest/", waiting until "networkidle"

2025-04-07 12:00:44 - [Job ID: 32135] Attempt 2: Accessing https://www.jobindex.dk/jobannonce/h1554107/senior-people-partner
2025-04-07 12:00:45 - Error extracting HTML from frames: Page.wait_for_selector: Timeout 5000ms exceeded.
Call log:
  - waiting for locator("body") to be visible
  -     14 × locator resolved to hidden <body id="signup" class="    hasHover">…</body>

2025-04-07 12:00:45 - [Job ID: 32682] No content found on attempt 3
2025-04-07 12:00:46 - Error extracting HTML from frames: Page.wait_for_selector: Timeout 5000ms exceeded.
Call log:
  - waiting for locator("body") to be visible
  -     14 × locator resolved to hidden <body id="signup" class="    hasHover">…</body>

2025-04-07 12:00:46 - [Job ID: 32683] No content found on attempt 3
2025-04-07 12:00:47 - Error extracting HTML from frames: Page.wait_for_selector: Timeout 5000ms exceeded.
Call log:
  - waiting for locator("body") to be visible
  -     14 × locator resolved to hidden <body id="signup" class="    hasHover">…</body>

2025-04-07 12:00:47 - [Job ID: 32131] No content found on attempt 2
2025-04-07 12:00:47 - [Job ID: 32131] Attempt 3: Accessing https://lagkagehuset.youngcrm.com/jobportal/11174?utm_source=youngcrm&utm_medium=notification&utm_campaign=media
2025-04-07 12:00:47 - [Job ID: 32695] Attempt 2: Accessing https://www.bo-vest.dk/om-bo-vest/job-og-karriere/jobbeskrivelse/7368-job-28577-job-5833-job-erfaren-oekonomikonsulent-til-bo-vest/
2025-04-07 12:00:50 - Error extracting HTML from frames: Page.wait_for_selector: Timeout 5000ms exceeded.
Call log:
  - waiting for locator("body") to be visible
  -     14 × locator resolved to hidden <body id="signup" class="    hasHover">…</body>

2025-04-07 12:00:50 - [Job ID: 32130] No content found on attempt 2
2025-04-07 12:00:50 - [Job ID: 32130] Attempt 3: Accessing https://lagkagehuset.youngcrm.com/jobportal/11173?utm_source=youngcrm&utm_medium=notification&utm_campaign=media
2025-04-07 12:00:53 - Error extracting HTML from frames: Page.wait_for_selector: Timeout 5000ms exceeded.
Call log:
  - waiting for locator("body") to be visible
  -     14 × locator resolved to hidden <body id="signup" class="    hasHover">…</body>

2025-04-07 12:00:53 - [Job ID: 32131] No content found on attempt 3
2025-04-07 12:00:57 - Error extracting HTML from frames: Page.wait_for_selector: Timeout 5000ms exceeded.
Call log:
  - waiting for locator("body") to be visible
  -     14 × locator resolved to hidden <body id="signup" class="    hasHover">…</body>

2025-04-07 12:00:57 - [Job ID: 32130] No content found on attempt 3
2025-04-07 12:00:57 - [Job ID: 33023] Attempt 2 failed: Page.goto: Timeout 15000ms exceeded.
Call log:
  - navigating to "https://bestseller-as.contactrh.com/jobs/10895/43292383/en_GB", waiting until "networkidle"

2025-04-07 12:00:58 - Updated content for job ID: 32664
2025-04-07 12:00:58 - No content retrieved for job ID: 32683
2025-04-07 12:00:58 - No content retrieved for job ID: 32682
2025-04-07 12:00:58 - No content retrieved for job ID: 32130
2025-04-07 12:00:58 - No content retrieved for job ID: 32131
2025-04-07 12:00:59 - [Job ID: 32135] Attempt 2 failed: Page.goto: Timeout 15000ms exceeded.
Call log:
  - navigating to "https://www.jobindex.dk/jobannonce/h1554107/senior-people-partner", waiting until "networkidle"

2025-04-07 12:01:00 - [Job ID: 33023] Attempt 3: Accessing https://bestseller-as.contactrh.com/jobs/10895/43292383/en_GB
2025-04-07 12:01:02 - [Job ID: 32695] Attempt 2 failed: Page.goto: Timeout 15000ms exceeded.
Call log:
  - navigating to "https://www.bo-vest.dk/om-bo-vest/job-og-karriere/jobbeskrivelse/7368-job-28577-job-5833-job-erfaren-oekonomikonsulent-til-bo-vest/", waiting until "networkidle"

2025-04-07 12:01:03 - [Job ID: 32135] Attempt 3: Accessing https://www.jobindex.dk/jobannonce/h1554107/senior-people-partner
2025-04-07 12:01:05 - [Job ID: 32695] Attempt 3: Accessing https://www.bo-vest.dk/om-bo-vest/job-og-karriere/jobbeskrivelse/7368-job-28577-job-5833-job-erfaren-oekonomikonsulent-til-bo-vest/
2025-04-07 12:01:15 - [Job ID: 33023] Attempt 3 failed: Page.goto: Timeout 15000ms exceeded.
Call log:
  - navigating to "https://bestseller-as.contactrh.com/jobs/10895/43292383/en_GB", waiting until "networkidle"

2025-04-07 12:01:15 - [Job ID: 33023] All attempts failed for https://bestseller-as.contactrh.com/jobs/10895/43292383/en_GB
2025-04-07 12:01:16 - No content retrieved for job ID: 33023
2025-04-07 12:01:18 - [Job ID: 32135] Attempt 3 failed: Page.goto: Timeout 15000ms exceeded.
Call log:
  - navigating to "https://www.jobindex.dk/jobannonce/h1554107/senior-people-partner", waiting until "networkidle"

2025-04-07 12:01:19 - [Job ID: 32135] All attempts failed for https://www.jobindex.dk/jobannonce/h1554107/senior-people-partner
2025-04-07 12:01:19 - No content retrieved for job ID: 32135
2025-04-07 12:01:20 - [Job ID: 32695] Attempt 3 failed: Page.goto: Timeout 15000ms exceeded.
Call log:
  - navigating to "https://www.bo-vest.dk/om-bo-vest/job-og-karriere/jobbeskrivelse/7368-job-28577-job-5833-job-erfaren-oekonomikonsulent-til-bo-vest/", waiting until "networkidle"

2025-04-07 12:01:20 - [Job ID: 32695] All attempts failed for https://www.bo-vest.dk/om-bo-vest/job-og-karriere/jobbeskrivelse/7368-job-28577-job-5833-job-erfaren-oekonomikonsulent-til-bo-vest/
2025-04-07 12:01:21 - No content retrieved for job ID: 32695
2025-04-07 12:01:22 - Processing jobs 33045 to 33677
2025-04-07 12:01:23 - [Job ID: 33342] Attempt 1: Accessing https://www.jobindex.dk/img/pdf/warehousecoordinator02042025.pdf
2025-04-07 12:01:24 - [Job ID: 33342] Attempt 1 failed: Page.goto: Download is starting
Call log:
  - navigating to "https://www.jobindex.dk/img/pdf/warehousecoordinator02042025.pdf", waiting until "networkidle"

2025-04-07 12:01:24 - [Job ID: 33676] Attempt 1: Accessing https://www.jobindex.dk/img/pdf/jobopslag_fotografer_2025_kontrafej.pdf
2025-04-07 12:01:24 - [Job ID: 33676] Attempt 1 failed: Page.goto: Download is starting
Call log:
  - navigating to "https://www.jobindex.dk/img/pdf/jobopslag_fotografer_2025_kontrafej.pdf", waiting until "networkidle"

2025-04-07 12:01:25 - [Job ID: 33130] Attempt 1: Accessing https://home.hr-skyen.dk/show-job/251923
2025-04-07 12:01:25 - [Job ID: 33610] Attempt 1: Accessing https://fujifilmdiosynth.wd3.myworkdayjobs.com/External/job/Hillerod/Student-assistant-in-Process-Science_JR4273
2025-04-07 12:01:25 - [Job ID: 33222] Attempt 1: Accessing https://candidate.hr-manager.net/ApplicationInit.aspx?cid=198&ProjectId=232171&DepartmentId=21897&MediaId=2897
2025-04-07 12:01:26 - [Job ID: 33045] Attempt 1: Accessing https://www.jobindex.dk/img/pdf/purchaser_houno_0425.pdf
2025-04-07 12:01:27 - [Job ID: 33045] Attempt 1 failed: Page.goto: Download is starting
Call log:
  - navigating to "https://www.jobindex.dk/img/pdf/purchaser_houno_0425.pdf", waiting until "networkidle"

2025-04-07 12:01:27 - [Job ID: 33536] Attempt 1: Accessing https://candidate.hr-manager.net/ApplicationInit.aspx?cid=316&ProjectId=187528&DepartmentId=21679&MediaId=5
2025-04-07 12:01:27 - [Job ID: 33342] Attempt 2: Accessing https://www.jobindex.dk/img/pdf/warehousecoordinator02042025.pdf
2025-04-07 12:01:27 - [Job ID: 33677] Attempt 1: Accessing https://www.jobindex.dk/img/pdf/jobopslag_fotografer_2025_visionfotografi.pdf
2025-04-07 12:01:27 - [Job ID: 33342] Attempt 2 failed: Page.goto: Download is starting
Call log:
  - navigating to "https://www.jobindex.dk/img/pdf/warehousecoordinator02042025.pdf", waiting until "networkidle"

2025-04-07 12:01:28 - [Job ID: 33676] Attempt 2: Accessing https://www.jobindex.dk/img/pdf/jobopslag_fotografer_2025_kontrafej.pdf
2025-04-07 12:01:28 - [Job ID: 33676] Attempt 2 failed: Page.goto: Download is starting
Call log:
  - navigating to "https://www.jobindex.dk/img/pdf/jobopslag_fotografer_2025_kontrafej.pdf", waiting until "networkidle"

2025-04-07 12:01:28 - [Job ID: 33677] Attempt 1 failed: Page.goto: Download is starting
Call log:
  - navigating to "https://www.jobindex.dk/img/pdf/jobopslag_fotografer_2025_visionfotografi.pdf", waiting until "networkidle"

2025-04-07 12:01:28 - [Job ID: 33417] Attempt 1: Accessing https://candidate.hr-manager.net/ApplicationInit.aspx?cid=4&ProjectId=184074&DepartmentId=11&MediaId=5496
2025-04-07 12:01:29 - [Job ID: 33525] Attempt 1: Accessing https://biomarpeople.wd3.myworkdayjobs.com/en-US/BioMar/job/BioMar-Group-Denmark-Aarhus/Business-Development-Assistant--student-job--12-15-hours-week-_R3182
2025-04-07 12:01:29 - Updated content for job ID: 33610
2025-04-07 12:01:30 - [Job ID: 33045] Attempt 2: Accessing https://www.jobindex.dk/img/pdf/purchaser_houno_0425.pdf
2025-04-07 12:01:30 - [Job ID: 33045] Attempt 2 failed: Page.goto: Download is starting
Call log:
  - navigating to "https://www.jobindex.dk/img/pdf/purchaser_houno_0425.pdf", waiting until "networkidle"

2025-04-07 12:01:31 - [Job ID: 33342] Attempt 3: Accessing https://www.jobindex.dk/img/pdf/warehousecoordinator02042025.pdf
2025-04-07 12:01:31 - [Job ID: 33342] Attempt 3 failed: Page.goto: Download is starting
Call log:
  - navigating to "https://www.jobindex.dk/img/pdf/warehousecoordinator02042025.pdf", waiting until "networkidle"

2025-04-07 12:01:31 - [Job ID: 33342] All attempts failed for https://www.jobindex.dk/img/pdf/warehousecoordinator02042025.pdf
2025-04-07 12:01:31 - [Job ID: 33676] Attempt 3: Accessing https://www.jobindex.dk/img/pdf/jobopslag_fotografer_2025_kontrafej.pdf
2025-04-07 12:01:31 - [Job ID: 33676] Attempt 3 failed: Page.goto: Download is starting
Call log:
  - navigating to "https://www.jobindex.dk/img/pdf/jobopslag_fotografer_2025_kontrafej.pdf", waiting until "networkidle"

2025-04-07 12:01:31 - [Job ID: 33677] Attempt 2: Accessing https://www.jobindex.dk/img/pdf/jobopslag_fotografer_2025_visionfotografi.pdf
2025-04-07 12:01:31 - [Job ID: 33677] Attempt 2 failed: Page.goto: Download is starting
Call log:
  - navigating to "https://www.jobindex.dk/img/pdf/jobopslag_fotografer_2025_visionfotografi.pdf", waiting until "networkidle"

2025-04-07 12:01:31 - [Job ID: 33676] All attempts failed for https://www.jobindex.dk/img/pdf/jobopslag_fotografer_2025_kontrafej.pdf
2025-04-07 12:01:32 - No content retrieved for job ID: 33342
2025-04-07 12:01:32 - No content retrieved for job ID: 33676
2025-04-07 12:01:33 - [Job ID: 33045] Attempt 3: Accessing https://www.jobindex.dk/img/pdf/purchaser_houno_0425.pdf
2025-04-07 12:01:33 - [Job ID: 33045] Attempt 3 failed: Page.goto: Download is starting
Call log:
  - navigating to "https://www.jobindex.dk/img/pdf/purchaser_houno_0425.pdf", waiting until "networkidle"

2025-04-07 12:01:34 - Updated content for job ID: 33525
2025-04-07 12:01:34 - [Job ID: 33045] All attempts failed for https://www.jobindex.dk/img/pdf/purchaser_houno_0425.pdf
2025-04-07 12:01:34 - No content retrieved for job ID: 33045
2025-04-07 12:01:34 - Updated content for job ID: 33222
2025-04-07 12:01:35 - Error extracting HTML from frames: Page.wait_for_selector: Timeout 5000ms exceeded.
Call log:
  - waiting for locator("body") to be visible
  -     14 × locator resolved to hidden <body>…</body>

2025-04-07 12:01:35 - [Job ID: 33130] No content found on attempt 1
2025-04-07 12:01:35 - [Job ID: 33130] Attempt 2: Accessing https://home.hr-skyen.dk/show-job/251923
2025-04-07 12:01:35 - [Job ID: 33677] Attempt 3: Accessing https://www.jobindex.dk/img/pdf/jobopslag_fotografer_2025_visionfotografi.pdf
2025-04-07 12:01:35 - [Job ID: 33677] Attempt 3 failed: Page.goto: Download is starting
Call log:
  - navigating to "https://www.jobindex.dk/img/pdf/jobopslag_fotografer_2025_visionfotografi.pdf", waiting until "networkidle"

2025-04-07 12:01:35 - [Job ID: 33677] All attempts failed for https://www.jobindex.dk/img/pdf/jobopslag_fotografer_2025_visionfotografi.pdf
2025-04-07 12:01:36 - No content retrieved for job ID: 33677
2025-04-07 12:01:40 - Updated content for job ID: 33417
2025-04-07 12:01:41 - Error extracting HTML from frames: Page.wait_for_selector: Timeout 5000ms exceeded.
Call log:
  - waiting for locator("body") to be visible
  -     15 × locator resolved to hidden <body>…</body>

2025-04-07 12:01:41 - [Job ID: 33130] No content found on attempt 2
2025-04-07 12:01:41 - [Job ID: 33130] Attempt 3: Accessing https://home.hr-skyen.dk/show-job/251923
2025-04-07 12:01:42 - [Job ID: 33536] Attempt 1 failed: Page.goto: Timeout 15000ms exceeded.
Call log:
  - navigating to "https://candidate.hr-manager.net/ApplicationInit.aspx?cid=316&ProjectId=187528&DepartmentId=21679&MediaId=5", waiting until "networkidle"

2025-04-07 12:01:45 - [Job ID: 33536] Attempt 2: Accessing https://candidate.hr-manager.net/ApplicationInit.aspx?cid=316&ProjectId=187528&DepartmentId=21679&MediaId=5
2025-04-07 12:01:48 - Error extracting HTML from frames: Page.wait_for_selector: Timeout 5000ms exceeded.
Call log:
  - waiting for locator("body") to be visible
  -     14 × locator resolved to hidden <body>…</body>

2025-04-07 12:01:48 - [Job ID: 33130] No content found on attempt 3
2025-04-07 12:01:49 - No content retrieved for job ID: 33130
2025-04-07 12:02:00 - [Job ID: 33536] Attempt 2 failed: Page.goto: Timeout 15000ms exceeded.
Call log:
  - navigating to "https://candidate.hr-manager.net/ApplicationInit.aspx?cid=316&ProjectId=187528&DepartmentId=21679&MediaId=5", waiting until "networkidle"

2025-04-07 12:02:03 - [Job ID: 33536] Attempt 3: Accessing https://candidate.hr-manager.net/ApplicationInit.aspx?cid=316&ProjectId=187528&DepartmentId=21679&MediaId=5
2025-04-07 12:02:18 - [Job ID: 33536] Attempt 3 failed: Page.goto: Timeout 15000ms exceeded.
Call log:
  - navigating to "https://candidate.hr-manager.net/ApplicationInit.aspx?cid=316&ProjectId=187528&DepartmentId=21679&MediaId=5", waiting until "networkidle"

2025-04-07 12:02:18 - [Job ID: 33536] All attempts failed for https://candidate.hr-manager.net/ApplicationInit.aspx?cid=316&ProjectId=187528&DepartmentId=21679&MediaId=5
2025-04-07 12:02:19 - No content retrieved for job ID: 33536
2025-04-07 12:02:20 - Processing jobs 33726 to 33970
2025-04-07 12:02:21 - [Job ID: 33816] Attempt 1: Accessing https://www.bo-vest.dk/om-bo-vest/job-og-karriere/jobbeskrivelse/7368-job-28577-job-5835-job-ejendomsfunktionaer-til-bo-vest-ab-syd-/
2025-04-07 12:02:21 - [Job ID: 33927] Attempt 1: Accessing https://matchmind.dk/ledige-jobs?hr=show-job/250456&linkref=290691&locale=da_DK
2025-04-07 12:02:22 - [Job ID: 33726] Attempt 1: Accessing https://candidate.hr-manager.net/ApplicationInit.aspx?cid=316&ProjectId=187494&DepartmentId=9824&MediaId=5
2025-04-07 12:02:23 - [Job ID: 33970] Attempt 1: Accessing https://awstrack.youngcrm.com/CL0/https:%2F%2Flagkagehuset.youngcrm.com%2Fjobportal%2F11176%3Futm_source=youngcrm%26utm_medium=notification%26utm_campaign=media/1/01020196010ba237-3ccdb10d-aa35-4d7f-b366-04d909ce0855-000000/oXQ0FwGvkaFNrJ9yHylg4k-sT2hc3r8TBqax3cgHK8Q=399
2025-04-07 12:02:23 - [Job ID: 33934] Attempt 1: Accessing https://lagkagehuset.youngcrm.com/jobportal/11168
2025-04-07 12:02:24 - [Job ID: 33753] Attempt 1: Accessing https://candidate.hr-manager.net/ApplicationInit.aspx?cid=198&ProjectId=232166&DepartmentId=21919&MediaId=2897
2025-04-07 12:02:24 - [Job ID: 33815] Attempt 1: Accessing https://www.bo-vest.dk/om-bo-vest/job-og-karriere/jobbeskrivelse/7368-job-28577-job-5834-job-ejendomsfunktionaer-til-bo-vest-ab-syd-tidsbegraenset/
2025-04-07 12:02:25 - [Job ID: 33935] Attempt 1: Accessing https://lagkagehuset.youngcrm.com/jobportal/11169
2025-04-07 12:02:27 - Error extracting HTML from frames: Page.evaluate: root is null
AddData@https://matchmind.dk/user/script.ashx?siteid=2&pageid=212&resourceids=2&ref=:101:7
Init@https://matchmind.dk/user/script.ashx?siteid=2&pageid=212&resourceids=2&ref=:114:16
Map@https://matchmind.dk/user/script.ashx?siteid=2&pageid=212&resourceids=2&ref=:118:5
parseEvaluationResultValue2@debugger eval code:63:84
evaluate@debugger eval code:233:28
@debugger eval code:1:44

2025-04-07 12:02:27 - [Job ID: 33927] No content found on attempt 1
2025-04-07 12:02:27 - [Job ID: 33927] Attempt 2: Accessing https://matchmind.dk/ledige-jobs?hr=show-job/250456&linkref=290691&locale=da_DK
2025-04-07 12:02:29 - Error extracting HTML from frames: Page.evaluate: root is null
AddData@https://matchmind.dk/user/script.ashx?siteid=2&pageid=212&resourceids=2&ref=:101:7
Init@https://matchmind.dk/user/script.ashx?siteid=2&pageid=212&resourceids=2&ref=:114:16
Map@https://matchmind.dk/user/script.ashx?siteid=2&pageid=212&resourceids=2&ref=:118:5
parseEvaluationResultValue2@debugger eval code:63:84
evaluate@debugger eval code:233:28
@debugger eval code:1:44

2025-04-07 12:02:29 - [Job ID: 33927] No content found on attempt 2
2025-04-07 12:02:29 - [Job ID: 33927] Attempt 3: Accessing https://matchmind.dk/ledige-jobs?hr=show-job/250456&linkref=290691&locale=da_DK
2025-04-07 12:02:31 - Error extracting HTML from frames: Page.evaluate: root is null
AddData@https://matchmind.dk/user/script.ashx?siteid=2&pageid=212&resourceids=2&ref=:101:7
Init@https://matchmind.dk/user/script.ashx?siteid=2&pageid=212&resourceids=2&ref=:114:16
Map@https://matchmind.dk/user/script.ashx?siteid=2&pageid=212&resourceids=2&ref=:118:5
parseEvaluationResultValue2@debugger eval code:63:84
evaluate@debugger eval code:233:28
@debugger eval code:1:44

2025-04-07 12:02:31 - [Job ID: 33927] No content found on attempt 3
2025-04-07 12:02:32 - No content retrieved for job ID: 33927
2025-04-07 12:02:36 - [Job ID: 33816] Attempt 1 failed: Page.goto: Timeout 15000ms exceeded.
Call log:
  - navigating to "https://www.bo-vest.dk/om-bo-vest/job-og-karriere/jobbeskrivelse/7368-job-28577-job-5835-job-ejendomsfunktionaer-til-bo-vest-ab-syd-/", waiting until "networkidle"

2025-04-07 12:02:37 - [Job ID: 33726] Attempt 1 failed: Page.goto: Timeout 15000ms exceeded.
Call log:
  - navigating to "https://candidate.hr-manager.net/ApplicationInit.aspx?cid=316&ProjectId=187494&DepartmentId=9824&MediaId=5", waiting until "networkidle"

2025-04-07 12:02:38 - [Job ID: 33970] Attempt 1 failed: Page.goto: Timeout 15000ms exceeded.
Call log:
  - navigating to "https://awstrack.youngcrm.com/CL0/https:%2F%2Flagkagehuset.youngcrm.com%2Fjobportal%2F11176%3Futm_source=youngcrm%26utm_medium=notification%26utm_campaign=media/1/01020196010ba237-3ccdb10d-aa35-4d7f-b366-04d909ce0855-000000/oXQ0FwGvkaFNrJ9yHylg4k-sT2hc3r8TBqax3cgHK8Q=399", waiting until "networkidle"

2025-04-07 12:02:38 - Error extracting HTML from frames: Page.wait_for_selector: Timeout 5000ms exceeded.
Call log:
  - waiting for locator("body") to be visible
  -     14 × locator resolved to hidden <body id="signup" class="    hasHover">…</body>

2025-04-07 12:02:38 - [Job ID: 33934] No content found on attempt 1
2025-04-07 12:02:38 - [Job ID: 33934] Attempt 2: Accessing https://lagkagehuset.youngcrm.com/jobportal/11168
2025-04-07 12:02:39 - [Job ID: 33816] Attempt 2: Accessing https://www.bo-vest.dk/om-bo-vest/job-og-karriere/jobbeskrivelse/7368-job-28577-job-5835-job-ejendomsfunktionaer-til-bo-vest-ab-syd-/
2025-04-07 12:02:39 - [Job ID: 33815] Attempt 1 failed: Page.goto: Timeout 15000ms exceeded.
Call log:
  - navigating to "https://www.bo-vest.dk/om-bo-vest/job-og-karriere/jobbeskrivelse/7368-job-28577-job-5834-job-ejendomsfunktionaer-til-bo-vest-ab-syd-tidsbegraenset/", waiting until "networkidle"

2025-04-07 12:02:40 - [Job ID: 33726] Attempt 2: Accessing https://candidate.hr-manager.net/ApplicationInit.aspx?cid=316&ProjectId=187494&DepartmentId=9824&MediaId=5
2025-04-07 12:02:41 - [Job ID: 33970] Attempt 2: Accessing https://awstrack.youngcrm.com/CL0/https:%2F%2Flagkagehuset.youngcrm.com%2Fjobportal%2F11176%3Futm_source=youngcrm%26utm_medium=notification%26utm_campaign=media/1/01020196010ba237-3ccdb10d-aa35-4d7f-b366-04d909ce0855-000000/oXQ0FwGvkaFNrJ9yHylg4k-sT2hc3r8TBqax3cgHK8Q=399
2025-04-07 12:02:43 - Error extracting HTML from frames: Page.wait_for_selector: Timeout 5000ms exceeded.
Call log:
  - waiting for locator("body") to be visible
  -     14 × locator resolved to hidden <body id="signup" class="    hasHover">…</body>

2025-04-07 12:02:43 - [Job ID: 33935] No content found on attempt 1
2025-04-07 12:02:43 - [Job ID: 33935] Attempt 2: Accessing https://lagkagehuset.youngcrm.com/jobportal/11169
2025-04-07 12:02:43 - [Job ID: 33815] Attempt 2: Accessing https://www.bo-vest.dk/om-bo-vest/job-og-karriere/jobbeskrivelse/7368-job-28577-job-5834-job-ejendomsfunktionaer-til-bo-vest-ab-syd-tidsbegraenset/
2025-04-07 12:02:45 - Error extracting HTML from frames: Page.wait_for_selector: Timeout 5000ms exceeded.
Call log:
  - waiting for locator("body") to be visible
  -     14 × locator resolved to hidden <body id="signup" class="    hasHover">…</body>

2025-04-07 12:02:45 - [Job ID: 33934] No content found on attempt 2
2025-04-07 12:02:45 - [Job ID: 33934] Attempt 3: Accessing https://lagkagehuset.youngcrm.com/jobportal/11168
2025-04-07 12:02:49 - Error extracting HTML from frames: Page.wait_for_selector: Timeout 5000ms exceeded.
Call log:
  - waiting for locator("body") to be visible
  -     14 × locator resolved to hidden <body id="signup" class="    hasHover">…</body>

2025-04-07 12:02:49 - [Job ID: 33970] No content found on attempt 2
2025-04-07 12:02:49 - [Job ID: 33970] Attempt 3: Accessing https://awstrack.youngcrm.com/CL0/https:%2F%2Flagkagehuset.youngcrm.com%2Fjobportal%2F11176%3Futm_source=youngcrm%26utm_medium=notification%26utm_campaign=media/1/01020196010ba237-3ccdb10d-aa35-4d7f-b366-04d909ce0855-000000/oXQ0FwGvkaFNrJ9yHylg4k-sT2hc3r8TBqax3cgHK8Q=399
2025-04-07 12:02:50 - Error extracting HTML from frames: Page.wait_for_selector: Timeout 5000ms exceeded.
Call log:
  - waiting for locator("body") to be visible
  -     14 × locator resolved to hidden <body id="signup" class="    hasHover">…</body>

2025-04-07 12:02:50 - [Job ID: 33935] No content found on attempt 2
2025-04-07 12:02:50 - [Job ID: 33935] Attempt 3: Accessing https://lagkagehuset.youngcrm.com/jobportal/11169
2025-04-07 12:02:52 - Error extracting HTML from frames: Page.wait_for_selector: Timeout 5000ms exceeded.
Call log:
  - waiting for locator("body") to be visible
  -     14 × locator resolved to hidden <body id="signup" class="    hasHover">…</body>

2025-04-07 12:02:52 - [Job ID: 33934] No content found on attempt 3
2025-04-07 12:02:52 - Updated content for job ID: 33753
2025-04-07 12:02:53 - No content retrieved for job ID: 33934
2025-04-07 12:02:54 - [Job ID: 33816] Attempt 2 failed: Page.goto: Timeout 15000ms exceeded.
Call log:
  - navigating to "https://www.bo-vest.dk/om-bo-vest/job-og-karriere/jobbeskrivelse/7368-job-28577-job-5835-job-ejendomsfunktionaer-til-bo-vest-ab-syd-/", waiting until "networkidle"

2025-04-07 12:02:55 - [Job ID: 33726] Attempt 2 failed: Page.goto: Timeout 15000ms exceeded.
Call log:
  - navigating to "https://candidate.hr-manager.net/ApplicationInit.aspx?cid=316&ProjectId=187494&DepartmentId=9824&MediaId=5", waiting until "networkidle"

2025-04-07 12:02:56 - Updated content for job ID: 33815
2025-04-07 12:02:57 - Error extracting HTML from frames: Page.wait_for_selector: Timeout 5000ms exceeded.
Call log:
  - waiting for locator("body") to be visible
  -     14 × locator resolved to hidden <body id="signup" class="    hasHover">…</body>

2025-04-07 12:02:57 - [Job ID: 33935] No content found on attempt 3
2025-04-07 12:02:57 - No content retrieved for job ID: 33935
2025-04-07 12:02:57 - [Job ID: 33816] Attempt 3: Accessing https://www.bo-vest.dk/om-bo-vest/job-og-karriere/jobbeskrivelse/7368-job-28577-job-5835-job-ejendomsfunktionaer-til-bo-vest-ab-syd-/
2025-04-07 12:02:57 - Error extracting HTML from frames: Page.wait_for_selector: Timeout 5000ms exceeded.
Call log:
  - waiting for locator("body") to be visible
  -     14 × locator resolved to hidden <body id="signup" class="    hasHover">…</body>

2025-04-07 12:02:57 - [Job ID: 33970] No content found on attempt 3
2025-04-07 12:02:58 - No content retrieved for job ID: 33970
2025-04-07 12:02:59 - [Job ID: 33726] Attempt 3: Accessing https://candidate.hr-manager.net/ApplicationInit.aspx?cid=316&ProjectId=187494&DepartmentId=9824&MediaId=5
2025-04-07 12:03:12 - [Job ID: 33816] Attempt 3 failed: Page.goto: Timeout 15000ms exceeded.
Call log:
  - navigating to "https://www.bo-vest.dk/om-bo-vest/job-og-karriere/jobbeskrivelse/7368-job-28577-job-5835-job-ejendomsfunktionaer-til-bo-vest-ab-syd-/", waiting until "networkidle"

2025-04-07 12:03:13 - [Job ID: 33816] All attempts failed for https://www.bo-vest.dk/om-bo-vest/job-og-karriere/jobbeskrivelse/7368-job-28577-job-5835-job-ejendomsfunktionaer-til-bo-vest-ab-syd-/
2025-04-07 12:03:13 - No content retrieved for job ID: 33816
2025-04-07 12:03:14 - [Job ID: 33726] Attempt 3 failed: Page.goto: Timeout 15000ms exceeded.
Call log:
  - navigating to "https://candidate.hr-manager.net/ApplicationInit.aspx?cid=316&ProjectId=187494&DepartmentId=9824&MediaId=5", waiting until "networkidle"

2025-04-07 12:03:14 - [Job ID: 33726] All attempts failed for https://candidate.hr-manager.net/ApplicationInit.aspx?cid=316&ProjectId=187494&DepartmentId=9824&MediaId=5
2025-04-07 12:03:14 - No content retrieved for job ID: 33726
2025-04-07 12:03:15 - No more jobs to process. Finished!
2025-04-07 12:05:45 - Resuming from job ID: 33970
2025-04-07 12:05:45 - No more jobs to process. Finished!
2025-04-07 13:34:55 - Resuming from job ID: 33970
2025-04-07 13:34:55 - Processing jobs 34442 to 34451
2025-04-07 13:35:03 - [Job ID: 34442] Attempt 1: Accessing https://candidate.hr-manager.net/ApplicationInit.aspx?cid=5001&ProjectId=187823&DepartmentId=7683&MediaId=5
2025-04-07 13:35:04 - [Job ID: 34447] Attempt 1: Accessing https://efzu.fa.em2.oraclecloud.com/hcmUI/CandidateExperience/da/sites/CX_1/job/5017
2025-04-07 13:35:05 - [Job ID: 34445] Attempt 1: Accessing https://cgi.njoyn.com/corp/xweb/xweb.asp?CLID=21001&page=jobdetails&JobID=J0225-2198&lang=10
2025-04-07 13:35:05 - [Job ID: 34451] Attempt 1: Accessing https://matchmind.dk/ledige-jobs?hr=show-job/250567&linkref=290945&locale=da_DK
2025-04-07 13:35:07 - [Job ID: 34450] Attempt 1: Accessing https://www.jobindex.dk/jobannonce/h1554624/application-manager-for-freeflow
2025-04-07 13:35:08 - [Job ID: 34443] Attempt 1: Accessing https://www.jobindex.dk/jobannonce/h1554663/shopify-e-commerce-specialist-til-dansk-designvirksomhed
2025-04-07 13:35:11 - [Job ID: 34444] Attempt 1: Accessing https://cgi.njoyn.com/corp/xweb/xweb.asp?NTKN=c&clid=21001&Page=JobDetails&Jobid=J0325-0132&BRID=1196958&lang=10
2025-04-07 13:35:11 - [Job ID: 34448] Attempt 1: Accessing https://job.politi.dk/job/Operativ-teknisk-og-digital-ekspert-til-PET&apos;s-HUMINT-afdeling/1722-da_DK
2025-04-07 13:35:11 - [Job ID: 34449] Attempt 1: Accessing https://www.job-karriere.dk/Norlys/job/S%C3%B8nderborg-System-Engineer-Tag-del-i-fremtidens-teknologiske-l%C3%B8sninger-6400/1141505001/
2025-04-07 13:35:12 - [Job ID: 34446] Attempt 1: Accessing https://jobs.smartrecruiters.com/JYSK/744000052043545-software-engineer-react?trid=9c834889-bbb7-437c-a553-3bcb9710b121
2025-04-07 13:35:13 - Error extracting HTML from frames: Page.evaluate: root is null
AddData@https://matchmind.dk/user/script.ashx?siteid=2&pageid=212&resourceids=2&ref=:101:7
Init@https://matchmind.dk/user/script.ashx?siteid=2&pageid=212&resourceids=2&ref=:114:16
Map@https://matchmind.dk/user/script.ashx?siteid=2&pageid=212&resourceids=2&ref=:118:5
parseEvaluationResultValue2@debugger eval code:63:84
evaluate@debugger eval code:233:28
@debugger eval code:1:44

2025-04-07 13:35:13 - [Job ID: 34451] No content found on attempt 1
2025-04-07 13:35:13 - [Job ID: 34451] Attempt 2: Accessing https://matchmind.dk/ledige-jobs?hr=show-job/250567&linkref=290945&locale=da_DK
2025-04-07 13:35:15 - Updated content for job ID: 34442
2025-04-07 13:35:15 - Updated content for job ID: 34445
2025-04-07 13:35:16 - Updated content for job ID: 34444
2025-04-07 13:35:17 - Updated content for job ID: 34447
2025-04-07 13:35:17 - Updated content for job ID: 34449
2025-04-07 13:35:18 - Updated content for job ID: 34443
2025-04-07 13:35:18 - Updated content for job ID: 34446
2025-04-07 13:35:23 - Updated content for job ID: 34450
2025-04-07 13:35:24 - Updated content for job ID: 34448
2025-04-07 13:35:28 - [Job ID: 34451] Attempt 2 failed: Page.goto: Timeout 15000ms exceeded.
Call log:
  - navigating to "https://matchmind.dk/ledige-jobs?hr=show-job/250567&linkref=290945&locale=da_DK", waiting until "networkidle"

2025-04-07 13:35:31 - [Job ID: 34451] Attempt 3: Accessing https://matchmind.dk/ledige-jobs?hr=show-job/250567&linkref=290945&locale=da_DK
2025-04-07 13:35:33 - Error extracting HTML from frames: Page.evaluate: root is null
AddData@https://matchmind.dk/user/script.ashx?siteid=2&pageid=212&resourceids=2&ref=:101:7
Init@https://matchmind.dk/user/script.ashx?siteid=2&pageid=212&resourceids=2&ref=:114:16
Map@https://matchmind.dk/user/script.ashx?siteid=2&pageid=212&resourceids=2&ref=:118:5
parseEvaluationResultValue2@debugger eval code:63:84
evaluate@debugger eval code:233:28
@debugger eval code:1:44

2025-04-07 13:35:33 - [Job ID: 34451] No content found on attempt 3
2025-04-07 13:35:33 - No content retrieved for job ID: 34451
2025-04-07 13:35:34 - Processing jobs 34452 to 34461
2025-04-07 13:35:36 - [Job ID: 34452] Attempt 1: Accessing https://www.jobindex.dk/jobannonce/r13095248/systemudvikler-til-fynbus
2025-04-07 13:35:37 - [Job ID: 34460] Attempt 1: Accessing https://www.jobindex.dk/jobannonce/h1554759/socialfaglig-it-konsulent-med-cura-som-speciale-et-klogt-hjerte
2025-04-07 13:35:38 - [Job ID: 34454] Attempt 1: Accessing https://job.itf.dk/ad/cloud-solutions-consultant-med-fokus-pa-azure-og-m365/iv7qm3/da
2025-04-07 13:35:39 - [Job ID: 34459] Attempt 1: Accessing https://dk.career.itm8.com/jobs/5658315-senior-consultant-soges-til-itm8-i-silkeborg?promotion=1375452-jobindex
2025-04-07 13:35:39 - [Job ID: 34458] Attempt 1: Accessing https://www.jobindex.dk/jobannonce/r13095253/specialkonsulent-med-dedikation-for-digitalisering-og-klinisk-it-regionshospital-nordjylland
2025-04-07 13:35:40 - [Job ID: 34457] Attempt 1: Accessing https://www.jobindex.dk/jobannonce/h1554765/senior-adoption-specialist
2025-04-07 13:35:41 - [Job ID: 34455] Attempt 1: Accessing https://candidate.hr-manager.net/ApplicationInit.aspx?cid=342&ProjectId=261899&DepartmentId=26067&MediaId=5668
2025-04-07 13:35:42 - [Job ID: 34453] Attempt 1: Accessing https://candidate.hr-manager.net/ApplicationInit.aspx?cid=1166&ProjectId=144693&DepartmentId=18969&MediaId=4656
2025-04-07 13:35:43 - Updated content for job ID: 34459
2025-04-07 13:35:43 - Updated content for job ID: 34454
2025-04-07 13:35:43 - [Job ID: 34456] Attempt 1: Accessing https://candidate.hr-manager.net/ApplicationInit.aspx?cid=2197&ProjectId=143643&DepartmentId=18981&MediaId=4621
2025-04-07 13:35:43 - Updated content for job ID: 34452
2025-04-07 13:35:43 - [Job ID: 34461] Attempt 1: Accessing https://sallinggroup.com/job/ledige-stillinger/4bbeb8e1-aafb-41c6-b32c-64709f3b0295
2025-04-07 13:35:44 - Updated content for job ID: 34460
2025-04-07 13:35:45 - Updated content for job ID: 34458
2025-04-07 13:35:46 - Updated content for job ID: 34457
2025-04-07 13:35:50 - Updated content for job ID: 34455
2025-04-07 13:35:50 - Updated content for job ID: 34461
2025-04-07 13:35:51 - Updated content for job ID: 34453
2025-04-07 13:35:52 - Updated content for job ID: 34456
2025-04-07 13:35:53 - Processing jobs 34462 to 34471
2025-04-07 13:35:55 - [Job ID: 34467] Attempt 1: Accessing https://emagine.dk/konsulenter/freelance-jobs/206283/grc-consultant/?id=167297&utm_source=jSl6kXsIq4Kdejsjpl1LUuyMUbuelXZKkkk%2bGMC2gb%2fNXa6cHs5WmL1uJGAjyfWEyEQXidT%2bw4QpZoQAucThSEnjeMf4otYAfGfXeWIQJ%2bI%3d
2025-04-07 13:35:55 - [Job ID: 34463] Attempt 1: Accessing https://careers.acubiz.com/jobs/5778132-implementeringskonsulent-compello
2025-04-07 13:35:56 - [Job ID: 34471] Attempt 1: Accessing https://www.jobindex.dk/jobannonce/h1554749/formand-med-gode-menneskelige-vaerdier
2025-04-07 13:35:57 - [Job ID: 34466] Attempt 1: Accessing https://www.jobindex.dk/jobannonce/r13095136/teknisk-dygtig-sac-analytiker-til-overvaagnings-og-analysecenter-i-sundhedsdatastyrelsen
2025-04-07 13:35:58 - [Job ID: 34462] Attempt 1: Accessing https://www.epos.dk/Rek/AS3/Joblist/Job.aspx?jobOfferInstanceId=4515&joblistId=1&lang=da
2025-04-07 13:35:59 - [Job ID: 34468] Attempt 1: Accessing https://www.kobmand-hansen.dk/info/om-os/ledige-stillinger/seo-og-some-ekspert/
2025-04-07 13:35:59 - Updated content for job ID: 34463
2025-04-07 13:36:00 - [Job ID: 34469] Attempt 1: Accessing https://www.aura.dk/om-aura/sog-job/?hr=show-job%2F239837%26locale%3Dda_DK
2025-04-07 13:36:01 - [Job ID: 34470] Attempt 1: Accessing https://www.jobindex.dk/jobannonce/h1554767/monstrum-soeger-en-dygtig-3d-designer-primaert-til-at-lave-tekniske-konstruktioner-i-solid-works
2025-04-07 13:36:01 - [Job ID: 34464] Attempt 1: Accessing https://www.jobindex.dk/jobannonce/r13095111/information-technology-support-specialist-toender
2025-04-07 13:36:02 - [Job ID: 34465] Attempt 1: Accessing https://www.jobindex.dk/jobannonce/r13095100/erfaren-risikomanager-med-flair-for-it-sikkerhedsarkitektur-til-sundhedsdatastyrelsen
2025-04-07 13:36:02 - Updated content for job ID: 34462
2025-04-07 13:36:02 - Updated content for job ID: 34467
2025-04-07 13:36:03 - Updated content for job ID: 34471
2025-04-07 13:36:03 - Updated content for job ID: 34466
2025-04-07 13:36:03 - Updated content for job ID: 34468
2025-04-07 13:36:06 - Updated content for job ID: 34469
2025-04-07 13:36:06 - Updated content for job ID: 34470
2025-04-07 13:36:07 - Updated content for job ID: 34465
2025-04-07 13:36:07 - Updated content for job ID: 34464
2025-04-07 13:36:08 - Processing jobs 34472 to 34481
2025-04-07 13:36:10 - [Job ID: 34474] Attempt 1: Accessing https://www.jobindex.dk/jobannonce/h1554573/entrepriseleder
2025-04-07 13:36:10 - [Job ID: 34477] Attempt 1: Accessing https://envidandenmark.teamtailor.com/jobs/5489492-projektleder-til-investeringsplanlaegning-inden-for-vandforsyning-afloeb-og-klimatilpasning
2025-04-07 13:36:11 - [Job ID: 34472] Attempt 1: Accessing https://candidate.hr-manager.net/ApplicationInit.aspx?cid=1786&ProjectId=144343&DepartmentId=19050&MediaId=4627
2025-04-07 13:36:12 - [Job ID: 34476] Attempt 1: Accessing https://app.jobmatchprofile.com/wsggrx
2025-04-07 13:36:13 - [Job ID: 34475] Attempt 1: Accessing https://www.jobindex.dk/jobannonce/h1550455/erfaren-projektleder-og-raadgiver-med-staerke-samarbejdsevner-soeges-til-komplekse-renoveringsprojekter-i-koebenhavn
2025-04-07 13:36:13 - [Job ID: 34479] Attempt 1: Accessing https://portal.signatur.dk/ExtJobs/DefaultHosting/JobDetails.aspx?ClientId=2296&WebAdId=137396
2025-04-07 13:36:14 - [Job ID: 34480] Attempt 1: Accessing https://portal.signatur.dk/ExtJobs/DefaultHosting/JobDetails.aspx?ClientId=2296&WebAdId=136400
2025-04-07 13:36:15 - Updated content for job ID: 34474
2025-04-07 13:36:15 - Updated content for job ID: 34477
2025-04-07 13:36:15 - [Job ID: 34473] Attempt 1: Accessing https://app.jobmatchprofile.com/2tsm2m
2025-04-07 13:36:16 - [Job ID: 34478] Attempt 1: Accessing https://portal.signatur.dk/ExtJobs/DefaultHosting/JobDetails.aspx?ClientId=2327&WebAdId=137446
2025-04-07 13:36:16 - [Job ID: 34481] Attempt 1: Accessing https://www.jobindex.dk/jobannonce/r13095078/fagleder-for-tag-og-fag-optimr-vedligeholdsstandarden-paa-vores-ejendomme
2025-04-07 13:36:17 - Updated content for job ID: 34472
2025-04-07 13:36:17 - Updated content for job ID: 34479
2025-04-07 13:36:19 - Updated content for job ID: 34475
2025-04-07 13:36:19 - Updated content for job ID: 34476
2025-04-07 13:36:21 - Updated content for job ID: 34478
2025-04-07 13:36:21 - Updated content for job ID: 34481
2025-04-07 13:36:25 - Updated content for job ID: 34480
2025-04-07 13:36:30 - [Job ID: 34473] Attempt 1 failed: Page.goto: Timeout 15000ms exceeded.
Call log:
  - navigating to "https://app.jobmatchprofile.com/2tsm2m", waiting until "networkidle"

2025-04-07 13:36:34 - [Job ID: 34473] Attempt 2: Accessing https://app.jobmatchprofile.com/2tsm2m
2025-04-07 13:36:38 - Updated content for job ID: 34473
2025-04-07 13:36:39 - Processing jobs 34482 to 34491
2025-04-07 13:36:41 - [Job ID: 34482] Attempt 1: Accessing https://www.jobindex.dk/jobannonce/r13095080/byplanlaegger-med-bred-interesse-inden-for-planlaegning
2025-04-07 13:36:41 - [Job ID: 34483] Attempt 1: Accessing https://www.jobindex.dk/jobannonce/r13095247/bygningskonstruktoer-ingenioer-til-store-asfaltprojekter-oestjylland
2025-04-07 13:36:42 - [Job ID: 34487] Attempt 1: Accessing https://www.jobindex.dk/jobannonce/h1554209/produktudvikler
2025-04-07 13:36:43 - [Job ID: 34484] Attempt 1: Accessing https://www.jobindex.dk/jobannonce/h1554739/foedevareauditor-til-aarhus-broendby-eller-vejen
2025-04-07 13:36:43 - [Job ID: 34486] Attempt 1: Accessing https://matas.career.emply.com/ad/farmakonom-til-matas-kobmagergade-kobenhavn-k/957ov6/da
2025-04-07 13:36:44 - [Job ID: 34489] Attempt 1: Accessing https://elektro-isola.career.emply.com/ad/er-du-vores-nye-maletekniker/q5iw7z
2025-04-07 13:36:45 - [Job ID: 34490] Attempt 1: Accessing https://www.jobindex.dk/jobannonce/h1554332/projektleder-til-tekniske-projekter-indenfor-automation
2025-04-07 13:36:46 - [Job ID: 34485] Attempt 1: Accessing https://alkabello.easycruit.com/vacancy/3488429/5422?iso=dk
2025-04-07 13:36:48 - [Job ID: 34488] Attempt 1: Accessing https://www.jobindex.dk/jobannonce/h1550165/regulatory-affairs-assistant-track-compliance-in-100-markets
2025-04-07 13:36:48 - [Job ID: 34491] Attempt 1: Accessing https://www.jobindex.dk/jobannonce/h1546232/production-quality-engineer-new-product-introduction-and-production-support
2025-04-07 13:36:48 - Updated content for job ID: 34484
2025-04-07 13:36:48 - Updated content for job ID: 34483
2025-04-07 13:36:49 - Updated content for job ID: 34482
2025-04-07 13:36:49 - Updated content for job ID: 34486
2025-04-07 13:36:49 - Updated content for job ID: 34487
2025-04-07 13:36:49 - Updated content for job ID: 34489
2025-04-07 13:36:51 - Updated content for job ID: 34490
2025-04-07 13:36:52 - Updated content for job ID: 34485
2025-04-07 13:36:52 - Updated content for job ID: 34491
2025-04-07 13:36:52 - Updated content for job ID: 34488
2025-04-07 13:36:53 - Processing jobs 34492 to 34501
2025-04-07 13:36:55 - [Job ID: 34492] Attempt 1: Accessing https://temp-team.dk/job-search/bliv-en-del-af-fremtidens-robotteknologi-426733
2025-04-07 13:36:56 - [Job ID: 34493] Attempt 1: Accessing https://matchmind.dk/ledige-jobs?hr=show-job/249857&linkref=290947&locale=da_DK
2025-04-07 13:36:56 - [Job ID: 34501] Attempt 1: Accessing https://candidate.hr-manager.net/ApplicationInit.aspx?cid=2768&ProjectId=143728&DepartmentId=18974&MediaId=4629
2025-04-07 13:36:57 - [Job ID: 34497] Attempt 1: Accessing https://www.jobindex.dk/jobannonce/h1554775/leder-soeges-til-nyt-forretningsomraade-braender-du-for-ledelse-udvikling-og-hoej-kvalitet-i-aeldreplejen
2025-04-07 13:36:58 - [Job ID: 34496] Attempt 1: Accessing https://www.jobindex.dk/jobannonce/h1554756/fagkoordinator-til-med-og-arbejdsmiljoeteamet
2025-04-07 13:36:59 - [Job ID: 34494] Attempt 1: Accessing https://ikast-brandeintranet.career.emply.com/ad/lonkonsulent-ved-ikast-brande-kommune/bie72q/da
2025-04-07 13:37:00 - [Job ID: 34495] Attempt 1: Accessing https://candidate.hr-manager.net/ApplicationInit.aspx?cid=1311&ProjectId=145895&DepartmentId=18957&MediaId=5
2025-04-07 13:37:01 - [Job ID: 34498] Attempt 1: Accessing https://www.jobindex.dk/jobannonce/h1554740/supply-chain-teamleder
2025-04-07 13:37:02 - [Job ID: 34499] Attempt 1: Accessing https://scangl-v2.career.emply.com/ad/head-of-department-aid-relief-ocean/g6ewm4/en
2025-04-07 13:37:02 - [Job ID: 34500] Attempt 1: Accessing https://candidate.hr-manager.net/ApplicationInit.aspx?cid=5001&ProjectId=187829&DepartmentId=8020&MediaId=5
2025-04-07 13:37:02 - Updated content for job ID: 34492
2025-04-07 13:37:03 - Error extracting HTML from frames: Page.evaluate: root is null
AddData@https://matchmind.dk/user/script.ashx?siteid=2&pageid=212&resourceids=2&ref=:101:7
Init@https://matchmind.dk/user/script.ashx?siteid=2&pageid=212&resourceids=2&ref=:114:16
Map@https://matchmind.dk/user/script.ashx?siteid=2&pageid=212&resourceids=2&ref=:118:5
parseEvaluationResultValue2@debugger eval code:63:84
evaluate@debugger eval code:233:28
@debugger eval code:1:44

2025-04-07 13:37:03 - [Job ID: 34493] No content found on attempt 1
2025-04-07 13:37:03 - [Job ID: 34493] Attempt 2: Accessing https://matchmind.dk/ledige-jobs?hr=show-job/249857&linkref=290947&locale=da_DK
2025-04-07 13:37:03 - Updated content for job ID: 34497
2025-04-07 13:37:04 - Updated content for job ID: 34501
2025-04-07 13:37:04 - Updated content for job ID: 34496
2025-04-07 13:37:05 - Updated content for job ID: 34494
2025-04-07 13:37:08 - Updated content for job ID: 34498
2025-04-07 13:37:10 - Updated content for job ID: 34499
2025-04-07 13:37:13 - Updated content for job ID: 34495
2025-04-07 13:37:17 - [Job ID: 34500] Attempt 1 failed: Page.goto: Timeout 15000ms exceeded.
Call log:
  - navigating to "https://candidate.hr-manager.net/ApplicationInit.aspx?cid=5001&ProjectId=187829&DepartmentId=8020&MediaId=5", waiting until "networkidle"

2025-04-07 13:37:18 - [Job ID: 34493] Attempt 2 failed: Page.goto: Timeout 15000ms exceeded.
Call log:
  - navigating to "https://matchmind.dk/ledige-jobs?hr=show-job/249857&linkref=290947&locale=da_DK", waiting until "networkidle"

2025-04-07 13:37:20 - [Job ID: 34500] Attempt 2: Accessing https://candidate.hr-manager.net/ApplicationInit.aspx?cid=5001&ProjectId=187829&DepartmentId=8020&MediaId=5
2025-04-07 13:37:21 - [Job ID: 34493] Attempt 3: Accessing https://matchmind.dk/ledige-jobs?hr=show-job/249857&linkref=290947&locale=da_DK
2025-04-07 13:37:23 - Error extracting HTML from frames: Page.evaluate: root is null
AddData@https://matchmind.dk/user/script.ashx?siteid=2&pageid=212&resourceids=2&ref=:101:7
Init@https://matchmind.dk/user/script.ashx?siteid=2&pageid=212&resourceids=2&ref=:114:16
Map@https://matchmind.dk/user/script.ashx?siteid=2&pageid=212&resourceids=2&ref=:118:5
parseEvaluationResultValue2@debugger eval code:63:84
evaluate@debugger eval code:233:28
@debugger eval code:1:44

2025-04-07 13:37:23 - [Job ID: 34493] No content found on attempt 3
2025-04-07 13:37:23 - Updated content for job ID: 34500
2025-04-07 13:37:23 - No content retrieved for job ID: 34493
2025-04-07 13:37:24 - Processing jobs 34502 to 34511
2025-04-07 13:37:26 - [Job ID: 34504] Attempt 1: Accessing https://www.jobindex.dk/jobannonce/h1554603/fagchef-til-myndighedsomraadet-i-nuuk
2025-04-07 13:37:27 - [Job ID: 34505] Attempt 1: Accessing https://tpaerospace.bamboohr.com/careers/420
2025-04-07 13:37:28 - [Job ID: 34508] Attempt 1: Accessing https://www.jobindex.dk/jobannonce/r13094996/daglig-leder
2025-04-07 13:37:29 - [Job ID: 34503] Attempt 1: Accessing https://www.slagelse.dk/da/ledige-job-i-slagelse-kommune/omraadeledere-til-sundhed-og-aeldre-hjemme-og-sygeplejen/
2025-04-07 13:37:30 - [Job ID: 34511] Attempt 1: Accessing https://gigtforeningen.easycruit.com/vacancy/3488439/204887?iso=dk
2025-04-07 13:37:31 - [Job ID: 34510] Attempt 1: Accessing https://affaldplus.career.emply.com/ad/har-du-overvejet-andet-end-mcdonalds/nz2v25/da
2025-04-07 13:37:32 - [Job ID: 34507] Attempt 1: Accessing https://www.jobindex.dk/jobannonce/r13095216/teamleder-til-kvoteadministrationen-i-esbjerg
2025-04-07 13:37:33 - [Job ID: 34502] Attempt 1: Accessing https://jobs.ikea.com/da/job/gentofte-kommune/ledertrainee-customer-relation-gentofte/24107/79567036464
2025-04-07 13:37:33 - [Job ID: 34506] Attempt 1: Accessing https://www.jobindex.dk/jobannonce/h1553677/koekkenchef
2025-04-07 13:37:33 - [Job ID: 34509] Attempt 1: Accessing https://www.jobindex.dk/jobannonce/r13095108/service-og-sikkerhedschef
2025-04-07 13:37:38 - Updated content for job ID: 34504
2025-04-07 13:37:38 - Updated content for job ID: 34510
2025-04-07 13:37:38 - No content retrieved for job ID: 34505
2025-04-07 13:37:38 - Updated content for job ID: 34503
2025-04-07 13:37:38 - Updated content for job ID: 34511
2025-04-07 13:37:39 - Updated content for job ID: 34507
2025-04-07 13:37:39 - Updated content for job ID: 34506
2025-04-07 13:37:39 - Updated content for job ID: 34509
2025-04-07 13:37:39 - Updated content for job ID: 34508
2025-04-07 13:37:40 - Updated content for job ID: 34502
2025-04-07 13:37:41 - Processing jobs 34512 to 34521
2025-04-07 13:37:42 - [Job ID: 34512] Attempt 1: Accessing https://candidate.hr-manager.net/ApplicationInit.aspx?cid=342&ProjectId=261931&DepartmentId=17976&MediaId=5
2025-04-07 13:37:43 - [Job ID: 34517] Attempt 1: Accessing https://www.jobindex.dk/jobannonce/h1554622/udviklende-stilling-som-sygeplejerske-til-hjemme-og-sygeplejen
2025-04-07 13:37:44 - [Job ID: 34514] Attempt 1: Accessing https://www.jobindex.dk/jobannonce/r13095270/laeger-og-speciallaeger-vikariat-sundhedscenter-narsaq-groenland-25-185
2025-04-07 13:37:45 - [Job ID: 34515] Attempt 1: Accessing https://www.jobindex.dk/jobannonce/r13095115/introduktionslaege-i-intern-medicin-medicinsk-afdeling-hjoerring
2025-04-07 13:37:45 - [Job ID: 34513] Attempt 1: Accessing https://midtjob.dk/ad/vikar-for-speciallaege-ojensygdomme-regionshospitalet-godstrup/fpe4g0/da
2025-04-07 13:37:46 - [Job ID: 34518] Attempt 1: Accessing https://www.jobindex.dk/jobannonce/h1546457/klinisk-operationssygeplejerske-til-privat-oejenklinik
2025-04-07 13:37:47 - [Job ID: 34516] Attempt 1: Accessing https://vordingborg.career.emply.com/ad/sygeplejerske-til-udekorende-nattevagt-bliv-en-del-af-et-staerkt-team/gmage0/da
2025-04-07 13:37:48 - [Job ID: 34520] Attempt 1: Accessing https://www.jobindex.dk/jobannonce/h1554645/dedikeret-foerstehjaelpsinstruktoer
2025-04-07 13:37:49 - Updated content for job ID: 34512
2025-04-07 13:37:49 - [Job ID: 34519] Attempt 1: Accessing https://www.jobindex.dk/jobannonce/h1546171/konsultationssygeplejerske-til-laegeklinik-i-stege
2025-04-07 13:37:49 - [Job ID: 34521] Attempt 1: Accessing https://candidate.hr-manager.net/ApplicationInit.aspx?cid=1518&ProjectId=206024&DepartmentId=19641&MediaId=5
2025-04-07 13:37:50 - Updated content for job ID: 34513
2025-04-07 13:37:51 - Updated content for job ID: 34514
2025-04-07 13:37:51 - Updated content for job ID: 34515
2025-04-07 13:37:51 - Updated content for job ID: 34517
2025-04-07 13:37:52 - Updated content for job ID: 34516
2025-04-07 13:37:53 - Updated content for job ID: 34518
2025-04-07 13:37:54 - Updated content for job ID: 34520
2025-04-07 13:37:54 - Updated content for job ID: 34521
2025-04-07 13:37:55 - Updated content for job ID: 34519
2025-04-07 13:37:56 - Processing jobs 34522 to 34532
2025-04-07 13:37:58 - [Job ID: 34531] Attempt 1: Accessing https://www.jobindex.dk/jobannonce/r13095103/sygeplejerske-til-fast-stilling-til-operations-og-ambulatorieafsnit-for-gynaekologi-og-obstetrik-paa-afdeling-for-kvindesygdom
2025-04-07 13:37:59 - [Job ID: 34528] Attempt 1: Accessing https://www.jobindex.dk/jobannonce/r13095268/sygeplejerske-skadestuen-dronning-ingrids-sundhedscenter-dis-nuuk-groenland-25-187
2025-04-07 13:38:00 - [Job ID: 34526] Attempt 1: Accessing https://candidate.hr-manager.net/ApplicationInit.aspx?cid=342&ProjectId=261927&DepartmentId=14415&MediaId=5
2025-04-07 13:38:01 - [Job ID: 34523] Attempt 1: Accessing https://candidate.hr-manager.net/ApplicationInit.aspx?cid=342&ProjectId=261922&DepartmentId=25875&MediaId=5
2025-04-07 13:38:01 - [Job ID: 34530] Attempt 1: Accessing https://www.jobindex.dk/jobannonce/r13095257/sygeplejerske-med-psykiatrisk-erfaring-soeges-til-fast-stilling-i-dobbeltdiagnose-afsnit-05-psykiatrisk-afdeling-vejle
2025-04-07 13:38:03 - [Job ID: 34532] Attempt 1: Accessing https://www.jobindex.dk/jobannonce/r13095251/vil-du-vaere-med-til-at-behandle-region-nordjyllands-mrsa-patienter
2025-04-07 13:38:04 - [Job ID: 34527] Attempt 1: Accessing https://www.jobindex.dk/jobannonce/r13095269/sygeplejerske-landsapoteket-i-nuuk-groenland-25-186
2025-04-07 13:38:04 - [Job ID: 34529] Attempt 1: Accessing https://www.jobindex.dk/jobannonce/r13095046/erfaren-og-engageret-ambulantsygeplejerske-soeges-goer-en-forskel-i-retspsykiatrisk-distriktspsykiatri
2025-04-07 13:38:04 - [Job ID: 34525] Attempt 1: Accessing https://candidate.hr-manager.net/ApplicationInit.aspx?cid=342&ProjectId=261930&DepartmentId=14415&MediaId=5
2025-04-07 13:38:05 - [Job ID: 34522] Attempt 1: Accessing https://candidate.hr-manager.net/ApplicationInit.aspx?cid=1518&ProjectId=206074&DepartmentId=21010&MediaId=5
2025-04-07 13:38:09 - Updated content for job ID: 34526
2025-04-07 13:38:09 - Updated content for job ID: 34523
2025-04-07 13:38:10 - Updated content for job ID: 34530
2025-04-07 13:38:10 - Updated content for job ID: 34532
2025-04-07 13:38:10 - Updated content for job ID: 34531
2025-04-07 13:38:10 - Updated content for job ID: 34528
2025-04-07 13:38:10 - Updated content for job ID: 34527
2025-04-07 13:38:10 - Updated content for job ID: 34529
2025-04-07 13:38:12 - Updated content for job ID: 34525
2025-04-07 13:38:14 - Updated content for job ID: 34522
2025-04-07 13:38:15 - Processing jobs 34533 to 34542
2025-04-07 13:38:17 - [Job ID: 34534] Attempt 1: Accessing https://www.jobindex.dk/jobannonce/r13095112/sygeplejerske-til-operationsafsnittet-sjaellands-universitetshospital-nykoebing-f
2025-04-07 13:38:17 - [Job ID: 34536] Attempt 1: Accessing https://www.jobindex.dk/jobannonce/r13095205/visitator-til-afdelingen-for-aeldre-og-omsorg
2025-04-07 13:38:18 - [Job ID: 34537] Attempt 1: Accessing https://candidate.hr-manager.net/ApplicationInit.aspx?cid=342&ProjectId=261917&DepartmentId=22055&MediaId=5
2025-04-07 13:38:19 - [Job ID: 34540] Attempt 1: Accessing https://candidate.hr-manager.net/ApplicationInit.aspx?cid=179&ProjectId=193841&DepartmentId=22245&MediaId=5578
2025-04-07 13:38:20 - [Job ID: 34535] Attempt 1: Accessing https://www.jobindex.dk/jobannonce/r13095144/sundhedshuset-soeger-en-sundhedsfaglig-medarbejder-der-mestrer-dialogen-som-et-redskab-til-at-borgerne-kan-lave-vaneforandri
2025-04-07 13:38:21 - [Job ID: 34533] Attempt 1: Accessing https://www.jobindex.dk/jobannonce/r13095101/aeldrepsykiatrien-et-spaendende-speciale-hvor-du-har-lyst-til-at-blive
2025-04-07 13:38:22 - Updated content for job ID: 34534
2025-04-07 13:38:22 - [Job ID: 34542] Attempt 1: Accessing https://www.jobindex.dk/jobannonce/h1554717/koordinator-til-produktionsstyring-i-tilst-barselsvikariat-1-aar
2025-04-07 13:38:23 - [Job ID: 34538] Attempt 1: Accessing https://www.jobindex.dk/jobannonce/r13094861/kaere-sygeplejerske-hvad-kan-vi-tilbyde-dig-at-arbejde-for-at-opnaa-den-bedste-psykiatriske-sygepleje-for-vores-patienter-
2025-04-07 13:38:24 - [Job ID: 34539] Attempt 1: Accessing https://www.jobindex.dk/jobannonce/r13094985/spaendende-nyoprettet-vicechefjordemoderstilling-i-gynaekologisk-obstetrisk-afdeling-paa-holbaek-sygehus
2025-04-07 13:38:24 - [Job ID: 34541] Attempt 1: Accessing https://landbrugogfdevarerfmba.hr-on.com/show-job/251068?linkref=291067&locale=da_DK
2025-04-07 13:38:25 - Updated content for job ID: 34537
2025-04-07 13:38:25 - Updated content for job ID: 34536
2025-04-07 13:38:25 - Updated content for job ID: 34535
2025-04-07 13:38:25 - Updated content for job ID: 34542
2025-04-07 13:38:26 - Updated content for job ID: 34533
2025-04-07 13:38:27 - Updated content for job ID: 34540
2025-04-07 13:38:28 - Updated content for job ID: 34541
2025-04-07 13:38:28 - Updated content for job ID: 34539
2025-04-07 13:38:30 - Updated content for job ID: 34538
2025-04-07 13:38:31 - Processing jobs 34543 to 34552
2025-04-07 13:38:32 - [Job ID: 34543] Attempt 1: Accessing https://www.jobindex.dk/jobannonce/h1554712/kirkegaardssekretaer-til-holme-og-kolt-kirkegaarde
2025-04-07 13:38:33 - [Job ID: 34545] Attempt 1: Accessing https://www.jobindex.dk/jobannonce/h1554676/kundeservicemedarbejder-til-fleye-copenhagen
2025-04-07 13:38:33 - [Job ID: 34551] Attempt 1: Accessing https://candidate.hr-manager.net/ApplicationInit.aspx?cid=5001&ProjectId=187832&DepartmentId=8020&MediaId=5
2025-04-07 13:38:34 - [Job ID: 34547] Attempt 1: Accessing https://ndi.career.emply.com/ad/sales-back-office-assistant-ndi-group/6m6s83/da
2025-04-07 13:38:35 - [Job ID: 34548] Attempt 1: Accessing https://www.jobindex.dk/jobannonce/h1554630/kundesupporter
2025-04-07 13:38:36 - [Job ID: 34546] Attempt 1: Accessing https://www.jobindex.dk/jobannonce/h1554640/kundekontakt-ansvarlig-crm
2025-04-07 13:38:37 - [Job ID: 34549] Attempt 1: Accessing https://urbanpartners.career.emply.com/ad/executive-assistant-urban-partners-copenhagen/dsfxmp/en
2025-04-07 13:38:37 - Updated content for job ID: 34543
2025-04-07 13:38:38 - [Job ID: 34552] Attempt 1: Accessing https://www.jobindex.dk/jobannonce/h1554319/kunderaadgiver-hos-duka-et-job-med-mening
2025-04-07 13:38:38 - Updated content for job ID: 34545
2025-04-07 13:38:39 - Updated content for job ID: 34547
2025-04-07 13:38:39 - [Job ID: 34550] Attempt 1: Accessing https://www.jobindex.dk/jobannonce/h1554580/hifi-klubben-soeger-en-master-data-coordinator-deltid-timeloen
2025-04-07 13:38:39 - [Job ID: 34544] Attempt 1: Accessing https://candidate.hr-manager.net/ApplicationInit.aspx?cid=1675&ProjectId=145051&DepartmentId=19016&MediaId=4620
2025-04-07 13:38:40 - Updated content for job ID: 34548
2025-04-07 13:38:40 - Updated content for job ID: 34551
2025-04-07 13:38:41 - Updated content for job ID: 34546
2025-04-07 13:38:41 - Updated content for job ID: 34549
2025-04-07 13:38:43 - Updated content for job ID: 34552
2025-04-07 13:38:44 - Updated content for job ID: 34550
2025-04-07 13:38:48 - Updated content for job ID: 34544
2025-04-07 13:38:49 - Processing jobs 34553 to 34562
2025-04-07 13:38:50 - [Job ID: 34554] Attempt 1: Accessing https://www.bo-vest.dk/om-bo-vest/job-og-karriere/jobbeskrivelse/7368-job-28577-job-5837-job-driftssekretaer-paa-deltid-til-bo-vest-etagehusene/
2025-04-07 13:38:51 - [Job ID: 34562] Attempt 1: Accessing https://www.jobindex.dk/jobannonce/r13094974/kontorassistent-medarbejder
2025-04-07 13:38:52 - [Job ID: 34560] Attempt 1: Accessing https://www.jobindex.dk/jobannonce/r13095106/fjelsoe-friskole-soeger-en-skolesekretaer-med-let-til-smil-og-flair-for-administration
2025-04-07 13:38:52 - [Job ID: 34557] Attempt 1: Accessing https://app.jobmatchprofile.com/wka5p2?client=jobindex
2025-04-07 13:38:53 - [Job ID: 34559] Attempt 1: Accessing https://portal.signatur.dk/ExtJobs/DefaultHosting/JobDetails.aspx?ClientId=2533&WebAdId=137337
2025-04-07 13:38:54 - [Job ID: 34555] Attempt 1: Accessing https://www.academicwork.dk/ledige-stillinger/j/costumer-service-specialist-til-b-braun-medical-as/B6O04W
2025-04-07 13:38:55 - [Job ID: 34553] Attempt 1: Accessing https://candidate.hr-manager.net/ApplicationInit.aspx?cid=55&ProjectId=182016&DepartmentId=1088&MediaId=59
2025-04-07 13:38:56 - [Job ID: 34561] Attempt 1: Accessing https://www.jobindex.dk/jobannonce/r13095245/administrativ-medarbejder-med-flair-for-digitale-systemer-som-trives-som-blaeksprutte-soeges-til-barselsvikarstilling-pr-1-ju
2025-04-07 13:38:56 - Updated content for job ID: 34562
2025-04-07 13:38:57 - Updated content for job ID: 34560
2025-04-07 13:38:57 - [Job ID: 34556] Attempt 1: Accessing https://www.jobindex.dk/jobannonce/h1554714/administrativ-driftskoordinator-noegleperson-i-vores-indkoebsafdeling
2025-04-07 13:38:57 - [Job ID: 34558] Attempt 1: Accessing https://ftz.easycruit.com/vacancy/3483415/77297?iso=dk
2025-04-07 13:38:57 - Updated content for job ID: 34557
2025-04-07 13:38:59 - Updated content for job ID: 34555
2025-04-07 13:38:59 - Updated content for job ID: 34559
2025-04-07 13:39:01 - Updated content for job ID: 34561
2025-04-07 13:39:01 - Updated content for job ID: 34558
2025-04-07 13:39:01 - Updated content for job ID: 34556
2025-04-07 13:39:05 - [Job ID: 34554] Attempt 1 failed: Page.goto: Timeout 15000ms exceeded.
Call log:
  - navigating to "https://www.bo-vest.dk/om-bo-vest/job-og-karriere/jobbeskrivelse/7368-job-28577-job-5837-job-driftssekretaer-paa-deltid-til-bo-vest-etagehusene/", waiting until "networkidle"

2025-04-07 13:39:06 - Updated content for job ID: 34553
2025-04-07 13:39:09 - [Job ID: 34554] Attempt 2: Accessing https://www.bo-vest.dk/om-bo-vest/job-og-karriere/jobbeskrivelse/7368-job-28577-job-5837-job-driftssekretaer-paa-deltid-til-bo-vest-etagehusene/
2025-04-07 13:39:24 - [Job ID: 34554] Attempt 2 failed: Page.goto: Timeout 15000ms exceeded.
Call log:
  - navigating to "https://www.bo-vest.dk/om-bo-vest/job-og-karriere/jobbeskrivelse/7368-job-28577-job-5837-job-driftssekretaer-paa-deltid-til-bo-vest-etagehusene/", waiting until "networkidle"

2025-04-07 13:39:27 - [Job ID: 34554] Attempt 3: Accessing https://www.bo-vest.dk/om-bo-vest/job-og-karriere/jobbeskrivelse/7368-job-28577-job-5837-job-driftssekretaer-paa-deltid-til-bo-vest-etagehusene/
2025-04-07 13:39:42 - [Job ID: 34554] Attempt 3 failed: Page.goto: Timeout 15000ms exceeded.
Call log:
  - navigating to "https://www.bo-vest.dk/om-bo-vest/job-og-karriere/jobbeskrivelse/7368-job-28577-job-5837-job-driftssekretaer-paa-deltid-til-bo-vest-etagehusene/", waiting until "networkidle"

2025-04-07 13:39:42 - [Job ID: 34554] All attempts failed for https://www.bo-vest.dk/om-bo-vest/job-og-karriere/jobbeskrivelse/7368-job-28577-job-5837-job-driftssekretaer-paa-deltid-til-bo-vest-etagehusene/
2025-04-07 13:39:43 - No content retrieved for job ID: 34554
2025-04-07 13:39:44 - Processing jobs 34563 to 34572
2025-04-07 13:39:45 - [Job ID: 34571] Attempt 1: Accessing https://hrmnordic.myhrsol.com/Recruitment/ahlsell/Jobs/TemplatePreview/16243
2025-04-07 13:39:46 - [Job ID: 34567] Attempt 1: Accessing https://candidate.hr-manager.net/ApplicationInit.aspx?cid=3039&ProjectId=143618&DepartmentId=18975&MediaId=5
2025-04-07 13:39:46 - [Job ID: 34572] Attempt 1: Accessing https://home.dk/om-home/job-og-karriere/ledige-stillinger/?hr=show-job/251923%26locale=da_DK
2025-04-07 13:39:47 - [Job ID: 34564] Attempt 1: Accessing https://www.job-karriere.dk/Norlys/job/Silkeborg-Juniorassistent-8600/1174765701/
2025-04-07 13:39:48 - [Job ID: 34568] Attempt 1: Accessing https://candidate.hr-manager.net/ApplicationInit.aspx?cid=5001&ProjectId=187851&DepartmentId=9143&MediaId=5
2025-04-07 13:39:49 - [Job ID: 34566] Attempt 1: Accessing https://ottoconsult.dk/tiltraekke/ledigestillinger?hr=show-job%2F251997
2025-04-07 13:39:49 - [Job ID: 34565] Attempt 1: Accessing https://app.jobmatchprofile.com/mqcaqk?client=jobindex
2025-04-07 13:39:50 - [Job ID: 34570] Attempt 1: Accessing https://www.jobindex.dk/jobannonce/h1554264/fitnessgruppen-soeger-handelselev-eller-e-handelselev-til-butik-i-skanderborg
2025-04-07 13:39:51 - [Job ID: 34569] Attempt 1: Accessing https://awstrack.youngcrm.com/CL0/https:%2F%2Fkaufmann.youngcrm.com%2Fjobportal%2F11103%3Futm_source=youngcrm%26utm_medium=notification%26utm_campaign=media/1/010201960f2127cd-a360fed1-7b40-418d-a508-d055aac5976c-000000/Tc-MPkG1a-Ucc1siRgsVDoSUKiA1JwrmJpmb18z2cok=399
2025-04-07 13:39:51 - Updated content for job ID: 34571
2025-04-07 13:39:51 - [Job ID: 34563] Attempt 1: Accessing https://www.jobindex.dk/jobannonce/h1554581/er-du-hotel-alexandra-og-hotel-christian-ivs-nye-fuldtidsreceptionist
2025-04-07 13:39:52 - Updated content for job ID: 34567
2025-04-07 13:39:54 - Updated content for job ID: 34564
2025-04-07 13:39:55 - Updated content for job ID: 34572
2025-04-07 13:39:58 - Updated content for job ID: 34566
2025-04-07 13:39:58 - Updated content for job ID: 34570
2025-04-07 13:39:58 - Updated content for job ID: 34563
2025-04-07 13:40:00 - Updated content for job ID: 34569
2025-04-07 13:40:02 - Updated content for job ID: 34565
2025-04-07 13:40:03 - [Job ID: 34568] Attempt 1 failed: Page.goto: Timeout 15000ms exceeded.
Call log:
  - navigating to "https://candidate.hr-manager.net/ApplicationInit.aspx?cid=5001&ProjectId=187851&DepartmentId=9143&MediaId=5", waiting until "networkidle"

2025-04-07 13:40:06 - [Job ID: 34568] Attempt 2: Accessing https://candidate.hr-manager.net/ApplicationInit.aspx?cid=5001&ProjectId=187851&DepartmentId=9143&MediaId=5
2025-04-07 13:40:10 - Updated content for job ID: 34568
2025-04-07 13:40:12 - Processing jobs 34573 to 34582
2025-04-07 13:40:13 - [Job ID: 34573] Attempt 1: Accessing https://al-bank.easycruit.com/vacancy/3488347/14243?iso=dk&channel=jobindex
2025-04-07 13:40:14 - [Job ID: 34579] Attempt 1: Accessing https://www.jks.dk/Default.aspx?ID=68960
2025-04-07 13:40:15 - [Job ID: 34582] Attempt 1: Accessing https://jobteam.dk/afdeling/6200B/M_U-Byg-L108-Aabenraa/jobindex/
2025-04-07 13:40:15 - [Job ID: 34575] Attempt 1: Accessing https://www.jobindex.dk/jobannonce/r13095094/kontorelever-til-jammerbugt-kommune
2025-04-07 13:40:16 - [Job ID: 34578] Attempt 1: Accessing https://portal.signatur.dk/ExtJobs/DefaultHosting/JobDetails.aspx?ClientId=1449&WebAdId=137434
2025-04-07 13:40:17 - [Job ID: 34577] Attempt 1: Accessing https://app.elvium.com/da/positions/30069/job_posting?referer_host=www.jobindex.dk
2025-04-07 13:40:19 - [Job ID: 34576] Attempt 1: Accessing https://www.jobindex.dk/jobannonce/r13095230/familieplejen-aarhus-kommune-soeger-godkendt-forstaerket-plejefamilie-til-8-aarig-dreng
2025-04-07 13:40:19 - [Job ID: 34580] Attempt 1: Accessing https://jobteam.dk/afdeling/6000B/M_U-Byg-L106-Kolding/jobindex/
2025-04-07 13:40:20 - [Job ID: 34581] Attempt 1: Accessing https://jobteam.dk/afdeling/8800B/M_U-Byg-L106-Viborg/jobindex/
2025-04-07 13:40:20 - [Job ID: 34574] Attempt 1: Accessing https://www.jobindex.dk/jobannonce/h1530444/revisortrainee-hos-redmark-2026
2025-04-07 13:40:25 - Updated content for job ID: 34579
2025-04-07 13:40:25 - Updated content for job ID: 34582
2025-04-07 13:40:27 - Updated content for job ID: 34580
2025-04-07 13:40:27 - Updated content for job ID: 34581
2025-04-07 13:40:28 - Updated content for job ID: 34575
2025-04-07 13:40:28 - Updated content for job ID: 34574
2025-04-07 13:40:28 - Updated content for job ID: 34576
2025-04-07 13:40:28 - Updated content for job ID: 34578
2025-04-07 13:40:28 - [Job ID: 34573] Attempt 1 failed: Page.goto: Timeout 15000ms exceeded.
Call log:
  - navigating to "https://al-bank.easycruit.com/vacancy/3488347/14243?iso=dk&channel=jobindex", waiting until "networkidle"

2025-04-07 13:40:28 - Updated content for job ID: 34577
2025-04-07 13:40:31 - [Job ID: 34573] Attempt 2: Accessing https://al-bank.easycruit.com/vacancy/3488347/14243?iso=dk&channel=jobindex
2025-04-07 13:40:35 - Updated content for job ID: 34573
2025-04-07 13:40:36 - Processing jobs 34583 to 34592
2025-04-07 13:40:38 - [Job ID: 34584] Attempt 1: Accessing https://www.jobindex.dk/jobannonce/r13095134/vil-du-med-paa-holdet-2025
2025-04-07 13:40:39 - [Job ID: 34588] Attempt 1: Accessing https://www.jobindex.dk/jobannonce/r13094859/specialarbejder-til-vejdrift
2025-04-07 13:40:39 - [Job ID: 34586] Attempt 1: Accessing https://www.jobindex.dk/jobannonce/r13094897/klar-til-nye-udfordringer-vi-soeger-en-dygtig-betonmand-med-haenderne-skruet-rigtigt-paa
2025-04-07 13:40:40 - [Job ID: 34585] Attempt 1: Accessing https://jobteam.dk/afdeling/2610U/MGH130425/jobindex/
2025-04-07 13:40:41 - [Job ID: 34583] Attempt 1: Accessing https://jobteam.dk/afdeling/8230B/M_U-Byg-L110-Aarhus/jobindex/
2025-04-07 13:40:42 - [Job ID: 34591] Attempt 1: Accessing https://efzu.fa.em2.oraclecloud.com/hcmUI/CandidateExperience/da/sites/CX_1/job/5018
2025-04-07 13:40:44 - [Job ID: 34592] Attempt 1: Accessing https://www.jobindex.dk/jobannonce/r13095212/anlaegsgartnerfirmaet-all-round-service-aps-i-naestved-soeger-ny-kollega
2025-04-07 13:40:45 - [Job ID: 34587] Attempt 1: Accessing https://www.jobindex.dk/jobannonce/r13094898/nedriver-med-asbest-og-pcb-erfaring-vi-har-jobbet-du-leder-efter
2025-04-07 13:40:45 - [Job ID: 34589] Attempt 1: Accessing https://candidate.hr-manager.net/ApplicationInit.aspx?cid=5001&ProjectId=187881&DepartmentId=6163&MediaId=3638
2025-04-07 13:40:45 - [Job ID: 34590] Attempt 1: Accessing https://candidate.hr-manager.net/ApplicationInit.aspx?cid=5001&ProjectId=187850&DepartmentId=7683&MediaId=5
2025-04-07 13:40:46 - Updated content for job ID: 34588
2025-04-07 13:40:46 - Updated content for job ID: 34584
2025-04-07 13:40:47 - Updated content for job ID: 34585
2025-04-07 13:40:47 - Updated content for job ID: 34586
2025-04-07 13:40:47 - Updated content for job ID: 34583
2025-04-07 13:40:48 - Updated content for job ID: 34592
2025-04-07 13:40:50 - Updated content for job ID: 34587
2025-04-07 13:40:51 - Updated content for job ID: 34591
2025-04-07 13:40:53 - Updated content for job ID: 34590
2025-04-07 13:40:55 - Updated content for job ID: 34589
2025-04-07 13:40:56 - Processing jobs 34593 to 34602
2025-04-07 13:40:57 - [Job ID: 34594] Attempt 1: Accessing https://www.jobindex.dk/jobannonce/r13095186/fuglsanggaard-selvplukhave-og-gaardbutik-soeger-medhjaelp-i-sommerperioden-2025
2025-04-07 13:40:58 - [Job ID: 34597] Attempt 1: Accessing https://www.jobindex.dk/jobannonce/r13094988/graa-anlaegsgartner-soeges-i-humlebaek-er-du-klar-til-at-goere-en-forskel-i-udendoers-anlaeg
2025-04-07 13:40:59 - [Job ID: 34602] Attempt 1: Accessing https://candidate.hr-manager.net/ApplicationInit.aspx?cid=1862&ProjectId=143900&DepartmentId=18995&MediaId=4614
2025-04-07 13:41:00 - [Job ID: 34599] Attempt 1: Accessing https://www.jobindex.dk/jobannonce/r13094860/krat-ko-soeger-en-arborist-som-er-glad-for-biller-og-flagermus
2025-04-07 13:41:01 - [Job ID: 34595] Attempt 1: Accessing https://www.jobindex.dk/jobannonce/r13095141/kirkegaardsgartner-til-naestved-kirkegaarde
2025-04-07 13:41:02 - [Job ID: 34598] Attempt 1: Accessing https://www.jobindex.dk/jobannonce/r13094986/groen-anlaegsgartner-soeges-i-humlebaek-er-du-passioneret-omkring-havearbejde-og-groenne-omraader
2025-04-07 13:41:04 - [Job ID: 34601] Attempt 1: Accessing https://candidate.hr-manager.net/ApplicationInit.aspx?cid=1392&ProjectId=146010&DepartmentId=20050&MediaId=4616
2025-04-07 13:41:04 - [Job ID: 34596] Attempt 1: Accessing https://www.jobindex.dk/jobannonce/r13095102/jordbrugskontrolloerer-til-kontrolopgaver-i-hele-landet
2025-04-07 13:41:04 - [Job ID: 34593] Attempt 1: Accessing https://www.jobindex.dk/jobannonce/r13095255/landbrugsmedhjaelper
2025-04-07 13:41:04 - [Job ID: 34600] Attempt 1: Accessing https://www.jobindex.dk/jobannonce/r13094977/hestepasser
2025-04-07 13:41:07 - Updated content for job ID: 34602
2025-04-07 13:41:07 - Updated content for job ID: 34594
2025-04-07 13:41:07 - Updated content for job ID: 34597
2025-04-07 13:41:07 - Updated content for job ID: 34599
2025-04-07 13:41:07 - Updated content for job ID: 34595
2025-04-07 13:41:09 - Updated content for job ID: 34601
2025-04-07 13:41:10 - Updated content for job ID: 34598
2025-04-07 13:41:12 - Updated content for job ID: 34593
2025-04-07 13:41:12 - Updated content for job ID: 34600
2025-04-07 13:41:12 - Updated content for job ID: 34596
2025-04-07 13:41:13 - Processing jobs 34603 to 34612
2025-04-07 13:41:15 - [Job ID: 34604] Attempt 1: Accessing https://app.elvium.com/da/positions/30047/job_posting
2025-04-07 13:41:16 - [Job ID: 34603] Attempt 1: Accessing https://www.jobindex.dk/jobannonce/h1554768/socialfaglige-medarbejdere
2025-04-07 13:41:17 - [Job ID: 34611] Attempt 1: Accessing https://portal.signatur.dk/ExtJobs/DefaultHosting/JobDetails.aspx?ClientId=1436&WebAdId=136112
2025-04-07 13:41:17 - [Job ID: 34612] Attempt 1: Accessing https://portal.signatur.dk/ExtJobs/DefaultHosting/JobDetails.aspx?ClientId=2079&WebAdId=137400
2025-04-07 13:41:18 - [Job ID: 34607] Attempt 1: Accessing https://vordingborg.career.emply.com/ad/nattevagt-soges-til-botilbud-i-vordingborg/7mqg11/da
2025-04-07 13:41:19 - [Job ID: 34606] Attempt 1: Accessing https://www.jobindex.dk/jobannonce/h1554718/er-du-vores-nye-leder-hos-granhoejen-skab-en-meningsfuld-fremtid
2025-04-07 13:41:20 - Updated content for job ID: 34611
2025-04-07 13:41:20 - [Job ID: 34605] Attempt 1: Accessing https://www.jobindex.dk/jobannonce/h1554722/socialfaglig-medarbejder-m-k-37-t-u-soeges-til-krisecenter-beliggende-i-gladsaxe
2025-04-07 13:41:20 - Updated content for job ID: 34604
2025-04-07 13:41:21 - Updated content for job ID: 34603
2025-04-07 13:41:22 - [Job ID: 34608] Attempt 1: Accessing https://albertslund.career.emply.com/ad/staerk-socialfaglig-profil-til-vores-socialradgiverteam-i-albertslund-rusmiddelcen/75ugou/da
2025-04-07 13:41:22 - [Job ID: 34610] Attempt 1: Accessing https://taarnby.hr-on.com/show-job/252076&locale=da_DK
2025-04-07 13:41:22 - [Job ID: 34609] Attempt 1: Accessing https://www.jobindex.dk/jobannonce/h1554482/vi-har-en-sjaelden-ledig-stilling-som-paedagog-hos-os
2025-04-07 13:41:23 - Updated content for job ID: 34612
2025-04-07 13:41:23 - Updated content for job ID: 34606
2025-04-07 13:41:24 - Updated content for job ID: 34607
2025-04-07 13:41:26 - Updated content for job ID: 34605
2025-04-07 13:41:27 - Updated content for job ID: 34609
2025-04-07 13:41:29 - Updated content for job ID: 34610
2025-04-07 13:41:33 - Updated content for job ID: 34608
2025-04-07 13:41:34 - Processing jobs 34613 to 34622
2025-04-07 13:41:36 - [Job ID: 34617] Attempt 1: Accessing https://www.aalborg.dk/job-og-karriere/vis-job?id=21403
2025-04-07 13:41:37 - [Job ID: 34616] Attempt 1: Accessing https://candidate.hr-manager.net/ApplicationInit.aspx?cid=342&ProjectId=261928&DepartmentId=12112&MediaId=5
2025-04-07 13:41:37 - [Job ID: 34615] Attempt 1: Accessing https://candidate.hr-manager.net/ApplicationInit.aspx?cid=1518&ProjectId=206061&DepartmentId=22551&MediaId=5
2025-04-07 13:41:38 - [Job ID: 34618] Attempt 1: Accessing https://www.aalborg.dk/job-og-karriere/vis-job?id=21402
2025-04-07 13:41:39 - [Job ID: 34614] Attempt 1: Accessing https://candidate.hr-manager.net/ApplicationInit.aspx?cid=1518&ProjectId=206072&DepartmentId=19236&MediaId=5
2025-04-07 13:41:40 - [Job ID: 34621] Attempt 1: Accessing https://www.jobindex.dk/jobannonce/r13095044/kolboetten-i-hasselager-soeger-paedagog-til-barselsvikariat
2025-04-07 13:41:40 - [Job ID: 34619] Attempt 1: Accessing https://www.jobindex.dk/jobannonce/r13094999/sfo-paedagog-til-aakjaerskolen-barselsvikariat
2025-04-07 13:41:41 - [Job ID: 34620] Attempt 1: Accessing https://www.jobindex.dk/jobannonce/r13095241/dygtig-paedagog-til-vores-vuggestue-dii-drivhuset-christiansbjerg-dagtilbud
2025-04-07 13:41:42 - [Job ID: 34622] Attempt 1: Accessing https://www.jobindex.dk/jobannonce/r13095028/erfaren-og-naervaerende-paedagog-soeges-til-specialiseret-botilbud-med-fokus-paa-autisme
2025-04-07 13:41:42 - [Job ID: 34613] Attempt 1: Accessing https://frederikshavn.career.emply.com/ad/paedagog-eller-paedagogisk-medarbeder-til-bangsbostrand-gaerums-sfo/nnrb3u/da
2025-04-07 13:41:42 - Updated content for job ID: 34617
2025-04-07 13:41:46 - Updated content for job ID: 34619
2025-04-07 13:41:47 - Updated content for job ID: 34621
2025-04-07 13:41:47 - Updated content for job ID: 34620
2025-04-07 13:41:48 - Updated content for job ID: 34613
2025-04-07 13:41:49 - Updated content for job ID: 34614
2025-04-07 13:41:49 - Updated content for job ID: 34622
2025-04-07 13:41:50 - Updated content for job ID: 34616
2025-04-07 13:41:51 - Updated content for job ID: 34615
2025-04-07 13:41:53 - [Job ID: 34618] Attempt 1 failed: Page.goto: Timeout 15000ms exceeded.
Call log:
  - navigating to "https://www.aalborg.dk/job-og-karriere/vis-job?id=21402", waiting until "networkidle"

2025-04-07 13:41:56 - [Job ID: 34618] Attempt 2: Accessing https://www.aalborg.dk/job-og-karriere/vis-job?id=21402
2025-04-07 13:42:00 - Updated content for job ID: 34618
2025-04-07 13:42:01 - Processing jobs 34623 to 34633
2025-04-07 13:42:03 - [Job ID: 34630] Attempt 1: Accessing https://www.jobindex.dk/jobannonce/r13095201/paedagog-til-boernehus-med-musikprofil
2025-04-07 13:42:04 - [Job ID: 34631] Attempt 1: Accessing https://www.jobindex.dk/jobannonce/r13095090/er-du-paedagogisk-uddannet-og-motiveret-af-at-goere-en-forskel-for-mennesker-med-erhvervet-hjerneskade
2025-04-07 13:42:05 - [Job ID: 34629] Attempt 1: Accessing https://www.jobindex.dk/jobannonce/r13095097/genopslag-ravnholm-skole-afd-naerum-soeger-en-paedagog-der-med-indlevelse-og-engagement-kan-vaere-omdrejningspunkt-og-kan-bidra
2025-04-07 13:42:05 - [Job ID: 34624] Attempt 1: Accessing https://www.jobindex.dk/jobannonce/r13095219/magi-i-boernehoejde-paedagogmedhjaelper-37-timer-til-eventyrhaven
2025-04-07 13:42:06 - [Job ID: 34626] Attempt 1: Accessing https://www.jobindex.dk/jobannonce/r13095060/forsorgshjemmet-fastershus-soeger-socialfaglig-medarbejder-med-erfaring-indenfor-hjemloeshed-misbrug-og-eller-psykiatri-fra-d
2025-04-07 13:42:07 - [Job ID: 34625] Attempt 1: Accessing https://www.jobindex.dk/jobannonce/r13095081/skolepaedagog
2025-04-07 13:42:08 - [Job ID: 34627] Attempt 1: Accessing https://www.jobindex.dk/jobannonce/r13095176/paedagog-med-livsglaede
2025-04-07 13:42:09 - [Job ID: 34628] Attempt 1: Accessing https://www.jobindex.dk/jobannonce/r13095256/paedagog-med-psykiatrisk-erfaring-soeges-til-fast-stilling-i-almen-psykiatrisk-afsnit-05-psykiatrisk-afdeling-vejle-med-fokus
2025-04-07 13:42:10 - [Job ID: 34633] Attempt 1: Accessing https://www.jobindex.dk/jobannonce/h1554699/underviser-og-praktikmedarbejder-soeges-til-guldborgsund-ungdomsskoles-heltidsundervisning
2025-04-07 13:42:10 - [Job ID: 34623] Attempt 1: Accessing https://www.jobindex.dk/jobannonce/r13094997/paedagog-paedagogisk-assistent-til-braarup-fritidscenter
2025-04-07 13:42:11 - Updated content for job ID: 34630
2025-04-07 13:42:11 - Updated content for job ID: 34631
2025-04-07 13:42:13 - Updated content for job ID: 34629
2025-04-07 13:42:17 - Updated content for job ID: 34624
2025-04-07 13:42:19 - Updated content for job ID: 34626
2025-04-07 13:42:21 - Updated content for job ID: 34625
2025-04-07 13:42:21 - Updated content for job ID: 34627
2025-04-07 13:42:22 - Updated content for job ID: 34628
2025-04-07 13:42:22 - Updated content for job ID: 34623
2025-04-07 13:42:22 - Updated content for job ID: 34633
2025-04-07 13:42:23 - Processing jobs 34634 to 34643
2025-04-07 13:42:25 - [Job ID: 34636] Attempt 1: Accessing https://www.innomate.com/InnomatePublicPagesMedarb/JobNotice.aspx?CompanyId=brock&JobNoticeId=583
2025-04-07 13:42:26 - [Job ID: 34635] Attempt 1: Accessing https://portal.signatur.dk/ExtJobs/DefaultHosting/JobDetails.aspx?ClientId=2308&WebAdId=137349&Lang=1030
2025-04-07 13:42:26 - [Job ID: 34637] Attempt 1: Accessing https://www.jobindex.dk/jobannonce/h1554623/matematik-paa-toemmerup-friskole
2025-04-07 13:42:27 - [Job ID: 34643] Attempt 1: Accessing https://www.jobindex.dk/jobannonce/r13095045/barselsvikar-til-hhx
2025-04-07 13:42:28 - Updated content for job ID: 34636
2025-04-07 13:42:28 - [Job ID: 34634] Attempt 1: Accessing https://www.jobindex.dk/jobannonce/h1554673/barselsvikariat-ordblindevejleder-og-dansklaerer-soeges-til-at-styrke-et-inkluderende-laeringsmiljoe
2025-04-07 13:42:29 - [Job ID: 34641] Attempt 1: Accessing https://www.jobindex.dk/jobannonce/r13095109/engageret-musiklaerer-paa-37-timer
2025-04-07 13:42:30 - [Job ID: 34642] Attempt 1: Accessing https://www.jobindex.dk/jobannonce/r13095116/fgu-soenderjylland-i-toender-soeger-faglaerer-til-fagtemaet-mad-og-ernaering
2025-04-07 13:42:30 - [Job ID: 34638] Attempt 1: Accessing https://portal.signatur.dk/ExtJobs/DefaultHosting/JobDetails.aspx?ClientId=1436&WebAdId=136118
2025-04-07 13:42:31 - [Job ID: 34639] Attempt 1: Accessing https://gotutor.dk/bliv-underviser?utm_campaign=Jobindex-bliv-underviser&utm_medium=paid-post
2025-04-07 13:42:31 - [Job ID: 34640] Attempt 1: Accessing https://www.jobindex.dk/jobannonce/r13095151/laerer-til-vores-indskoling-kaerhuset-til-vores-nye-gruppe-som-arbejder-nest-inspireret
2025-04-07 13:42:32 - Updated content for job ID: 34635
2025-04-07 13:42:33 - Updated content for job ID: 34637
2025-04-07 13:42:33 - Updated content for job ID: 34638
2025-04-07 13:42:33 - Updated content for job ID: 34643
2025-04-07 13:42:35 - Updated content for job ID: 34634
2025-04-07 13:42:36 - Updated content for job ID: 34639
2025-04-07 13:42:37 - Updated content for job ID: 34641
2025-04-07 13:42:37 - Updated content for job ID: 34642
2025-04-07 13:42:38 - Updated content for job ID: 34640
2025-04-07 13:42:39 - Processing jobs 34644 to 34653
2025-04-07 13:42:41 - [Job ID: 34645] Attempt 1: Accessing https://www.jobindex.dk/jobannonce/r13094969/ucrs-gymnasierne-i-ringkoebing-og-skjern-soeger-nye-kollegaer-til-undervisning-i-afsaetning-og-engelsk
2025-04-07 13:42:41 - [Job ID: 34650] Attempt 1: Accessing https://www.jobindex.dk/jobannonce/h1554652/accounts-payable-specialist-for-production-company
2025-04-07 13:42:42 - [Job ID: 34651] Attempt 1: Accessing https://jobs.danishcrown.com/job/Randers-SV-Commercial-Insight-Specialist-8940/1189841701/
2025-04-07 13:42:43 - [Job ID: 34648] Attempt 1: Accessing https://danofficeit.career.emply.com/ad/financial-assistant-debitor/5xq5uu/da
2025-04-07 13:42:44 - [Job ID: 34644] Attempt 1: Accessing https://www.jobindex.dk/jobannonce/r13094886/grenaa-gymnasium-soegere-laerere-til-ib-stx-og-hf
2025-04-07 13:42:44 - [Job ID: 34653] Attempt 1: Accessing https://www.jobindex.dk/jobannonce/h1554204/erfaren-bogholder-til-innovativ-virksomhed
2025-04-07 13:42:45 - Updated content for job ID: 34650
2025-04-07 13:42:45 - [Job ID: 34646] Attempt 1: Accessing https://candidate.hr-manager.net/ApplicationInit.aspx?cid=5001&ProjectId=187886&DepartmentId=9408&MediaId=3191
2025-04-07 13:42:46 - [Job ID: 34647] Attempt 1: Accessing https://www.jobindex.dk/jobannonce/h1554782/bogholder-soeges
2025-04-07 13:42:46 - Updated content for job ID: 34645
2025-04-07 13:42:47 - [Job ID: 34652] Attempt 1: Accessing https://candidate.hr-manager.net/ApplicationInit.aspx?cid=3010&ProjectId=145667&DepartmentId=19733&MediaId=5
2025-04-07 13:42:48 - Updated content for job ID: 34648
2025-04-07 13:42:48 - [Job ID: 34649] Attempt 1: Accessing https://easyapply.jobs/r/nrBW62n23XwNln2v39Nx
2025-04-07 13:42:49 - Updated content for job ID: 34644
2025-04-07 13:42:49 - Updated content for job ID: 34651
2025-04-07 13:42:50 - Updated content for job ID: 34653
2025-04-07 13:42:51 - Updated content for job ID: 34647
2025-04-07 13:42:54 - Updated content for job ID: 34649
2025-04-07 13:42:54 - Updated content for job ID: 34652
2025-04-07 13:43:00 - [Job ID: 34646] Attempt 1 failed: Page.goto: Timeout 15000ms exceeded.
Call log:
  - navigating to "https://candidate.hr-manager.net/ApplicationInit.aspx?cid=5001&ProjectId=187886&DepartmentId=9408&MediaId=3191", waiting until "networkidle"

2025-04-07 13:43:04 - [Job ID: 34646] Attempt 2: Accessing https://candidate.hr-manager.net/ApplicationInit.aspx?cid=5001&ProjectId=187886&DepartmentId=9408&MediaId=3191
2025-04-07 13:43:06 - Updated content for job ID: 34646
2025-04-07 13:43:07 - Processing jobs 34654 to 34663
2025-04-07 13:43:09 - [Job ID: 34654] Attempt 1: Accessing https://www.pwc.dk/da/karriere/jobsoegning/jobbeskrivelse.html?wdjobreqid=611535WD&wdcountry=DNK&wdjobsite=Global_Campus_Careers&wdjd=simple
2025-04-07 13:43:10 - [Job ID: 34655] Attempt 1: Accessing https://aogh.net/debitor-og-kreditoransvarlig/
2025-04-07 13:43:10 - [Job ID: 34663] Attempt 1: Accessing https://www.proogco.dk/ledige-stillinger/?hr=show-job/251086&locale=da_DK&sd=1
2025-04-07 13:43:11 - [Job ID: 34657] Attempt 1: Accessing https://app.jobmatchprofile.com/mep6wq
2025-04-07 13:43:12 - [Job ID: 34661] Attempt 1: Accessing https://app.jobmatchprofile.com/gsuhqp?client=jobindex
2025-04-07 13:43:13 - [Job ID: 34660] Attempt 1: Accessing https://www.jobindex.dk/jobannonce/h1554648/loenkonsulent-til-personaleafdelingen-i-aabenraa-kommune
2025-04-07 13:43:15 - [Job ID: 34662] Attempt 1: Accessing https://www.jobindex.dk/jobannonce/h1554641/business-analyst
2025-04-07 13:43:16 - [Job ID: 34658] Attempt 1: Accessing https://www.jobindex.dk/jobannonce/h1554725/oekonomiassistent-til-redmarks-business-service-i-viborg
2025-04-07 13:43:17 - [Job ID: 34659] Attempt 1: Accessing https://www.slagelse.dk/da/ledige-job-i-slagelse-kommune/okonomipartner-til-okonomi-og-styring/
2025-04-07 13:43:18 - [Job ID: 34656] Attempt 1: Accessing https://www.jobindex.dk/jobannonce/h1554770/oekonomimedarbejder
2025-04-07 13:43:19 - Updated content for job ID: 34655
2025-04-07 13:43:19 - Updated content for job ID: 34654
2025-04-07 13:43:19 - Updated content for job ID: 34657
2025-04-07 13:43:22 - Updated content for job ID: 34658
2025-04-07 13:43:22 - Updated content for job ID: 34659
2025-04-07 13:43:22 - Updated content for job ID: 34663
2025-04-07 13:43:23 - Updated content for job ID: 34662
2025-04-07 13:43:23 - Updated content for job ID: 34660
2025-04-07 13:43:23 - Updated content for job ID: 34656
2025-04-07 13:43:26 - Updated content for job ID: 34661
2025-04-07 13:43:27 - Processing jobs 34664 to 34673
2025-04-07 13:43:29 - [Job ID: 34666] Attempt 1: Accessing https://www.jobindex.dk/jobannonce/r13095054/2-konsulenter-til-budgetopfoelgning-og-analyser
2025-04-07 13:43:29 - [Job ID: 34668] Attempt 1: Accessing https://www.jobindex.dk/jobannonce/r13095076/oekonomiassistent-skal-have-erfaring-med-bogholderi
2025-04-07 13:43:30 - [Job ID: 34665] Attempt 1: Accessing https://www.jobindex.dk/jobannonce/h1554047/bogholder
2025-04-07 13:43:31 - [Job ID: 34667] Attempt 1: Accessing https://www.jobindex.dk/jobannonce/r13095128/vi-soeger-en-omhyggelig-og-talstaerk-kollega-til-loen-og-regnskab-paa-kontoret-i-silkeborg
2025-04-07 13:43:32 - [Job ID: 34669] Attempt 1: Accessing https://www.epos.dk/Rek/Djursland/Joblist/Job.aspx?jobOfferInstanceId=226&joblistId=1&lang=da
2025-04-07 13:43:33 - [Job ID: 34671] Attempt 1: Accessing https://www.epos.dk/REK/DanskeAndelskasser/Joblist/Job.aspx?jobOfferInstanceId=441&joblistId=1&lang=da
2025-04-07 13:43:34 - [Job ID: 34670] Attempt 1: Accessing https://www.jobindex.dk/jobannonce/h1554601/vi-soeger-kunderaadgivere-til-raadgivningscenteret
2025-04-07 13:43:35 - [Job ID: 34672] Attempt 1: Accessing https://sydbank-career.talent-soft.com/job/job-privatradgiver-til-h-rsholm_3404.aspx
2025-04-07 13:43:35 - [Job ID: 34673] Attempt 1: Accessing https://www.jyskebank.dk/om-os/job-og-karriere/job/jobopslag?id=190737
2025-04-07 13:43:35 - [Job ID: 34664] Attempt 1: Accessing https://activesearch.recman.no/job.php?job_id=426951&path=ji_den
2025-04-07 13:43:38 - Updated content for job ID: 34669
2025-04-07 13:43:38 - Updated content for job ID: 34671
2025-04-07 13:43:38 - Updated content for job ID: 34670
2025-04-07 13:43:38 - Updated content for job ID: 34668
2025-04-07 13:43:38 - Updated content for job ID: 34665
2025-04-07 13:43:38 - Updated content for job ID: 34667
2025-04-07 13:43:38 - Updated content for job ID: 34666
2025-04-07 13:43:39 - Updated content for job ID: 34672
2025-04-07 13:43:39 - Updated content for job ID: 34664
2025-04-07 13:43:40 - Updated content for job ID: 34673
2025-04-07 13:43:41 - Processing jobs 34674 to 34683
2025-04-07 13:43:43 - [Job ID: 34675] Attempt 1: Accessing https://candidate.hr-manager.net/ApplicationInit.aspx?cid=2180&ProjectId=147590&DepartmentId=19056&MediaId=4623
2025-04-07 13:43:44 - [Job ID: 34681] Attempt 1: Accessing https://portal.signatur.dk/ExtJobs/DefaultHosting/JobDetails.aspx?ClientId=1468&WebAdId=137348
2025-04-07 13:43:45 - [Job ID: 34680] Attempt 1: Accessing https://sallinggroup.com/job/ledige-stillinger/5463ca7c-22b6-4194-89b7-9d9d78dd7cee
2025-04-07 13:43:46 - [Job ID: 34678] Attempt 1: Accessing https://mit.moment.dk/jobopslag/vis?no=195154
2025-04-07 13:43:48 - [Job ID: 34682] Attempt 1: Accessing https://www.jobindex.dk/jobannonce/h1554593/konsulent-til-majoriaq
2025-04-07 13:43:49 - [Job ID: 34677] Attempt 1: Accessing https://sallinggroup.com/job/ledige-stillinger/90cede08-d42a-49bf-88da-eca66c17cbfb
2025-04-07 13:43:50 - [Job ID: 34679] Attempt 1: Accessing https://www.jobindex.dk/jobannonce/r13094818/munkens-bageri-soeger-bagersvend
2025-04-07 13:43:50 - [Job ID: 34674] Attempt 1: Accessing https://gorrissenfederspiel.com/jobs/compliance-controller-4/
2025-04-07 13:43:50 - [Job ID: 34683] Attempt 1: Accessing https://www.jobindex.dk/jobannonce/r13095117/oekonomisk-sagsbehandler-til-kontanthjaelp
2025-04-07 13:43:50 - [Job ID: 34676] Attempt 1: Accessing https://candidate.hr-manager.net/ApplicationInit.aspx?cid=2180&ProjectId=147589&DepartmentId=19067&MediaId=4623
2025-04-07 13:43:54 - Updated content for job ID: 34681
2025-04-07 13:43:55 - Updated content for job ID: 34675
2025-04-07 13:43:55 - Updated content for job ID: 34682
2025-04-07 13:43:55 - Updated content for job ID: 34680
2025-04-07 13:43:55 - Updated content for job ID: 34678
2025-04-07 13:43:55 - Updated content for job ID: 34674
2025-04-07 13:43:56 - Updated content for job ID: 34677
2025-04-07 13:43:56 - Updated content for job ID: 34679
2025-04-07 13:43:56 - Updated content for job ID: 34676
2025-04-07 13:43:56 - Updated content for job ID: 34683
2025-04-07 13:43:57 - Processing jobs 34684 to 34693
2025-04-07 13:44:00 - [Job ID: 34693] Attempt 1: Accessing https://www.jobindex.dk/jobannonce/r13094970/toemrer-soeges-til-renoveringsopgaver
2025-04-07 13:44:00 - [Job ID: 34688] Attempt 1: Accessing https://www.jobindex.dk/jobannonce/h1554637/uddannet-toemrer-soeges
2025-04-07 13:44:01 - [Job ID: 34685] Attempt 1: Accessing https://www.jobindex.dk/jobannonce/r13095158/medarbejdere-til-sagsbehandling-af-landbrugsstoette-og-kortlaegning-af-landbrugsarealer
2025-04-07 13:44:02 - [Job ID: 34691] Attempt 1: Accessing https://www.jobindex.dk/jobannonce/r13095220/haandvaerker-til-vaerkstedet-ved-silkeborg-hjaelpemiddelcenter
2025-04-07 13:44:03 - [Job ID: 34687] Attempt 1: Accessing https://www.jobindex.dk/jobannonce/h1546170/toemrer-faa-varierede-opgaver-og-gode-vilkaar
2025-04-07 13:44:04 - [Job ID: 34686] Attempt 1: Accessing https://www.jobindex.dk/jobannonce/h1553689/to-toemrersvende-soeges-til-travl-virksomhed
2025-04-07 13:44:05 - [Job ID: 34692] Attempt 1: Accessing https://www.jobindex.dk/jobannonce/r13094979/vi-soeger-toemrer-og-makkerpar-til-service-og-forsikringsopgaver-i-koege
2025-04-07 13:44:06 - [Job ID: 34684] Attempt 1: Accessing https://www.jobindex.dk/jobannonce/r13095210/engageret-sagsbehandler-med-blik-for-detaljen
2025-04-07 13:44:06 - [Job ID: 34690] Attempt 1: Accessing https://www.jobindex.dk/jobannonce/r13095084/montoerer-snedkere
2025-04-07 13:44:06 - [Job ID: 34689] Attempt 1: Accessing https://karriere.powermatch.dk/jobs/2088
2025-04-07 13:44:07 - Updated content for job ID: 34688
2025-04-07 13:44:07 - Updated content for job ID: 34693
2025-04-07 13:44:10 - Updated content for job ID: 34685
2025-04-07 13:44:11 - Updated content for job ID: 34689
2025-04-07 13:44:13 - Updated content for job ID: 34691
2025-04-07 13:44:15 - Updated content for job ID: 34687
2025-04-07 13:44:16 - Updated content for job ID: 34686
2025-04-07 13:44:16 - Updated content for job ID: 34692
2025-04-07 13:44:17 - Updated content for job ID: 34690
2025-04-07 13:44:17 - Updated content for job ID: 34684
2025-04-07 13:44:18 - Processing jobs 34694 to 34703
2025-04-07 13:44:20 - [Job ID: 34694] Attempt 1: Accessing https://candidate.hr-manager.net/ApplicationInit.aspx?cid=1518&ProjectId=206015&DepartmentId=23219&MediaId=5
2025-04-07 13:44:21 - [Job ID: 34696] Attempt 1: Accessing https://www.jobindex.dk/jobannonce/r13095127/fysioterapeut-soeges-til-genoptraeningen-i-lejre-kommune
2025-04-07 13:44:21 - [Job ID: 34695] Attempt 1: Accessing https://www.jobindex.dk/jobannonce/r13095246/fysioterapeut-soeges-til-hedensted-kommunes-sundhedsordning
2025-04-07 13:44:22 - [Job ID: 34697] Attempt 1: Accessing https://www.jobindex.dk/jobannonce/r13095137/visitator-paa-hjaelpemiddelomraadet
2025-04-07 13:44:23 - [Job ID: 34700] Attempt 1: Accessing https://www.jobindex.dk/jobannonce/h1554628/produktionsmedarbejder
2025-04-07 13:44:24 - [Job ID: 34701] Attempt 1: Accessing https://jobapplication.hrworks.de/de?companyId=j42275e&id=4d2db0
2025-04-07 13:44:25 - [Job ID: 34699] Attempt 1: Accessing https://www.jobindex.dk/jobannonce/r13094820/fysioterapeut-til-digital-traening
2025-04-07 13:44:27 - [Job ID: 34698] Attempt 1: Accessing https://sosu.nu/job/2788661/rudersdal-kommune/barselsvikariat-fysioterapeut/
2025-04-07 13:44:27 - [Job ID: 34702] Attempt 1: Accessing https://candidate.hr-manager.net/ApplicationInit.aspx?cid=2275&ProjectId=143929&DepartmentId=18969&MediaId=5
2025-04-07 13:44:28 - [Job ID: 34703] Attempt 1: Accessing https://www.jobindex.dk/jobannonce/h1554810/sommerferieafloeser-i-produktionen
2025-04-07 14:09:06 - Resuming from job ID: 33000
2025-04-07 14:09:06 - Processing jobs 33023 to 33927
2025-04-07 14:09:08 - [Job ID: 33927] Attempt 1: Accessing https://matchmind.dk/ledige-jobs?hr=show-job/250456&linkref=290691&locale=da_DK
2025-04-07 14:09:09 - [Job ID: 33536] Attempt 1: Accessing https://candidate.hr-manager.net/ApplicationInit.aspx?cid=316&ProjectId=187528&DepartmentId=21679&MediaId=5
2025-04-07 14:09:09 - [Job ID: 33676] Attempt 1: Accessing https://www.jobindex.dk/img/pdf/jobopslag_fotografer_2025_kontrafej.pdf
2025-04-07 14:09:10 - [Job ID: 33676] Attempt 1 failed: Page.goto: Download is starting
Call log:
  - navigating to "https://www.jobindex.dk/img/pdf/jobopslag_fotografer_2025_kontrafej.pdf", waiting until "networkidle"

2025-04-07 14:09:10 - [Job ID: 33023] Attempt 1: Accessing https://bestseller-as.contactrh.com/jobs/10895/43292383/en_GB
2025-04-07 14:09:11 - [Job ID: 33677] Attempt 1: Accessing https://www.jobindex.dk/img/pdf/jobopslag_fotografer_2025_visionfotografi.pdf
2025-04-07 14:09:12 - [Job ID: 33677] Attempt 1 failed: Page.goto: Download is starting
Call log:
  - navigating to "https://www.jobindex.dk/img/pdf/jobopslag_fotografer_2025_visionfotografi.pdf", waiting until "networkidle"

2025-04-07 14:09:12 - [Job ID: 33726] Attempt 1: Accessing https://candidate.hr-manager.net/ApplicationInit.aspx?cid=316&ProjectId=187494&DepartmentId=9824&MediaId=5
2025-04-07 14:09:13 - [Job ID: 33816] Attempt 1: Accessing https://www.bo-vest.dk/om-bo-vest/job-og-karriere/jobbeskrivelse/7368-job-28577-job-5835-job-ejendomsfunktionaer-til-bo-vest-ab-syd-/
2025-04-07 14:09:13 - [Job ID: 33676] Attempt 2: Accessing https://www.jobindex.dk/img/pdf/jobopslag_fotografer_2025_kontrafej.pdf
2025-04-07 14:09:13 - [Job ID: 33676] Attempt 2 failed: Page.goto: Download is starting
Call log:
  - navigating to "https://www.jobindex.dk/img/pdf/jobopslag_fotografer_2025_kontrafej.pdf", waiting until "networkidle"

2025-04-07 14:09:14 - Error extracting HTML from frames: Page.evaluate: root is null
AddData@https://matchmind.dk/user/script.ashx?siteid=2&pageid=212&resourceids=2&ref=:101:7
Init@https://matchmind.dk/user/script.ashx?siteid=2&pageid=212&resourceids=2&ref=:114:16
Map@https://matchmind.dk/user/script.ashx?siteid=2&pageid=212&resourceids=2&ref=:118:5
parseEvaluationResultValue2@debugger eval code:63:84
evaluate@debugger eval code:233:28
@debugger eval code:1:44

2025-04-07 14:09:14 - [Job ID: 33927] No content found on attempt 1
2025-04-07 14:09:14 - [Job ID: 33927] Attempt 2: Accessing https://matchmind.dk/ledige-jobs?hr=show-job/250456&linkref=290691&locale=da_DK
2025-04-07 14:09:15 - [Job ID: 33130] Attempt 1: Accessing https://home.hr-skyen.dk/show-job/251923
2025-04-07 14:09:15 - [Job ID: 33045] Attempt 1: Accessing https://www.jobindex.dk/img/pdf/purchaser_houno_0425.pdf
2025-04-07 14:09:15 - [Job ID: 33342] Attempt 1: Accessing https://www.jobindex.dk/img/pdf/warehousecoordinator02042025.pdf
2025-04-07 14:09:15 - [Job ID: 33677] Attempt 2: Accessing https://www.jobindex.dk/img/pdf/jobopslag_fotografer_2025_visionfotografi.pdf
2025-04-07 14:09:15 - [Job ID: 33677] Attempt 2 failed: Page.goto: Download is starting
Call log:
  - navigating to "https://www.jobindex.dk/img/pdf/jobopslag_fotografer_2025_visionfotografi.pdf", waiting until "networkidle"

2025-04-07 14:09:16 - [Job ID: 33342] Attempt 1 failed: Page.goto: Download is starting
Call log:
  - navigating to "https://www.jobindex.dk/img/pdf/warehousecoordinator02042025.pdf", waiting until "networkidle"

2025-04-07 14:09:16 - [Job ID: 33045] Attempt 1 failed: Page.goto: Download is starting
Call log:
  - navigating to "https://www.jobindex.dk/img/pdf/purchaser_houno_0425.pdf", waiting until "networkidle"

2025-04-07 14:09:20 - [Job ID: 33676] Attempt 3: Accessing https://www.jobindex.dk/img/pdf/jobopslag_fotografer_2025_kontrafej.pdf
2025-04-07 14:09:20 - [Job ID: 33676] Attempt 3 failed: Page.goto: Download is starting
Call log:
  - navigating to "https://www.jobindex.dk/img/pdf/jobopslag_fotografer_2025_kontrafej.pdf", waiting until "networkidle"

2025-04-07 14:09:21 - [Job ID: 33676] All attempts failed for https://www.jobindex.dk/img/pdf/jobopslag_fotografer_2025_kontrafej.pdf
2025-04-07 14:09:21 - [Job ID: 33677] Attempt 3: Accessing https://www.jobindex.dk/img/pdf/jobopslag_fotografer_2025_visionfotografi.pdf
2025-04-07 14:09:21 - [Job ID: 33677] Attempt 3 failed: Page.goto: Download is starting
Call log:
  - navigating to "https://www.jobindex.dk/img/pdf/jobopslag_fotografer_2025_visionfotografi.pdf", waiting until "networkidle"

2025-04-07 14:09:21 - [Job ID: 33342] Attempt 2: Accessing https://www.jobindex.dk/img/pdf/warehousecoordinator02042025.pdf
2025-04-07 14:09:21 - No content retrieved for job ID: 33676
2025-04-07 14:09:21 - [Job ID: 33045] Attempt 2: Accessing https://www.jobindex.dk/img/pdf/purchaser_houno_0425.pdf
2025-04-07 14:09:21 - [Job ID: 33342] Attempt 2 failed: Page.goto: Download is starting
Call log:
  - navigating to "https://www.jobindex.dk/img/pdf/warehousecoordinator02042025.pdf", waiting until "networkidle"

2025-04-07 14:09:22 - [Job ID: 33045] Attempt 2 failed: Page.goto: Download is starting
Call log:
  - navigating to "https://www.jobindex.dk/img/pdf/purchaser_houno_0425.pdf", waiting until "networkidle"

2025-04-07 14:09:22 - [Job ID: 33677] All attempts failed for https://www.jobindex.dk/img/pdf/jobopslag_fotografer_2025_visionfotografi.pdf
2025-04-07 14:09:22 - No content retrieved for job ID: 33677
2025-04-07 14:09:24 - [Job ID: 33536] Attempt 1 failed: Page.goto: Timeout 15000ms exceeded.
Call log:
  - navigating to "https://candidate.hr-manager.net/ApplicationInit.aspx?cid=316&ProjectId=187528&DepartmentId=21679&MediaId=5", waiting until "networkidle"

2025-04-07 14:09:24 - Error extracting HTML from frames: Page.wait_for_selector: Timeout 5000ms exceeded.
Call log:
  - waiting for locator("body") to be visible
  -     14 × locator resolved to hidden <body>…</body>

2025-04-07 14:09:24 - [Job ID: 33130] No content found on attempt 1
2025-04-07 14:09:24 - [Job ID: 33130] Attempt 2: Accessing https://home.hr-skyen.dk/show-job/251923
2025-04-07 14:09:25 - [Job ID: 33342] Attempt 3: Accessing https://www.jobindex.dk/img/pdf/warehousecoordinator02042025.pdf
2025-04-07 14:09:25 - [Job ID: 33045] Attempt 3: Accessing https://www.jobindex.dk/img/pdf/purchaser_houno_0425.pdf
2025-04-07 14:09:25 - [Job ID: 33342] Attempt 3 failed: Page.goto: Download is starting
Call log:
  - navigating to "https://www.jobindex.dk/img/pdf/warehousecoordinator02042025.pdf", waiting until "networkidle"

2025-04-07 14:09:25 - [Job ID: 33023] Attempt 1 failed: Page.goto: Timeout 15000ms exceeded.
Call log:
  - navigating to "https://bestseller-as.contactrh.com/jobs/10895/43292383/en_GB", waiting until "networkidle"

2025-04-07 14:09:25 - [Job ID: 33045] Attempt 3 failed: Page.goto: Download is starting
Call log:
  - navigating to "https://www.jobindex.dk/img/pdf/purchaser_houno_0425.pdf", waiting until "networkidle"

2025-04-07 14:09:25 - [Job ID: 33342] All attempts failed for https://www.jobindex.dk/img/pdf/warehousecoordinator02042025.pdf
2025-04-07 14:09:25 - [Job ID: 33045] All attempts failed for https://www.jobindex.dk/img/pdf/purchaser_houno_0425.pdf
2025-04-07 14:09:26 - No content retrieved for job ID: 33342
2025-04-07 14:09:26 - No content retrieved for job ID: 33045
2025-04-07 14:09:27 - [Job ID: 33726] Attempt 1 failed: Page.goto: Timeout 15000ms exceeded.
Call log:
  - navigating to "https://candidate.hr-manager.net/ApplicationInit.aspx?cid=316&ProjectId=187494&DepartmentId=9824&MediaId=5", waiting until "networkidle"

2025-04-07 14:09:27 - [Job ID: 33536] Attempt 2: Accessing https://candidate.hr-manager.net/ApplicationInit.aspx?cid=316&ProjectId=187528&DepartmentId=21679&MediaId=5
2025-04-07 14:09:28 - [Job ID: 33816] Attempt 1 failed: Page.goto: Timeout 15000ms exceeded.
Call log:
  - navigating to "https://www.bo-vest.dk/om-bo-vest/job-og-karriere/jobbeskrivelse/7368-job-28577-job-5835-job-ejendomsfunktionaer-til-bo-vest-ab-syd-/", waiting until "networkidle"

2025-04-07 14:09:28 - [Job ID: 33023] Attempt 2: Accessing https://bestseller-as.contactrh.com/jobs/10895/43292383/en_GB
2025-04-07 14:09:29 - [Job ID: 33927] Attempt 2 failed: Page.goto: Timeout 15000ms exceeded.
Call log:
  - navigating to "https://matchmind.dk/ledige-jobs?hr=show-job/250456&linkref=290691&locale=da_DK", waiting until "networkidle"

2025-04-07 14:09:30 - [Job ID: 33726] Attempt 2: Accessing https://candidate.hr-manager.net/ApplicationInit.aspx?cid=316&ProjectId=187494&DepartmentId=9824&MediaId=5
2025-04-07 14:09:31 - Error extracting HTML from frames: Page.wait_for_selector: Timeout 5000ms exceeded.
Call log:
  - waiting for locator("body") to be visible
  -     14 × locator resolved to hidden <body>…</body>

2025-04-07 14:09:31 - [Job ID: 33130] No content found on attempt 2
2025-04-07 14:09:31 - [Job ID: 33130] Attempt 3: Accessing https://home.hr-skyen.dk/show-job/251923
2025-04-07 14:09:32 - [Job ID: 33816] Attempt 2: Accessing https://www.bo-vest.dk/om-bo-vest/job-og-karriere/jobbeskrivelse/7368-job-28577-job-5835-job-ejendomsfunktionaer-til-bo-vest-ab-syd-/
2025-04-07 14:09:34 - [Job ID: 33927] Attempt 3: Accessing https://matchmind.dk/ledige-jobs?hr=show-job/250456&linkref=290691&locale=da_DK
2025-04-07 14:09:36 - Error extracting HTML from frames: Page.evaluate: root is null
AddData@https://matchmind.dk/user/script.ashx?siteid=2&pageid=212&resourceids=2&ref=:101:7
Init@https://matchmind.dk/user/script.ashx?siteid=2&pageid=212&resourceids=2&ref=:114:16
Map@https://matchmind.dk/user/script.ashx?siteid=2&pageid=212&resourceids=2&ref=:118:5
parseEvaluationResultValue2@debugger eval code:63:84
evaluate@debugger eval code:233:28
@debugger eval code:1:44

2025-04-07 14:09:36 - [Job ID: 33927] No content found on attempt 3
2025-04-07 14:09:38 - Error extracting HTML from frames: Page.wait_for_selector: Timeout 5000ms exceeded.
Call log:
  - waiting for locator("body") to be visible
  -     14 × locator resolved to hidden <body>…</body>

2025-04-07 14:09:38 - [Job ID: 33130] No content found on attempt 3
2025-04-07 14:09:41 - No content retrieved for job ID: 33130
2025-04-07 14:09:41 - No content retrieved for job ID: 33927
2025-04-07 14:09:42 - [Job ID: 33536] Attempt 2 failed: Page.goto: Timeout 15000ms exceeded.
Call log:
  - navigating to "https://candidate.hr-manager.net/ApplicationInit.aspx?cid=316&ProjectId=187528&DepartmentId=21679&MediaId=5", waiting until "networkidle"

2025-04-07 14:09:43 - [Job ID: 33023] Attempt 2 failed: Page.goto: Timeout 15000ms exceeded.
Call log:
  - navigating to "https://bestseller-as.contactrh.com/jobs/10895/43292383/en_GB", waiting until "networkidle"

2025-04-07 14:09:45 - [Job ID: 33726] Attempt 2 failed: Page.goto: Timeout 15000ms exceeded.
Call log:
  - navigating to "https://candidate.hr-manager.net/ApplicationInit.aspx?cid=316&ProjectId=187494&DepartmentId=9824&MediaId=5", waiting until "networkidle"

2025-04-07 14:09:45 - [Job ID: 33536] Attempt 3: Accessing https://candidate.hr-manager.net/ApplicationInit.aspx?cid=316&ProjectId=187528&DepartmentId=21679&MediaId=5
2025-04-07 14:09:46 - [Job ID: 33023] Attempt 3: Accessing https://bestseller-as.contactrh.com/jobs/10895/43292383/en_GB
2025-04-07 14:09:47 - [Job ID: 33816] Attempt 2 failed: Page.goto: Timeout 15000ms exceeded.
Call log:
  - navigating to "https://www.bo-vest.dk/om-bo-vest/job-og-karriere/jobbeskrivelse/7368-job-28577-job-5835-job-ejendomsfunktionaer-til-bo-vest-ab-syd-/", waiting until "networkidle"

2025-04-07 14:09:48 - [Job ID: 33726] Attempt 3: Accessing https://candidate.hr-manager.net/ApplicationInit.aspx?cid=316&ProjectId=187494&DepartmentId=9824&MediaId=5
2025-04-07 14:09:50 - [Job ID: 33816] Attempt 3: Accessing https://www.bo-vest.dk/om-bo-vest/job-og-karriere/jobbeskrivelse/7368-job-28577-job-5835-job-ejendomsfunktionaer-til-bo-vest-ab-syd-/
2025-04-07 14:10:00 - [Job ID: 33536] Attempt 3 failed: Page.goto: Timeout 15000ms exceeded.
Call log:
  - navigating to "https://candidate.hr-manager.net/ApplicationInit.aspx?cid=316&ProjectId=187528&DepartmentId=21679&MediaId=5", waiting until "networkidle"

2025-04-07 14:10:01 - [Job ID: 33536] All attempts failed for https://candidate.hr-manager.net/ApplicationInit.aspx?cid=316&ProjectId=187528&DepartmentId=21679&MediaId=5
2025-04-07 14:10:02 - [Job ID: 33023] Attempt 3 failed: Page.goto: Timeout 15000ms exceeded.
Call log:
  - navigating to "https://bestseller-as.contactrh.com/jobs/10895/43292383/en_GB", waiting until "networkidle"

2025-04-07 14:10:02 - [Job ID: 33023] All attempts failed for https://bestseller-as.contactrh.com/jobs/10895/43292383/en_GB
2025-04-07 14:10:03 - [Job ID: 33726] Attempt 3 failed: Page.goto: Timeout 15000ms exceeded.
Call log:
  - navigating to "https://candidate.hr-manager.net/ApplicationInit.aspx?cid=316&ProjectId=187494&DepartmentId=9824&MediaId=5", waiting until "networkidle"

2025-04-07 14:10:04 - No content retrieved for job ID: 33536
2025-04-07 14:10:04 - No content retrieved for job ID: 33023
2025-04-07 14:10:04 - [Job ID: 33726] All attempts failed for https://candidate.hr-manager.net/ApplicationInit.aspx?cid=316&ProjectId=187494&DepartmentId=9824&MediaId=5
2025-04-07 14:10:05 - No content retrieved for job ID: 33726
2025-04-07 14:10:05 - [Job ID: 33816] Attempt 3 failed: Page.goto: Timeout 15000ms exceeded.
Call log:
  - navigating to "https://www.bo-vest.dk/om-bo-vest/job-og-karriere/jobbeskrivelse/7368-job-28577-job-5835-job-ejendomsfunktionaer-til-bo-vest-ab-syd-/", waiting until "networkidle"

2025-04-07 14:10:05 - [Job ID: 33816] All attempts failed for https://www.bo-vest.dk/om-bo-vest/job-og-karriere/jobbeskrivelse/7368-job-28577-job-5835-job-ejendomsfunktionaer-til-bo-vest-ab-syd-/
2025-04-07 14:10:06 - No content retrieved for job ID: 33816
2025-04-07 14:10:07 - Processing jobs 33934 to 34598
2025-04-07 14:10:08 - [Job ID: 33970] Attempt 1: Accessing https://awstrack.youngcrm.com/CL0/https:%2F%2Flagkagehuset.youngcrm.com%2Fjobportal%2F11176%3Futm_source=youngcrm%26utm_medium=notification%26utm_campaign=media/1/01020196010ba237-3ccdb10d-aa35-4d7f-b366-04d909ce0855-000000/oXQ0FwGvkaFNrJ9yHylg4k-sT2hc3r8TBqax3cgHK8Q=399
2025-04-07 14:10:09 - [Job ID: 33935] Attempt 1: Accessing https://lagkagehuset.youngcrm.com/jobportal/11169
2025-04-07 14:10:10 - [Job ID: 33934] Attempt 1: Accessing https://lagkagehuset.youngcrm.com/jobportal/11168
2025-04-07 14:10:10 - [Job ID: 34597] Attempt 1: Accessing https://www.jobindex.dk/jobannonce/r13094897/klar-til-nye-udfordringer-vi-soeger-en-dygtig-betonmand-med-haenderne-skruet-rigtigt-paa
2025-04-07 14:10:12 - [Job ID: 34546] Attempt 1: Accessing https://candidate.hr-manager.net/ApplicationInit.aspx?cid=342&ProjectId=261917&DepartmentId=22055&MediaId=5
2025-04-07 14:10:12 - [Job ID: 34598] Attempt 1: Accessing https://www.jobindex.dk/jobannonce/r13094898/nedriver-med-asbest-og-pcb-erfaring-vi-har-jobbet-du-leder-efter
2025-04-07 14:10:13 - [Job ID: 34573] Attempt 1: Accessing https://www.jobindex.dk/jobannonce/r13094974/kontorassistent-medarbejder
2025-04-07 14:10:14 - [Job ID: 34548] Attempt 1: Accessing https://www.jobindex.dk/jobannonce/r13094985/spaendende-nyoprettet-vicechefjordemoderstilling-i-gynaekologisk-obstetrisk-afdeling-paa-holbaek-sygehus
2025-04-07 14:10:14 - [Job ID: 34596] Attempt 1: Accessing https://jobteam.dk/afdeling/2610U/MGH130425/jobindex/
2025-04-07 14:10:14 - [Job ID: 34547] Attempt 1: Accessing https://www.jobindex.dk/jobannonce/r13094861/kaere-sygeplejerske-hvad-kan-vi-tilbyde-dig-at-arbejde-for-at-opnaa-den-bedste-psykiatriske-sygepleje-for-vores-patienter-
2025-04-07 14:10:21 - Updated content for job ID: 34598
2025-04-07 14:10:21 - Error extracting HTML from frames: Page.wait_for_selector: Timeout 5000ms exceeded.
Call log:
  - waiting for locator("body") to be visible
  -     14 × locator resolved to hidden <body id="signup" class="    hasHover">…</body>

2025-04-07 14:10:21 - [Job ID: 33935] No content found on attempt 1
2025-04-07 14:10:21 - [Job ID: 33935] Attempt 2: Accessing https://lagkagehuset.youngcrm.com/jobportal/11169
2025-04-07 14:10:24 - Updated content for job ID: 34596
2025-04-07 14:10:24 - Updated content for job ID: 34547
2025-04-07 14:10:24 - Updated content for job ID: 34573
2025-04-07 14:10:24 - Updated content for job ID: 34597
2025-04-07 14:10:25 - [Job ID: 33934] Attempt 1 failed: Page.goto: Timeout 15000ms exceeded.
Call log:
  - navigating to "https://lagkagehuset.youngcrm.com/jobportal/11168", waiting until "networkidle"

2025-04-07 14:10:26 - Updated content for job ID: 34546
2025-04-07 14:10:27 - Error extracting HTML from frames: Page.wait_for_selector: Timeout 5000ms exceeded.
Call log:
  - waiting for locator("body") to be visible
  -     14 × locator resolved to hidden <body id="signup" class="    hasHover">…</body>

2025-04-07 14:10:27 - [Job ID: 33970] No content found on attempt 1
2025-04-07 14:10:27 - [Job ID: 33970] Attempt 2: Accessing https://awstrack.youngcrm.com/CL0/https:%2F%2Flagkagehuset.youngcrm.com%2Fjobportal%2F11176%3Futm_source=youngcrm%26utm_medium=notification%26utm_campaign=media/1/01020196010ba237-3ccdb10d-aa35-4d7f-b366-04d909ce0855-000000/oXQ0FwGvkaFNrJ9yHylg4k-sT2hc3r8TBqax3cgHK8Q=399
2025-04-07 14:10:27 - Updated content for job ID: 34548
2025-04-07 14:10:28 - [Job ID: 33934] Attempt 2: Accessing https://lagkagehuset.youngcrm.com/jobportal/11168
2025-04-07 14:10:28 - Error extracting HTML from frames: Page.wait_for_selector: Timeout 5000ms exceeded.
Call log:
  - waiting for locator("body") to be visible
  -     14 × locator resolved to hidden <body id="signup" class="    hasHover">…</body>

2025-04-07 14:10:28 - [Job ID: 33935] No content found on attempt 2
2025-04-07 14:10:28 - [Job ID: 33935] Attempt 3: Accessing https://lagkagehuset.youngcrm.com/jobportal/11169
2025-04-07 14:10:34 - Error extracting HTML from frames: Page.wait_for_selector: Timeout 5000ms exceeded.
Call log:
  - waiting for locator("body") to be visible
  -     14 × locator resolved to hidden <body id="signup" class="    hasHover">…</body>

2025-04-07 14:10:34 - [Job ID: 33970] No content found on attempt 2
2025-04-07 14:10:34 - [Job ID: 33970] Attempt 3: Accessing https://awstrack.youngcrm.com/CL0/https:%2F%2Flagkagehuset.youngcrm.com%2Fjobportal%2F11176%3Futm_source=youngcrm%26utm_medium=notification%26utm_campaign=media/1/01020196010ba237-3ccdb10d-aa35-4d7f-b366-04d909ce0855-000000/oXQ0FwGvkaFNrJ9yHylg4k-sT2hc3r8TBqax3cgHK8Q=399
2025-04-07 14:10:35 - Error extracting HTML from frames: Page.wait_for_selector: Timeout 5000ms exceeded.
Call log:
  - waiting for locator("body") to be visible
  -     14 × locator resolved to hidden <body id="signup" class="    hasHover">…</body>

2025-04-07 14:10:35 - [Job ID: 33935] No content found on attempt 3
2025-04-07 14:10:35 - Error extracting HTML from frames: Page.wait_for_selector: Timeout 5000ms exceeded.
Call log:
  - waiting for locator("body") to be visible
  -     14 × locator resolved to hidden <body id="signup" class="    hasHover">…</body>

2025-04-07 14:10:35 - [Job ID: 33934] No content found on attempt 2
2025-04-07 14:10:35 - [Job ID: 33934] Attempt 3: Accessing https://lagkagehuset.youngcrm.com/jobportal/11168
2025-04-07 14:10:37 - No content retrieved for job ID: 33935
2025-04-07 14:10:42 - Error extracting HTML from frames: Page.wait_for_selector: Timeout 5000ms exceeded.
Call log:
  - waiting for locator("body") to be visible
  -     15 × locator resolved to hidden <body id="signup" class="    hasHover">…</body>

2025-04-07 14:10:42 - [Job ID: 33970] No content found on attempt 3
2025-04-07 14:10:42 - Error extracting HTML from frames: Page.wait_for_selector: Timeout 5000ms exceeded.
Call log:
  - waiting for locator("body") to be visible
  -     15 × locator resolved to hidden <body id="signup" class="    hasHover">…</body>

2025-04-07 14:10:42 - [Job ID: 33934] No content found on attempt 3
2025-04-07 14:10:43 - No content retrieved for job ID: 33970
2025-04-07 14:10:43 - No content retrieved for job ID: 33934
2025-04-07 14:10:44 - Processing jobs 34599 to 34705
2025-04-07 14:10:46 - [Job ID: 34609] Attempt 1: Accessing https://www.jobindex.dk/jobannonce/r13094986/groen-anlaegsgartner-soeges-i-humlebaek-er-du-passioneret-omkring-havearbejde-og-groenne-omraader
2025-04-07 14:10:47 - [Job ID: 34611] Attempt 1: Accessing https://www.jobindex.dk/jobannonce/r13094977/hestepasser
2025-04-07 14:10:48 - [Job ID: 34692] Attempt 1: Accessing https://www.jobindex.dk/jobannonce/r13094818/munkens-bageri-soeger-bagersvend
2025-04-07 14:10:49 - [Job ID: 34610] Attempt 1: Accessing https://www.jobindex.dk/jobannonce/r13094860/krat-ko-soeger-en-arborist-som-er-glad-for-biller-og-flagermus
2025-04-07 14:10:50 - [Job ID: 34705] Attempt 1: Accessing https://www.jobindex.dk/jobannonce/r13094979/vi-soeger-toemrer-og-makkerpar-til-service-og-forsikringsopgaver-i-koege
2025-04-07 14:10:51 - [Job ID: 34608] Attempt 1: Accessing https://www.jobindex.dk/jobannonce/r13094988/graa-anlaegsgartner-soeges-i-humlebaek-er-du-klar-til-at-goere-en-forskel-i-udendoers-anlaeg
2025-04-07 14:10:52 - [Job ID: 34656] Attempt 1: Accessing https://www.jobindex.dk/jobannonce/r13094886/grenaa-gymnasium-soegere-laerere-til-ib-stx-og-hf
2025-04-07 14:10:52 - [Job ID: 34693] Attempt 1: Accessing https://sallinggroup.com/job/ledige-stillinger/5463ca7c-22b6-4194-89b7-9d9d78dd7cee
2025-04-07 14:10:52 - [Job ID: 34657] Attempt 1: Accessing https://www.jobindex.dk/jobannonce/r13094969/ucrs-gymnasierne-i-ringkoebing-og-skjern-soeger-nye-kollegaer-til-undervisning-i-afsaetning-og-engelsk
2025-04-07 14:10:53 - [Job ID: 34599] Attempt 1: Accessing https://www.jobindex.dk/jobannonce/r13094859/specialarbejder-til-vejdrift
2025-04-07 14:10:57 - Updated content for job ID: 34611
2025-04-07 14:10:57 - Updated content for job ID: 34692
2025-04-07 14:10:57 - Updated content for job ID: 34610
2025-04-07 14:10:57 - Updated content for job ID: 34609
2025-04-07 14:10:57 - Updated content for job ID: 34693
2025-04-07 14:10:59 - Updated content for job ID: 34705
2025-04-07 14:11:01 - Updated content for job ID: 34608
2025-04-07 14:11:02 - Updated content for job ID: 34656
2025-04-07 14:11:03 - Updated content for job ID: 34657
2025-04-07 14:11:03 - Updated content for job ID: 34599
2025-04-07 14:11:04 - Processing jobs 34706 to 34733
2025-04-07 14:11:06 - [Job ID: 34706] Attempt 1: Accessing https://www.jobindex.dk/jobannonce/r13094970/toemrer-soeges-til-renoveringsopgaver
2025-04-07 14:11:07 - [Job ID: 34733] Attempt 1: Accessing https://www.jobindex.dk/jobannonce/r13094863/montagemedarbejder
2025-04-07 14:11:08 - [Job ID: 34731] Attempt 1: Accessing https://jobteam.dk/afdeling/7400U/Kantlimer_dag_IK_14/jobindex/
2025-04-07 14:11:09 - [Job ID: 34728] Attempt 1: Accessing https://jobteam.dk/afdeling/7200M/MSC-U14-GRI-Heidenhain/jobindex/
2025-04-07 14:11:10 - [Job ID: 34712] Attempt 1: Accessing https://www.jobindex.dk/jobannonce/r13094820/fysioterapeut-til-digital-traening
2025-04-07 14:11:11 - [Job ID: 34732] Attempt 1: Accessing https://www.jobindex.dk/jobannonce/r13094929/produktionsmedarbejder-soeges-til-spaendende-stilling-i-hilleroed-er-du-klar-til-at-tage-fat
2025-04-07 14:11:12 - [Job ID: 34729] Attempt 1: Accessing https://jobteam.dk/afdeling/6000M/MSC-U14-KOM-Maskinarbejder/jobindex/
2025-04-07 14:11:14 - [Job ID: 34730] Attempt 1: Accessing https://jobteam.dk/afdeling/5690M/MAS-GAO-E1/jobindex/
2025-04-07 14:11:14 - [Job ID: 34727] Attempt 1: Accessing https://jobteam.dk/afdeling/2610U/MGH081525-u/jobindex/
2025-04-07 14:11:14 - [Job ID: 34711] Attempt 1: Accessing https://sosu.nu/job/2788661/rudersdal-kommune/barselsvikariat-fysioterapeut/
2025-04-07 14:11:17 - Updated content for job ID: 34728
2025-04-07 14:11:17 - Updated content for job ID: 34706
2025-04-07 14:11:17 - Updated content for job ID: 34733
2025-04-07 14:11:18 - Updated content for job ID: 34731
2025-04-07 14:11:19 - Updated content for job ID: 34712
2025-04-07 14:11:19 - Updated content for job ID: 34732
2025-04-07 14:11:20 - Updated content for job ID: 34729
2025-04-07 14:11:20 - Updated content for job ID: 34711
2025-04-07 14:11:20 - Updated content for job ID: 34727
2025-04-07 14:11:21 - Updated content for job ID: 34730
2025-04-07 14:11:22 - Processing jobs 34769 to 34856
2025-04-07 14:11:24 - [Job ID: 34856] Attempt 1: Accessing https://www.jobindex.dk/jobannonce/r13094840/tjenere-og-reservetjenere-soeges
2025-04-07 14:11:25 - [Job ID: 34854] Attempt 1: Accessing https://www.jobindex.dk/jobannonce/r13094987/garderobepersonale-soeges
2025-04-07 14:11:25 - [Job ID: 34785] Attempt 1: Accessing https://www.jobindex.dk/jobannonce/r13094982/jurist-til-groen-omstilling-og-klimaafgifter
2025-04-07 14:11:26 - [Job ID: 34852] Attempt 1: Accessing https://gastrojob.dk/job/assisterende-koekkenchef-soeges-til-restaurant-charlottenlund-fort/
2025-04-07 14:11:27 - [Job ID: 34814] Attempt 1: Accessing https://www.jobindex.dk/jobannonce/h1554325/salgstalenter-soeges-til-spritny-afdeling-i-esbjerg
2025-04-07 14:11:28 - [Job ID: 34769] Attempt 1: Accessing https://lobpa.easycruit.com/vacancy/3488303/171461?iso=dk
2025-04-07 14:11:29 - [Job ID: 34853] Attempt 1: Accessing https://www.jobindex.dk/jobannonce/r13094978/tjener-soeges
2025-04-07 14:11:30 - [Job ID: 34832] Attempt 1: Accessing https://www.jobindex.dk/jobannonce/r13094896/kirketjener-10-t-ugtl
2025-04-07 14:11:30 - [Job ID: 34855] Attempt 1: Accessing https://www.jobindex.dk/jobannonce/r13094980/king-buffet-silkeborg-soeger-kokke-medarbejdere
2025-04-07 14:11:31 - [Job ID: 34800] Attempt 1: Accessing https://careers.pandoragroup.com/job/Copenhagen-V-Marketing-Academy-Manager/1188097001/
2025-04-07 14:11:32 - Updated content for job ID: 34856
2025-04-07 14:11:33 - Updated content for job ID: 34852
2025-04-07 14:11:33 - Updated content for job ID: 34854
2025-04-07 14:11:33 - Updated content for job ID: 34785
2025-04-07 14:11:33 - Updated content for job ID: 34769
2025-04-07 14:11:34 - Updated content for job ID: 34814
2025-04-07 14:11:36 - Updated content for job ID: 34853
2025-04-07 14:11:38 - Updated content for job ID: 34832
2025-04-07 14:11:38 - Updated content for job ID: 34855
2025-04-07 14:11:46 - [Job ID: 34800] Attempt 1 failed: Page.goto: Timeout 15000ms exceeded.
Call log:
  - navigating to "https://careers.pandoragroup.com/job/Copenhagen-V-Marketing-Academy-Manager/1188097001/", waiting until "networkidle"

2025-04-07 14:11:49 - [Job ID: 34800] Attempt 2: Accessing https://careers.pandoragroup.com/job/Copenhagen-V-Marketing-Academy-Manager/1188097001/
2025-04-07 14:12:04 - [Job ID: 34800] Attempt 2 failed: Page.goto: Timeout 15000ms exceeded.
Call log:
  - navigating to "https://careers.pandoragroup.com/job/Copenhagen-V-Marketing-Academy-Manager/1188097001/", waiting until "networkidle"

2025-04-07 14:12:07 - [Job ID: 34800] Attempt 3: Accessing https://careers.pandoragroup.com/job/Copenhagen-V-Marketing-Academy-Manager/1188097001/
2025-04-07 14:12:10 - Updated content for job ID: 34800
2025-04-07 14:12:11 - Processing jobs 34875 to 34916
2025-04-07 14:12:13 - [Job ID: 34876] Attempt 1: Accessing https://sallinggroup.com/job/ledige-stillinger/565633c0-cf69-46d4-8070-864b0bb45d8a
2025-04-07 14:12:13 - [Job ID: 34877] Attempt 1: Accessing https://sallinggroup.com/job/ledige-stillinger/06eecc0a-dc27-4c3e-8ff4-54a2ffc3dd66
2025-04-07 14:12:14 - [Job ID: 34891] Attempt 1: Accessing https://jobteam.dk/afdeling/7200U/MSM-U14-GrinB11/jobindex/
2025-04-07 14:12:15 - [Job ID: 34875] Attempt 1: Accessing https://www.jobindex.dk/jobannonce/r13094819/salgsassistent-deltid
2025-04-07 14:12:16 - [Job ID: 34883] Attempt 1: Accessing https://www.jobindex.dk/jobannonce/r13094972/rengoeringsassistent
2025-04-07 14:12:17 - [Job ID: 34893] Attempt 1: Accessing https://jobteam.dk/afdeling/7400U/Truck_maskine_nat_14/jobindex/
2025-04-07 14:12:18 - Updated content for job ID: 34876
2025-04-07 14:12:18 - [Job ID: 34916] Attempt 1: Accessing https://www.jobindex.dk/jobannonce/r13094973/digital-elev-til-skobutik-soeges
2025-04-07 14:12:19 - [Job ID: 34894] Attempt 1: Accessing https://jobteam.dk/afdeling/8260U/MLA-U14-HAS-TDW/jobindex/
2025-04-07 14:12:19 - [Job ID: 34895] Attempt 1: Accessing https://www.jobindex.dk/jobannonce/r13094868/lagermedarbejder
2025-04-07 14:12:20 - [Job ID: 34892] Attempt 1: Accessing https://jobteam.dk/afdeling/7000U/7000-CA141-5/jobindex/
2025-04-07 14:12:21 - Updated content for job ID: 34877
2025-04-07 14:12:22 - Updated content for job ID: 34891
2025-04-07 14:12:22 - Updated content for job ID: 34875
2025-04-07 14:12:23 - Updated content for job ID: 34883
2025-04-07 14:12:24 - Updated content for job ID: 34916
2025-04-07 14:12:25 - Updated content for job ID: 34894
2025-04-07 14:12:25 - Updated content for job ID: 34895
2025-04-07 14:12:26 - Updated content for job ID: 34893
2025-04-07 14:12:26 - Updated content for job ID: 34892
2025-04-07 14:12:27 - Processing jobs 34917 to 34984
2025-04-07 14:12:30 - [Job ID: 34917] Attempt 1: Accessing https://sallinggroup.com/job/ledige-stillinger/c6f3dfe3-7c2e-4130-b743-d28604abd704
2025-04-07 14:12:30 - [Job ID: 34945] Attempt 1: Accessing https://www.jobindex.dk/jobannonce/r13094892/-mmc-service-soeger-lastbilchauffoer-kom-hjem-hver-dag-arbejd-4-dag-om-uge-
2025-04-07 14:12:31 - [Job ID: 34934] Attempt 1: Accessing https://jobteam.dk/afdeling/8220M/MSC-U14-Aarhus-INDUEL/jobindex/
2025-04-07 14:12:32 - [Job ID: 34936] Attempt 1: Accessing https://www.jobindex.dk/jobannonce/r13094991/montagemedarbejder-soeges-til-installation-af-solcelleanlaeg-i-ballerup-er-du-klar
2025-04-07 14:12:33 - [Job ID: 34947] Attempt 1: Accessing https://www.jobindex.dk/jobannonce/r13094975/stabil-chauffoer-til-fynske-distributionskoersler-ansaet-nu
2025-04-07 14:12:34 - [Job ID: 34946] Attempt 1: Accessing https://www.jobindex.dk/jobannonce/r13094976/chauffoer-til-natkoersel-i-odense-fast-rute-god-loen
2025-04-07 14:12:35 - [Job ID: 34982] Attempt 1: Accessing https://sallinggroup.com/job/ledige-stillinger/331a5b59-3acb-4104-a863-5204b5770300
2025-04-07 14:12:36 - [Job ID: 34984] Attempt 1: Accessing https://sallinggroup.com/job/ledige-stillinger/8b2f9453-ba11-4096-95fb-8749af06c5fd
2025-04-07 14:12:36 - [Job ID: 34935] Attempt 1: Accessing https://jobteam.dk/afdeling/2610U/MGH051525-u/jobindex/
2025-04-07 14:12:38 - [Job ID: 34983] Attempt 1: Accessing https://sallinggroup.com/job/ledige-stillinger/98827aea-eed7-4e83-890c-2f1528e3fa54
2025-04-07 14:12:40 - Updated content for job ID: 34917
2025-04-07 14:12:41 - Updated content for job ID: 34945
2025-04-07 14:12:41 - Updated content for job ID: 34982
2025-04-07 14:12:41 - Updated content for job ID: 34934
2025-04-07 14:12:41 - Updated content for job ID: 34984
2025-04-07 14:12:42 - Updated content for job ID: 34936
2025-04-07 14:12:42 - Updated content for job ID: 34947
2025-04-07 14:12:42 - Updated content for job ID: 34946
2025-04-07 14:12:42 - Updated content for job ID: 34935
2025-04-07 14:12:43 - Updated content for job ID: 34983
2025-04-07 14:12:44 - Processing jobs 34985 to 35023
2025-04-07 14:12:46 - [Job ID: 34988] Attempt 1: Accessing https://sallinggroup.com/job/ledige-stillinger/c47c8c6b-2576-4d68-86b7-1afbfd370e39
2025-04-07 14:12:47 - [Job ID: 35022] Attempt 1: Accessing https://jobteam.dk/afdeling/7400M/MSC-U14-HEM-Land/jobindex/
2025-04-07 14:12:48 - [Job ID: 34985] Attempt 1: Accessing https://sallinggroup.com/job/ledige-stillinger/3653930f-5533-4d5e-8fd1-e91e227a7662
2025-04-07 14:12:49 - [Job ID: 34989] Attempt 1: Accessing https://sallinggroup.com/job/ledige-stillinger/4f46b896-f3ab-4121-88c0-b09487d72b63
2025-04-07 14:12:50 - [Job ID: 34986] Attempt 1: Accessing https://sallinggroup.com/job/ledige-stillinger/30533db2-16c5-4654-8d9b-0128f7d7bcb1
2025-04-07 14:12:51 - [Job ID: 35006] Attempt 1: Accessing https://www.jobindex.dk/jobannonce/r13094990/klejnsmed-soeges-i-glostrup-er-du-klar-til-nye-udfordringer
2025-04-07 14:12:52 - [Job ID: 35005] Attempt 1: Accessing https://jobteam.dk/afdeling/7400M/MSC-U14-HEM-MAG/jobindex/
2025-04-07 14:12:52 - [Job ID: 34994] Attempt 1: Accessing https://profilsearch.dk/stillinger/stilling/1021
2025-04-07 14:12:53 - [Job ID: 35023] Attempt 1: Accessing https://jobteam.dk/afdeling/7200M/MSC-U14-GRI-Trailermekaniker/jobindex/
2025-04-07 14:12:53 - [Job ID: 34987] Attempt 1: Accessing https://sallinggroup.com/job/ledige-stillinger/224e8707-9529-47fd-8bae-3c9cef5bf6db
2025-04-07 14:12:55 - Updated content for job ID: 34988
2025-04-07 14:12:55 - Updated content for job ID: 34989
2025-04-07 14:12:55 - Updated content for job ID: 35022
2025-04-07 14:12:55 - Updated content for job ID: 34986
2025-04-07 14:12:55 - Updated content for job ID: 34985
2025-04-07 14:12:56 - Updated content for job ID: 34994
2025-04-07 14:12:57 - Updated content for job ID: 35005
2025-04-07 14:12:58 - Updated content for job ID: 34987
2025-04-07 14:12:59 - Updated content for job ID: 35006
2025-04-07 14:13:00 - Updated content for job ID: 35023
2025-04-07 14:13:01 - Processing jobs 35024 to 35074
2025-04-07 14:13:03 - [Job ID: 35028] Attempt 1: Accessing https://jobteam.dk/afdeling/2610U/MGH061525-u/jobindex/
2025-04-07 14:13:04 - [Job ID: 35042] Attempt 1: Accessing https://frivilligjob.dk/job/154340/taler-du-arabisk-sa-bliv-besogsven-for-en-sod-aeldre-kvinde-pa-osterbro
2025-04-07 14:13:05 - [Job ID: 35040] Attempt 1: Accessing https://frivilligjob.dk/job/153801/bandhab-seeks-board-members-lead-strengthen-denmark-bangladesh-cooperation
2025-04-07 14:13:06 - [Job ID: 35024] Attempt 1: Accessing https://jobteam.dk/afdeling/2610U/MGH010925-u/jobindex/
2025-04-07 14:13:06 - [Job ID: 35041] Attempt 1: Accessing https://frivilligjob.dk/job/154341/kreativ-it-frivillig-til-norrebro-musicalteater
2025-04-07 14:13:08 - [Job ID: 35059] Attempt 1: Accessing https://thehub.io/jobs/67f22ed1a61b0d2fb7208342?utm_source=jobindex&utm_medium=jobboard&utm_content=dk
2025-04-07 14:13:10 - [Job ID: 35049] Attempt 1: Accessing https://jobteam.dk/afdeling/franchise/JHR-FT-U14-METSS/jobindex/
2025-04-07 14:13:10 - [Job ID: 35053] Attempt 1: Accessing https://jobteam.dk/afdeling/2610U/MGH071525-u/jobindex/
2025-04-07 14:13:10 - [Job ID: 35058] Attempt 1: Accessing https://thehub.io/jobs/67f22ec6a61b0d2fb72082c3?utm_source=jobindex&utm_medium=jobboard&utm_content=dk
2025-04-07 14:13:11 - [Job ID: 35074] Attempt 1: Accessing https://sallinggroup.com/job/ledige-stillinger/36ce9465-842c-4e70-ac1e-8bfd277367d8
2025-04-07 14:13:15 - Updated content for job ID: 35028
2025-04-07 14:13:15 - Updated content for job ID: 35042
2025-04-07 14:13:15 - Updated content for job ID: 35041
2025-04-07 14:13:17 - Updated content for job ID: 35040
2025-04-07 14:13:17 - Updated content for job ID: 35024
2025-04-07 14:13:18 - Updated content for job ID: 35049
2025-04-07 14:13:19 - Updated content for job ID: 35074
2025-04-07 14:13:19 - Updated content for job ID: 35053
2025-04-07 14:13:20 - Updated content for job ID: 35059
2025-04-07 14:13:20 - Updated content for job ID: 35058
2025-04-07 14:13:22 - Processing jobs 35075 to 35086
2025-04-07 14:13:24 - [Job ID: 35083] Attempt 1: Accessing https://www.jobindex.dk/jobannonce/h1554827/principal-platforms-architect-gdansk-poland-or-viby-j
2025-04-07 14:13:24 - [Job ID: 35084] Attempt 1: Accessing https://www.jobindex.dk/jobannonce/h1554821/strategic-architect-for-arla-foods-ingredients-viby
2025-04-07 14:13:25 - [Job ID: 35078] Attempt 1: Accessing https://candidate.hr-manager.net/ApplicationInit.aspx?cid=5001&ProjectId=187823&DepartmentId=7683&MediaId=5
2025-04-07 14:13:26 - [Job ID: 35086] Attempt 1: Accessing https://jobs.smartrecruiters.com/JYSK/744000052043545-software-engineer-react?trid=9c834889-bbb7-437c-a553-3bcb9710b121
2025-04-07 14:13:27 - [Job ID: 35075] Attempt 1: Accessing https://sallinggroup.com/job/ledige-stillinger/aef770c6-f152-4a6b-a2bf-53621e829cc3
2025-04-07 14:13:29 - [Job ID: 35081] Attempt 1: Accessing https://cgi.njoyn.com/corp/xweb/xweb.asp?CLID=21001&page=jobdetails&JobID=J0225-2198&lang=10
2025-04-07 14:13:30 - [Job ID: 35079] Attempt 1: Accessing https://www.jobindex.dk/jobannonce/h1554663/shopify-e-commerce-specialist-til-dansk-designvirksomhed
2025-04-07 14:13:31 - [Job ID: 35080] Attempt 1: Accessing https://cgi.njoyn.com/corp/xweb/xweb.asp?NTKN=c&clid=21001&Page=JobDetails&Jobid=J0325-0132&BRID=1196958&lang=10
2025-04-07 14:13:32 - [Job ID: 35077] Attempt 1: Accessing https://sallinggroup.com/job/ledige-stillinger/be5a6374-90da-4eae-a45b-c0201203de79
2025-04-07 14:13:32 - [Job ID: 35076] Attempt 1: Accessing https://sallinggroup.com/job/ledige-stillinger/91728792-8d7b-4b27-8644-2c2733d0313b
2025-04-07 14:13:37 - Updated content for job ID: 35083
2025-04-07 14:13:37 - Updated content for job ID: 35078
2025-04-07 14:13:37 - Updated content for job ID: 35075
2025-04-07 14:13:37 - Updated content for job ID: 35086
2025-04-07 14:13:37 - Updated content for job ID: 35084
2025-04-07 14:13:37 - Updated content for job ID: 35081
2025-04-07 14:13:38 - Updated content for job ID: 35080
2025-04-07 14:13:38 - Updated content for job ID: 35079
2025-04-07 14:13:38 - Updated content for job ID: 35077
2025-04-07 14:13:38 - Updated content for job ID: 35076
2025-04-07 14:13:39 - Processing jobs 35087 to 35096
2025-04-07 14:13:41 - [Job ID: 35089] Attempt 1: Accessing https://www.job-karriere.dk/Norlys/job/S%C3%B8nderborg-System-Engineer-Tag-del-i-fremtidens-teknologiske-l%C3%B8sninger-6400/1141505001/
2025-04-07 14:13:42 - [Job ID: 35093] Attempt 1: Accessing https://candidate.hr-manager.net/ApplicationInit.aspx?cid=1166&ProjectId=144693&DepartmentId=18969&MediaId=4656
2025-04-07 14:13:43 - [Job ID: 35096] Attempt 1: Accessing https://candidate.hr-manager.net/ApplicationInit.aspx?cid=2197&ProjectId=143643&DepartmentId=18981&MediaId=4621
2025-04-07 14:13:44 - [Job ID: 35091] Attempt 1: Accessing https://matchmind.dk/ledige-jobs?hr=show-job/250567&linkref=290945&locale=da_DK
2025-04-07 14:13:45 - [Job ID: 35090] Attempt 1: Accessing https://www.jobindex.dk/jobannonce/h1554624/application-manager-for-freeflow
2025-04-07 14:13:46 - [Job ID: 35094] Attempt 1: Accessing https://job.itf.dk/ad/cloud-solutions-consultant-med-fokus-pa-azure-og-m365/iv7qm3/da
2025-04-07 14:13:47 - [Job ID: 35088] Attempt 1: Accessing https://job.politi.dk/job/Operativ-teknisk-og-digital-ekspert-til-PET&apos;s-HUMINT-afdeling/1722-da_DK
2025-04-07 14:13:47 - [Job ID: 35092] Attempt 1: Accessing https://www.jobindex.dk/jobannonce/r13095248/systemudvikler-til-fynbus
2025-04-07 14:13:47 - [Job ID: 35095] Attempt 1: Accessing https://candidate.hr-manager.net/ApplicationInit.aspx?cid=342&ProjectId=261899&DepartmentId=26067&MediaId=5668
2025-04-07 14:13:47 - [Job ID: 35087] Attempt 1: Accessing https://efzu.fa.em2.oraclecloud.com/hcmUI/CandidateExperience/da/sites/CX_1/job/5017
2025-04-07 14:13:52 - Updated content for job ID: 35089
2025-04-07 14:13:52 - Error extracting HTML from frames: Page.evaluate: root is null
AddData@https://matchmind.dk/user/script.ashx?siteid=2&pageid=212&resourceids=2&ref=:101:7
Init@https://matchmind.dk/user/script.ashx?siteid=2&pageid=212&resourceids=2&ref=:114:16
Map@https://matchmind.dk/user/script.ashx?siteid=2&pageid=212&resourceids=2&ref=:118:5
parseEvaluationResultValue2@debugger eval code:63:84
evaluate@debugger eval code:233:28
@debugger eval code:1:44

2025-04-07 14:13:52 - [Job ID: 35091] No content found on attempt 1
2025-04-07 14:13:52 - [Job ID: 35091] Attempt 2: Accessing https://matchmind.dk/ledige-jobs?hr=show-job/250567&linkref=290945&locale=da_DK
2025-04-07 14:13:55 - Error extracting HTML from frames: Page.evaluate: root is null
AddData@https://matchmind.dk/user/script.ashx?siteid=2&pageid=212&resourceids=2&ref=:101:7
Init@https://matchmind.dk/user/script.ashx?siteid=2&pageid=212&resourceids=2&ref=:114:16
Map@https://matchmind.dk/user/script.ashx?siteid=2&pageid=212&resourceids=2&ref=:118:5
parseEvaluationResultValue2@debugger eval code:63:84
evaluate@debugger eval code:233:28
@debugger eval code:1:44

2025-04-07 14:13:55 - [Job ID: 35091] No content found on attempt 2
2025-04-07 14:13:55 - [Job ID: 35091] Attempt 3: Accessing https://matchmind.dk/ledige-jobs?hr=show-job/250567&linkref=290945&locale=da_DK
2025-04-07 14:13:55 - Updated content for job ID: 35090
2025-04-07 14:13:55 - Updated content for job ID: 35094
2025-04-07 14:13:56 - Updated content for job ID: 35093
2025-04-07 14:13:56 - Updated content for job ID: 35096
2025-04-07 14:13:57 - Updated content for job ID: 35095
2025-04-07 14:13:57 - Updated content for job ID: 35092
2025-04-07 14:13:57 - Error extracting HTML from frames: Page.evaluate: root is null
AddData@https://matchmind.dk/user/script.ashx?siteid=2&pageid=212&resourceids=2&ref=:101:7
Init@https://matchmind.dk/user/script.ashx?siteid=2&pageid=212&resourceids=2&ref=:114:16
Map@https://matchmind.dk/user/script.ashx?siteid=2&pageid=212&resourceids=2&ref=:118:5
parseEvaluationResultValue2@debugger eval code:63:84
evaluate@debugger eval code:233:28
@debugger eval code:1:44

2025-04-07 14:13:57 - [Job ID: 35091] No content found on attempt 3
2025-04-07 14:13:58 - Updated content for job ID: 35087
2025-04-07 14:13:58 - No content retrieved for job ID: 35091
2025-04-07 14:14:00 - Updated content for job ID: 35088
2025-04-07 14:14:01 - Processing jobs 35097 to 35106
2025-04-07 14:14:03 - [Job ID: 35098] Attempt 1: Accessing https://jobs.smartrecruiters.com/JYSK/744000052048737-head-of-it-delivery?trid=9c834889-bbb7-437c-a553-3bcb9710b121
2025-04-07 14:14:04 - [Job ID: 35097] Attempt 1: Accessing https://www.jobindex.dk/jobannonce/h1554765/senior-adoption-specialist
2025-04-07 14:14:05 - [Job ID: 35099] Attempt 1: Accessing https://www.jobindex.dk/jobannonce/r13095253/specialkonsulent-med-dedikation-for-digitalisering-og-klinisk-it-regionshospital-nordjylland
2025-04-07 14:14:05 - [Job ID: 35103] Attempt 1: Accessing https://www.epos.dk/Rek/AS3/Joblist/Job.aspx?jobOfferInstanceId=4515&joblistId=1&lang=da
2025-04-07 14:14:07 - [Job ID: 35101] Attempt 1: Accessing https://www.jobindex.dk/jobannonce/h1554759/socialfaglig-it-konsulent-med-cura-som-speciale-et-klogt-hjerte
2025-04-07 14:14:08 - [Job ID: 35104] Attempt 1: Accessing https://careers.acubiz.com/jobs/5778132-implementeringskonsulent-compello
2025-04-07 14:14:09 - [Job ID: 35106] Attempt 1: Accessing https://www.jobindex.dk/jobannonce/r13095100/erfaren-risikomanager-med-flair-for-it-sikkerhedsarkitektur-til-sundhedsdatastyrelsen
2025-04-07 14:14:10 - Updated content for job ID: 35103
2025-04-07 14:14:10 - [Job ID: 35100] Attempt 1: Accessing https://dk.career.itm8.com/jobs/5658315-senior-consultant-soges-til-itm8-i-silkeborg?promotion=1375452-jobindex
2025-04-07 14:14:10 - Updated content for job ID: 35098
2025-04-07 14:14:10 - [Job ID: 35102] Attempt 1: Accessing https://sallinggroup.com/job/ledige-stillinger/4bbeb8e1-aafb-41c6-b32c-64709f3b0295
2025-04-07 14:14:10 - [Job ID: 35105] Attempt 1: Accessing https://www.jobindex.dk/jobannonce/r13095111/information-technology-support-specialist-toender
2025-04-07 14:14:12 - Updated content for job ID: 35097
2025-04-07 14:14:13 - Updated content for job ID: 35104
2025-04-07 14:14:13 - Updated content for job ID: 35099
2025-04-07 14:14:13 - Updated content for job ID: 35101
2025-04-07 14:14:13 - Updated content for job ID: 35106
2025-04-07 14:14:14 - Updated content for job ID: 35100
2025-04-07 14:14:15 - Updated content for job ID: 35105
2025-04-07 14:14:15 - Updated content for job ID: 35102
2025-04-07 14:14:16 - Processing jobs 35107 to 35117
2025-04-07 14:14:18 - [Job ID: 35110] Attempt 1: Accessing https://www.aura.dk/om-aura/sog-job/?hr=show-job%2F239837%26locale%3Dda_DK
2025-04-07 14:14:19 - [Job ID: 35109] Attempt 1: Accessing https://www.kobmand-hansen.dk/info/om-os/ledige-stillinger/seo-og-some-ekspert/
2025-04-07 14:14:19 - [Job ID: 35116] Attempt 1: Accessing https://candidate.hr-manager.net/ApplicationInit.aspx?cid=1786&ProjectId=144343&DepartmentId=19050&MediaId=4627
2025-04-07 14:14:20 - [Job ID: 35113] Attempt 1: Accessing https://candidate.hr-manager.net/ApplicationInit.aspx?cid=179&ProjectId=193838&DepartmentId=22193&MediaId=5578
2025-04-07 14:14:21 - [Job ID: 35108] Attempt 1: Accessing https://emagine.dk/konsulenter/freelance-jobs/206283/grc-consultant/?id=167297&utm_source=jSl6kXsIq4Kdejsjpl1LUuyMUbuelXZKkkk%2bGMC2gb%2fNXa6cHs5WmL1uJGAjyfWEyEQXidT%2bw4QpZoQAucThSEnjeMf4otYAfGfXeWIQJ%2bI%3d
2025-04-07 14:14:22 - [Job ID: 35117] Attempt 1: Accessing https://app.jobmatchprofile.com/2tsm2m
2025-04-07 14:14:24 - [Job ID: 35114] Attempt 1: Accessing https://www.jobindex.dk/jobannonce/h1554767/monstrum-soeger-en-dygtig-3d-designer-primaert-til-at-lave-tekniske-konstruktioner-i-solid-works
2025-04-07 14:14:24 - [Job ID: 35112] Attempt 1: Accessing https://halsnaes.career.emply.com/ad/byplanlaegger-med-bred-interesse-inden-for-planlaegning/cb4txz/da
2025-04-07 14:14:24 - [Job ID: 35115] Attempt 1: Accessing https://www.jobindex.dk/jobannonce/h1554749/formand-med-gode-menneskelige-vaerdier
2025-04-07 14:14:24 - [Job ID: 35107] Attempt 1: Accessing https://www.jobindex.dk/jobannonce/r13095136/teknisk-dygtig-sac-analytiker-til-overvaagnings-og-analysecenter-i-sundhedsdatastyrelsen
2025-04-07 14:14:26 - Updated content for job ID: 35109
2025-04-07 14:14:26 - Updated content for job ID: 35110
2025-04-07 14:14:31 - Updated content for job ID: 35116
2025-04-07 14:14:32 - Updated content for job ID: 35117
2025-04-07 14:14:32 - Updated content for job ID: 35108
2025-04-07 14:14:32 - Updated content for job ID: 35107
2025-04-07 14:14:32 - Updated content for job ID: 35115
2025-04-07 14:14:32 - Updated content for job ID: 35113
2025-04-07 14:14:33 - Updated content for job ID: 35114
2025-04-07 14:14:33 - Updated content for job ID: 35112
2025-04-07 14:14:34 - Processing jobs 35118 to 35127
2025-04-07 14:14:37 - [Job ID: 35122] Attempt 1: Accessing https://portal.signatur.dk/ExtJobs/DefaultHosting/JobDetails.aspx?ClientId=2327&WebAdId=137446
2025-04-07 14:14:38 - [Job ID: 35118] Attempt 1: Accessing https://www.jobindex.dk/jobannonce/h1554573/entrepriseleder
2025-04-07 14:14:38 - [Job ID: 35124] Attempt 1: Accessing https://portal.signatur.dk/ExtJobs/DefaultHosting/JobDetails.aspx?ClientId=2296&WebAdId=136400
2025-04-07 14:14:39 - [Job ID: 35126] Attempt 1: Accessing https://www.jobindex.dk/jobannonce/r13095247/bygningskonstruktoer-ingenioer-til-store-asfaltprojekter-oestjylland
2025-04-07 14:14:40 - [Job ID: 35121] Attempt 1: Accessing https://envidandenmark.teamtailor.com/jobs/5489492-projektleder-til-investeringsplanlaegning-inden-for-vandforsyning-afloeb-og-klimatilpasning
2025-04-07 14:14:41 - [Job ID: 35120] Attempt 1: Accessing https://app.jobmatchprofile.com/wsggrx
2025-04-07 14:14:43 - [Job ID: 35127] Attempt 1: Accessing https://www.jobindex.dk/jobannonce/h1554739/foedevareauditor-til-aarhus-broendby-eller-vejen
2025-04-07 14:14:43 - [Job ID: 35123] Attempt 1: Accessing https://portal.signatur.dk/ExtJobs/DefaultHosting/JobDetails.aspx?ClientId=2296&WebAdId=137396
2025-04-07 14:14:43 - [Job ID: 35125] Attempt 1: Accessing https://www.jobindex.dk/jobannonce/r13095078/fagleder-for-tag-og-fag-optimr-vedligeholdsstandarden-paa-vores-ejendomme
2025-04-07 14:14:43 - [Job ID: 35119] Attempt 1: Accessing https://www.jobindex.dk/jobannonce/h1550455/erfaren-projektleder-og-raadgiver-med-staerke-samarbejdsevner-soeges-til-komplekse-renoveringsprojekter-i-koebenhavn
2025-04-07 14:14:44 - Updated content for job ID: 35122
2025-04-07 14:14:45 - Updated content for job ID: 35124
2025-04-07 14:14:45 - Updated content for job ID: 35121
2025-04-07 14:14:45 - Updated content for job ID: 35126
2025-04-07 14:14:45 - Updated content for job ID: 35118
2025-04-07 14:14:46 - Updated content for job ID: 35127
2025-04-07 14:14:47 - Updated content for job ID: 35123
2025-04-07 14:14:48 - Updated content for job ID: 35125
2025-04-07 14:14:49 - Updated content for job ID: 35119
2025-04-07 14:14:49 - Updated content for job ID: 35120
2025-04-07 14:14:50 - Processing jobs 35128 to 35137
2025-04-07 14:14:51 - [Job ID: 35135] Attempt 1: Accessing https://elektro-isola.career.emply.com/ad/er-du-vores-nye-maletekniker/q5iw7z
2025-04-07 14:14:52 - [Job ID: 35132] Attempt 1: Accessing https://www.jobindex.dk/jobannonce/h1554815/sales-development-manager-sport-health-nutrition-maternity-cover-aarhus
2025-04-07 14:14:53 - [Job ID: 35134] Attempt 1: Accessing https://www.jobindex.dk/jobannonce/h1554807/udekoerende-teknikere-til-komplekse-installationer-i-industrien-udvikl-dig-hos-cd-automation
2025-04-07 14:14:54 - [Job ID: 35136] Attempt 1: Accessing https://www.jobindex.dk/jobannonce/h1554332/projektleder-til-tekniske-projekter-indenfor-automation
2025-04-07 14:14:55 - [Job ID: 35130] Attempt 1: Accessing https://www.jobindex.dk/jobannonce/h1554209/produktudvikler
2025-04-07 14:14:57 - [Job ID: 35128] Attempt 1: Accessing https://alkabello.easycruit.com/vacancy/3488429/5422?iso=dk
2025-04-07 14:14:58 - [Job ID: 35137] Attempt 1: Accessing https://www.jobindex.dk/jobannonce/h1546232/production-quality-engineer-new-product-introduction-and-production-support
2025-04-07 14:14:58 - [Job ID: 35131] Attempt 1: Accessing https://www.jobindex.dk/jobannonce/h1550165/regulatory-affairs-assistant-track-compliance-in-100-markets
2025-04-07 14:14:59 - [Job ID: 35133] Attempt 1: Accessing https://candidate.hr-manager.net/ApplicationInit.aspx?cid=179&ProjectId=193845&DepartmentId=22193&MediaId=5578
2025-04-07 14:14:59 - [Job ID: 35129] Attempt 1: Accessing https://matas.career.emply.com/ad/farmakonom-til-matas-kobmagergade-kobenhavn-k/957ov6/da
2025-04-07 14:15:02 - Updated content for job ID: 35135
2025-04-07 14:15:02 - Updated content for job ID: 35128
2025-04-07 14:15:03 - Updated content for job ID: 35137
2025-04-07 14:15:03 - Updated content for job ID: 35134
2025-04-07 14:15:03 - Updated content for job ID: 35132
2025-04-07 14:15:03 - Updated content for job ID: 35136
2025-04-07 14:15:03 - Updated content for job ID: 35130
2025-04-07 14:15:04 - Updated content for job ID: 35129
2025-04-07 14:15:05 - Updated content for job ID: 35131
2025-04-07 14:15:07 - Updated content for job ID: 35133
2025-04-07 14:15:08 - Processing jobs 35138 to 35148
2025-04-07 14:15:10 - [Job ID: 35138] Attempt 1: Accessing https://temp-team.dk/job-search/bliv-en-del-af-fremtidens-robotteknologi-426733
2025-04-07 14:15:10 - [Job ID: 35141] Attempt 1: Accessing https://candidate.hr-manager.net/ApplicationInit.aspx?cid=1311&ProjectId=145895&DepartmentId=18957&MediaId=5
2025-04-07 14:15:11 - [Job ID: 35143] Attempt 1: Accessing https://www.jobindex.dk/jobannonce/h1554756/fagkoordinator-til-med-og-arbejdsmiljoeteamet
2025-04-07 14:15:12 - [Job ID: 35148] Attempt 1: Accessing https://candidate.hr-manager.net/ApplicationInit.aspx?cid=5001&ProjectId=187829&DepartmentId=8020&MediaId=5
2025-04-07 14:15:13 - [Job ID: 35145] Attempt 1: Accessing https://www.jobindex.dk/jobannonce/h1554775/leder-soeges-til-nyt-forretningsomraade-braender-du-for-ledelse-udvikling-og-hoej-kvalitet-i-aeldreplejen
2025-04-07 14:15:14 - [Job ID: 35139] Attempt 1: Accessing https://matchmind.dk/ledige-jobs?hr=show-job/249857&linkref=290947&locale=da_DK
2025-04-07 14:15:15 - [Job ID: 35140] Attempt 1: Accessing https://ikast-brandeintranet.career.emply.com/ad/lonkonsulent-ved-ikast-brande-kommune/bie72q/da
2025-04-07 14:15:16 - [Job ID: 35147] Attempt 1: Accessing https://scangl-v2.career.emply.com/ad/head-of-department-aid-relief-ocean/g6ewm4/en
2025-04-07 14:15:16 - Updated content for job ID: 35138
2025-04-07 14:15:16 - [Job ID: 35146] Attempt 1: Accessing https://www.jobindex.dk/jobannonce/h1554740/supply-chain-teamleder
2025-04-07 14:15:16 - [Job ID: 35142] Attempt 1: Accessing https://if.wd3.myworkdayjobs.com/Careers/job/Kbenhavn/Talent-Acquisition-Partner_JobReqID9165
2025-04-07 14:15:17 - Updated content for job ID: 35143
2025-04-07 14:15:17 - Updated content for job ID: 35141
2025-04-07 14:15:18 - Updated content for job ID: 35145
2025-04-07 14:15:20 - Error extracting HTML from frames: Page.evaluate: root is null
AddData@https://matchmind.dk/user/script.ashx?siteid=2&pageid=212&resourceids=2&ref=:101:7
Init@https://matchmind.dk/user/script.ashx?siteid=2&pageid=212&resourceids=2&ref=:114:16
Map@https://matchmind.dk/user/script.ashx?siteid=2&pageid=212&resourceids=2&ref=:118:5
parseEvaluationResultValue2@debugger eval code:63:84
evaluate@debugger eval code:233:28
@debugger eval code:1:44

2025-04-07 14:15:20 - [Job ID: 35139] No content found on attempt 1
2025-04-07 14:15:20 - [Job ID: 35139] Attempt 2: Accessing https://matchmind.dk/ledige-jobs?hr=show-job/249857&linkref=290947&locale=da_DK
2025-04-07 14:15:22 - Updated content for job ID: 35142
2025-04-07 14:15:22 - Updated content for job ID: 35140
2025-04-07 14:15:23 - Error extracting HTML from frames: Page.evaluate: root is null
AddData@https://matchmind.dk/user/script.ashx?siteid=2&pageid=212&resourceids=2&ref=:101:7
Init@https://matchmind.dk/user/script.ashx?siteid=2&pageid=212&resourceids=2&ref=:114:16
Map@https://matchmind.dk/user/script.ashx?siteid=2&pageid=212&resourceids=2&ref=:118:5
parseEvaluationResultValue2@debugger eval code:63:84
evaluate@debugger eval code:233:28
@debugger eval code:1:44

2025-04-07 14:15:23 - [Job ID: 35139] No content found on attempt 2
2025-04-07 14:15:23 - [Job ID: 35139] Attempt 3: Accessing https://matchmind.dk/ledige-jobs?hr=show-job/249857&linkref=290947&locale=da_DK
2025-04-07 14:15:25 - Error extracting HTML from frames: Page.evaluate: root is null
AddData@https://matchmind.dk/user/script.ashx?siteid=2&pageid=212&resourceids=2&ref=:101:7
Init@https://matchmind.dk/user/script.ashx?siteid=2&pageid=212&resourceids=2&ref=:114:16
Map@https://matchmind.dk/user/script.ashx?siteid=2&pageid=212&resourceids=2&ref=:118:5
parseEvaluationResultValue2@debugger eval code:63:84
evaluate@debugger eval code:233:28
@debugger eval code:1:44

2025-04-07 14:15:25 - [Job ID: 35139] No content found on attempt 3
2025-04-07 14:15:25 - Updated content for job ID: 35147
2025-04-07 14:15:25 - No content retrieved for job ID: 35139
2025-04-07 14:15:27 - [Job ID: 35148] Attempt 1 failed: Page.goto: Timeout 15000ms exceeded.
Call log:
  - navigating to "https://candidate.hr-manager.net/ApplicationInit.aspx?cid=5001&ProjectId=187829&DepartmentId=8020&MediaId=5", waiting until "networkidle"

2025-04-07 14:15:28 - Updated content for job ID: 35146
2025-04-07 14:15:30 - [Job ID: 35148] Attempt 2: Accessing https://candidate.hr-manager.net/ApplicationInit.aspx?cid=5001&ProjectId=187829&DepartmentId=8020&MediaId=5
2025-04-07 14:15:34 - Updated content for job ID: 35148
2025-04-07 14:15:35 - Processing jobs 35149 to 35158
2025-04-07 14:15:37 - [Job ID: 35149] Attempt 1: Accessing https://www.jobindex.dk/jobannonce/h1553605/havnechef
2025-04-07 14:15:38 - [Job ID: 35150] Attempt 1: Accessing https://candidate.hr-manager.net/ApplicationInit.aspx?cid=2768&ProjectId=143728&DepartmentId=18974&MediaId=4629
2025-04-07 14:15:39 - [Job ID: 35156] Attempt 1: Accessing https://www.jobindex.dk/jobannonce/h1553677/koekkenchef
2025-04-07 14:15:40 - [Job ID: 35157] Attempt 1: Accessing https://www.jobindex.dk/jobannonce/r13095216/teamleder-til-kvoteadministrationen-i-esbjerg
2025-04-07 14:15:40 - [Job ID: 35158] Attempt 1: Accessing https://www.jobindex.dk/jobannonce/r13094996/daglig-leder
2025-04-07 14:15:42 - [Job ID: 35154] Attempt 1: Accessing https://www.jobindex.dk/jobannonce/h1554603/fagchef-til-myndighedsomraadet-i-nuuk
2025-04-07 14:15:43 - [Job ID: 35152] Attempt 1: Accessing https://jobs.ikea.com/da/job/gentofte-kommune/ledertrainee-customer-relation-gentofte/24107/79567036464
2025-04-07 14:15:44 - [Job ID: 35151] Attempt 1: Accessing https://www.jobindex.dk/jobannonce/h1554822/lufthavnschef-i-roskilde-lufthavn
2025-04-07 14:15:44 - [Job ID: 35153] Attempt 1: Accessing https://www.slagelse.dk/da/ledige-job-i-slagelse-kommune/omraadeledere-til-sundhed-og-aeldre-hjemme-og-sygeplejen/
2025-04-07 14:15:45 - [Job ID: 35155] Attempt 1: Accessing https://tpaerospace.bamboohr.com/careers/420
2025-04-07 14:15:46 - Updated content for job ID: 35149
2025-04-07 14:15:46 - Updated content for job ID: 35150
2025-04-07 14:15:46 - Updated content for job ID: 35156
2025-04-07 14:15:47 - Updated content for job ID: 35154
2025-04-07 14:15:47 - Updated content for job ID: 35158
2025-04-07 14:15:47 - Updated content for job ID: 35157
2025-04-07 14:15:49 - Updated content for job ID: 35153
2025-04-07 14:15:49 - No content retrieved for job ID: 35155
2025-04-07 14:15:49 - Updated content for job ID: 35151
2025-04-07 14:15:50 - Updated content for job ID: 35152
2025-04-07 14:15:51 - Processing jobs 35159 to 35168
2025-04-07 14:15:53 - [Job ID: 35166] Attempt 1: Accessing https://www.jobindex.dk/jobannonce/r13095115/introduktionslaege-i-intern-medicin-medicinsk-afdeling-hjoerring
2025-04-07 14:15:54 - [Job ID: 35165] Attempt 1: Accessing https://www.jobindex.dk/jobannonce/r13095270/laeger-og-speciallaeger-vikariat-sundhedscenter-narsaq-groenland-25-185
2025-04-07 14:15:55 - [Job ID: 35159] Attempt 1: Accessing https://www.jobindex.dk/jobannonce/r13095108/service-og-sikkerhedschef
2025-04-07 14:15:56 - [Job ID: 35160] Attempt 1: Accessing https://affaldplus.career.emply.com/ad/har-du-overvejet-andet-end-mcdonalds/nz2v25/da
2025-04-07 14:15:57 - [Job ID: 35162] Attempt 1: Accessing https://candidate.hr-manager.net/ApplicationInit.aspx?cid=55&ProjectId=182062&DepartmentId=1087&MediaId=59
2025-04-07 14:15:59 - [Job ID: 35168] Attempt 1: Accessing https://www.jobindex.dk/jobannonce/h1554622/udviklende-stilling-som-sygeplejerske-til-hjemme-og-sygeplejen
2025-04-07 14:16:00 - [Job ID: 35163] Attempt 1: Accessing https://candidate.hr-manager.net/ApplicationInit.aspx?cid=342&ProjectId=261931&DepartmentId=17976&MediaId=5
2025-04-07 14:16:00 - [Job ID: 35164] Attempt 1: Accessing https://midtjob.dk/ad/vikar-for-speciallaege-ojensygdomme-regionshospitalet-godstrup/fpe4g0/da
2025-04-07 14:16:01 - [Job ID: 35167] Attempt 1: Accessing https://vordingborg.career.emply.com/ad/sygeplejerske-til-udekorende-nattevagt-bliv-en-del-af-et-staerkt-team/gmage0/da
2025-04-07 14:16:01 - [Job ID: 35161] Attempt 1: Accessing https://gigtforeningen.easycruit.com/vacancy/3488439/204887?iso=dk
2025-04-07 14:16:08 - Updated content for job ID: 35160
2025-04-07 14:16:09 - Updated content for job ID: 35168
2025-04-07 14:16:09 - Updated content for job ID: 35159
2025-04-07 14:16:09 - Updated content for job ID: 35166
2025-04-07 14:16:09 - Updated content for job ID: 35165
2025-04-07 14:16:09 - Updated content for job ID: 35162
2025-04-07 14:16:10 - Updated content for job ID: 35167
2025-04-07 14:16:10 - Updated content for job ID: 35164
2025-04-07 14:16:10 - Updated content for job ID: 35161
2025-04-07 14:16:10 - Updated content for job ID: 35163
2025-04-07 14:16:11 - Processing jobs 35169 to 35179
2025-04-07 14:16:14 - [Job ID: 35179] Attempt 1: Accessing https://www.jobindex.dk/jobannonce/r13095268/sygeplejerske-skadestuen-dronning-ingrids-sundhedscenter-dis-nuuk-groenland-25-187
2025-04-07 14:16:14 - [Job ID: 35176] Attempt 1: Accessing https://candidate.hr-manager.net/ApplicationInit.aspx?cid=342&ProjectId=261930&DepartmentId=14415&MediaId=5
2025-04-07 14:16:15 - [Job ID: 35174] Attempt 1: Accessing https://candidate.hr-manager.net/ApplicationInit.aspx?cid=342&ProjectId=261922&DepartmentId=25875&MediaId=5
2025-04-07 14:16:16 - [Job ID: 35172] Attempt 1: Accessing https://candidate.hr-manager.net/ApplicationInit.aspx?cid=1518&ProjectId=206024&DepartmentId=19641&MediaId=5
2025-04-07 14:16:17 - [Job ID: 35173] Attempt 1: Accessing https://candidate.hr-manager.net/ApplicationInit.aspx?cid=1518&ProjectId=206074&DepartmentId=21010&MediaId=5
2025-04-07 14:16:18 - [Job ID: 35170] Attempt 1: Accessing https://www.jobindex.dk/jobannonce/h1546171/konsultationssygeplejerske-til-laegeklinik-i-stege
2025-04-07 14:16:19 - Updated content for job ID: 35179
2025-04-07 14:16:19 - [Job ID: 35178] Attempt 1: Accessing https://www.jobindex.dk/jobannonce/r13095269/sygeplejerske-landsapoteket-i-nuuk-groenland-25-186
2025-04-07 14:16:20 - [Job ID: 35177] Attempt 1: Accessing https://candidate.hr-manager.net/ApplicationInit.aspx?cid=342&ProjectId=261927&DepartmentId=14415&MediaId=5
2025-04-07 14:16:20 - [Job ID: 35169] Attempt 1: Accessing https://www.jobindex.dk/jobannonce/h1546457/klinisk-operationssygeplejerske-til-privat-oejenklinik
2025-04-07 14:16:20 - [Job ID: 35171] Attempt 1: Accessing https://www.jobindex.dk/jobannonce/h1554645/dedikeret-foerstehjaelpsinstruktoer
2025-04-07 14:16:21 - Updated content for job ID: 35176
2025-04-07 14:16:22 - Updated content for job ID: 35174
2025-04-07 14:16:25 - Updated content for job ID: 35178
2025-04-07 14:16:26 - Updated content for job ID: 35171
2025-04-07 14:16:26 - Updated content for job ID: 35170
2025-04-07 14:16:27 - Updated content for job ID: 35169
2025-04-07 14:16:28 - Updated content for job ID: 35172
2025-04-07 14:16:30 - Updated content for job ID: 35177
2025-04-07 14:16:32 - [Job ID: 35173] Attempt 1 failed: Page.goto: Timeout 15000ms exceeded.
Call log:
  - navigating to "https://candidate.hr-manager.net/ApplicationInit.aspx?cid=1518&ProjectId=206074&DepartmentId=21010&MediaId=5", waiting until "networkidle"

2025-04-07 14:16:35 - [Job ID: 35173] Attempt 2: Accessing https://candidate.hr-manager.net/ApplicationInit.aspx?cid=1518&ProjectId=206074&DepartmentId=21010&MediaId=5
2025-04-07 14:16:39 - Updated content for job ID: 35173
2025-04-07 14:16:40 - Processing jobs 35180 to 35190
2025-04-07 14:16:42 - [Job ID: 35183] Attempt 1: Accessing https://www.jobindex.dk/jobannonce/r13095251/vil-du-vaere-med-til-at-behandle-region-nordjyllands-mrsa-patienter
2025-04-07 14:16:43 - [Job ID: 35180] Attempt 1: Accessing https://www.jobindex.dk/jobannonce/r13095046/erfaren-og-engageret-ambulantsygeplejerske-soeges-goer-en-forskel-i-retspsykiatrisk-distriktspsykiatri
2025-04-07 14:16:44 - [Job ID: 35187] Attempt 1: Accessing https://www.jobindex.dk/jobannonce/r13095205/visitator-til-afdelingen-for-aeldre-og-omsorg
2025-04-07 14:16:45 - [Job ID: 35181] Attempt 1: Accessing https://www.jobindex.dk/jobannonce/r13095257/sygeplejerske-med-psykiatrisk-erfaring-soeges-til-fast-stilling-i-dobbeltdiagnose-afsnit-05-psykiatrisk-afdeling-vejle
2025-04-07 14:16:46 - [Job ID: 35190] Attempt 1: Accessing https://www.jobindex.dk/jobannonce/h1554803/danskhaandbold-nord-soeger-en-fuldtids-foreningskonsulent
2025-04-07 14:16:47 - [Job ID: 35189] Attempt 1: Accessing https://candidate.hr-manager.net/ApplicationInit.aspx?cid=1639&ProjectId=143830&DepartmentId=18956&MediaId=4616
2025-04-07 14:16:48 - [Job ID: 35185] Attempt 1: Accessing https://www.jobindex.dk/jobannonce/r13095112/sygeplejerske-til-operationsafsnittet-sjaellands-universitetshospital-nykoebing-f
2025-04-07 14:16:50 - [Job ID: 35184] Attempt 1: Accessing https://www.jobindex.dk/jobannonce/r13095101/aeldrepsykiatrien-et-spaendende-speciale-hvor-du-har-lyst-til-at-blive
2025-04-07 14:16:50 - [Job ID: 35186] Attempt 1: Accessing https://www.jobindex.dk/jobannonce/r13095144/sundhedshuset-soeger-en-sundhedsfaglig-medarbejder-der-mestrer-dialogen-som-et-redskab-til-at-borgerne-kan-lave-vaneforandri
2025-04-07 14:16:50 - [Job ID: 35182] Attempt 1: Accessing https://www.jobindex.dk/jobannonce/r13095103/sygeplejerske-til-fast-stilling-til-operations-og-ambulatorieafsnit-for-gynaekologi-og-obstetrik-paa-afdeling-for-kvindesygdom
2025-04-07 14:16:53 - Updated content for job ID: 35183
2025-04-07 14:16:54 - Updated content for job ID: 35180
2025-04-07 14:16:54 - Updated content for job ID: 35187
2025-04-07 14:16:54 - Updated content for job ID: 35181
2025-04-07 14:16:55 - Updated content for job ID: 35189
2025-04-07 14:16:56 - Updated content for job ID: 35190
2025-04-07 14:16:59 - Updated content for job ID: 35184
2025-04-07 14:16:59 - Updated content for job ID: 35186
2025-04-07 14:17:00 - Updated content for job ID: 35182
2025-04-07 14:17:00 - Updated content for job ID: 35185
2025-04-07 14:17:01 - Processing jobs 35191 to 35200
2025-04-07 14:17:03 - [Job ID: 35200] Attempt 1: Accessing https://www.jobindex.dk/jobannonce/h1554630/kundesupporter
2025-04-07 14:17:04 - [Job ID: 35191] Attempt 1: Accessing https://candidate.hr-manager.net/ApplicationInit.aspx?cid=179&ProjectId=193841&DepartmentId=22245&MediaId=5578
2025-04-07 14:17:05 - [Job ID: 35196] Attempt 1: Accessing https://candidate.hr-manager.net/ApplicationInit.aspx?cid=1675&ProjectId=145051&DepartmentId=19016&MediaId=4620
2025-04-07 14:17:06 - [Job ID: 35198] Attempt 1: Accessing https://www.jobindex.dk/jobannonce/h1554640/kundekontakt-ansvarlig-crm
2025-04-07 14:17:07 - [Job ID: 35197] Attempt 1: Accessing https://www.jobindex.dk/jobannonce/h1554676/kundeservicemedarbejder-til-fleye-copenhagen
2025-04-07 14:17:08 - [Job ID: 35194] Attempt 1: Accessing https://www.jobindex.dk/jobannonce/h1554717/koordinator-til-produktionsstyring-i-tilst-barselsvikariat-1-aar
2025-04-07 14:17:09 - [Job ID: 35193] Attempt 1: Accessing https://landbrugogfdevarerfmba.hr-on.com/show-job/251068?linkref=291067&locale=da_DK
2025-04-07 14:17:10 - [Job ID: 35199] Attempt 1: Accessing https://ndi.career.emply.com/ad/sales-back-office-assistant-ndi-group/6m6s83/da
2025-04-07 14:17:10 - [Job ID: 35192] Attempt 1: Accessing https://www.jobindex.dk/jobannonce/h1554778/backoffice-medarbejder-til-foodservice
2025-04-07 14:17:10 - [Job ID: 35195] Attempt 1: Accessing https://www.jobindex.dk/jobannonce/h1554712/kirkegaardssekretaer-til-holme-og-kolt-kirkegaarde
2025-04-07 14:17:12 - Updated content for job ID: 35200
2025-04-07 14:17:12 - Updated content for job ID: 35198
2025-04-07 14:17:12 - Updated content for job ID: 35197
2025-04-07 14:17:15 - Updated content for job ID: 35194
2025-04-07 14:17:16 - Updated content for job ID: 35193
2025-04-07 14:17:17 - Updated content for job ID: 35192
2025-04-07 14:17:17 - Updated content for job ID: 35199
2025-04-07 14:17:18 - Updated content for job ID: 35195
2025-04-07 14:17:19 - [Job ID: 35191] Attempt 1 failed: Page.goto: Timeout 15000ms exceeded.
Call log:
  - navigating to "https://candidate.hr-manager.net/ApplicationInit.aspx?cid=179&ProjectId=193841&DepartmentId=22245&MediaId=5578", waiting until "networkidle"

2025-04-07 14:17:20 - [Job ID: 35196] Attempt 1 failed: Page.goto: Timeout 15000ms exceeded.
Call log:
  - navigating to "https://candidate.hr-manager.net/ApplicationInit.aspx?cid=1675&ProjectId=145051&DepartmentId=19016&MediaId=4620", waiting until "networkidle"

2025-04-07 14:17:22 - [Job ID: 35191] Attempt 2: Accessing https://candidate.hr-manager.net/ApplicationInit.aspx?cid=179&ProjectId=193841&DepartmentId=22245&MediaId=5578
2025-04-07 14:17:23 - [Job ID: 35196] Attempt 2: Accessing https://candidate.hr-manager.net/ApplicationInit.aspx?cid=1675&ProjectId=145051&DepartmentId=19016&MediaId=4620
2025-04-07 14:17:25 - Updated content for job ID: 35191
2025-04-07 14:17:27 - Updated content for job ID: 35196
2025-04-07 14:17:28 - Processing jobs 35201 to 35211
2025-04-07 14:17:31 - [Job ID: 35205] Attempt 1: Accessing https://candidate.hr-manager.net/ApplicationInit.aspx?cid=55&ProjectId=182016&DepartmentId=1088&MediaId=59
2025-04-07 14:17:32 - [Job ID: 35211] Attempt 1: Accessing https://www.jobindex.dk/jobannonce/h1554714/administrativ-driftskoordinator-noegleperson-i-vores-indkoebsafdeling
2025-04-07 14:17:32 - [Job ID: 35206] Attempt 1: Accessing https://job.politi.dk/job/Nordjyllands-Politi-s%C3%B8ger-flere-administrative-medarbejdere-til-Servicecentret/1724-da_DK
2025-04-07 14:17:33 - [Job ID: 35202] Attempt 1: Accessing https://www.jobindex.dk/jobannonce/h1554580/hifi-klubben-soeger-en-master-data-coordinator-deltid-timeloen
2025-04-07 14:17:34 - [Job ID: 35204] Attempt 1: Accessing https://www.jobindex.dk/jobannonce/h1554319/kunderaadgiver-hos-duka-et-job-med-mening
2025-04-07 14:17:36 - [Job ID: 35201] Attempt 1: Accessing https://urbanpartners.career.emply.com/ad/executive-assistant-urban-partners-copenhagen/dsfxmp/en
2025-04-07 14:17:37 - [Job ID: 35209] Attempt 1: Accessing https://www.bo-vest.dk/om-bo-vest/job-og-karriere/jobbeskrivelse/7368-job-28577-job-5837-job-driftssekretaer-paa-deltid-til-bo-vest-etagehusene/
2025-04-07 14:17:37 - [Job ID: 35207] Attempt 1: Accessing https://job.politi.dk/job/K%C3%B8benhavns-Politi-s%C3%B8ger-medarbejdere-til-koordineringsopgaver-i-Facility-Management/1723-da_DK
2025-04-07 14:17:37 - [Job ID: 35210] Attempt 1: Accessing https://www.academicwork.dk/ledige-stillinger/j/costumer-service-specialist-til-b-braun-medical-as/B6O04W
2025-04-07 14:17:37 - [Job ID: 35203] Attempt 1: Accessing https://candidate.hr-manager.net/ApplicationInit.aspx?cid=5001&ProjectId=187832&DepartmentId=8020&MediaId=5
2025-04-07 14:17:39 - Updated content for job ID: 35205
2025-04-07 14:17:39 - Updated content for job ID: 35211
2025-04-07 14:17:40 - Updated content for job ID: 35202
2025-04-07 14:17:40 - Updated content for job ID: 35204
2025-04-07 14:17:42 - Updated content for job ID: 35210
2025-04-07 14:17:44 - Updated content for job ID: 35201
2025-04-07 14:17:47 - Updated content for job ID: 35207
2025-04-07 14:17:47 - [Job ID: 35206] Attempt 1 failed: Page.goto: Timeout 15000ms exceeded.
Call log:
  - navigating to "https://job.politi.dk/job/Nordjyllands-Politi-s%C3%B8ger-flere-administrative-medarbejdere-til-Servicecentret/1724-da_DK", waiting until "networkidle"

2025-04-07 14:17:50 - Updated content for job ID: 35203
2025-04-07 14:17:51 - [Job ID: 35206] Attempt 2: Accessing https://job.politi.dk/job/Nordjyllands-Politi-s%C3%B8ger-flere-administrative-medarbejdere-til-Servicecentret/1724-da_DK
2025-04-07 14:17:52 - [Job ID: 35209] Attempt 1 failed: Page.goto: Timeout 15000ms exceeded.
Call log:
  - navigating to "https://www.bo-vest.dk/om-bo-vest/job-og-karriere/jobbeskrivelse/7368-job-28577-job-5837-job-driftssekretaer-paa-deltid-til-bo-vest-etagehusene/", waiting until "networkidle"

2025-04-07 14:17:54 - Updated content for job ID: 35206
2025-04-07 14:17:55 - [Job ID: 35209] Attempt 2: Accessing https://www.bo-vest.dk/om-bo-vest/job-og-karriere/jobbeskrivelse/7368-job-28577-job-5837-job-driftssekretaer-paa-deltid-til-bo-vest-etagehusene/
2025-04-07 14:18:10 - [Job ID: 35209] Attempt 2 failed: Page.goto: Timeout 15000ms exceeded.
Call log:
  - navigating to "https://www.bo-vest.dk/om-bo-vest/job-og-karriere/jobbeskrivelse/7368-job-28577-job-5837-job-driftssekretaer-paa-deltid-til-bo-vest-etagehusene/", waiting until "networkidle"

2025-04-07 14:18:13 - [Job ID: 35209] Attempt 3: Accessing https://www.bo-vest.dk/om-bo-vest/job-og-karriere/jobbeskrivelse/7368-job-28577-job-5837-job-driftssekretaer-paa-deltid-til-bo-vest-etagehusene/
2025-04-07 14:18:28 - [Job ID: 35209] Attempt 3 failed: Page.goto: Timeout 15000ms exceeded.
Call log:
  - navigating to "https://www.bo-vest.dk/om-bo-vest/job-og-karriere/jobbeskrivelse/7368-job-28577-job-5837-job-driftssekretaer-paa-deltid-til-bo-vest-etagehusene/", waiting until "networkidle"

2025-04-07 14:18:29 - Batch timed out, moving to next batch
2025-04-07 14:18:30 - Processing jobs 35212 to 35221
2025-04-07 14:18:32 - [Job ID: 35213] Attempt 1: Accessing https://ftz.easycruit.com/vacancy/3483415/77297?iso=dk
2025-04-07 14:18:32 - [Job ID: 35212] Attempt 1: Accessing https://app.jobmatchprofile.com/wka5p2?client=jobindex
2025-04-07 14:18:33 - [Job ID: 35216] Attempt 1: Accessing https://www.jobindex.dk/jobannonce/r13095245/administrativ-medarbejder-med-flair-for-digitale-systemer-som-trives-som-blaeksprutte-soeges-til-barselsvikarstilling-pr-1-ju
2025-04-07 14:18:33 - [Job ID: 35214] Attempt 1: Accessing https://portal.signatur.dk/ExtJobs/DefaultHosting/JobDetails.aspx?ClientId=2533&WebAdId=137337
2025-04-07 14:18:34 - [Job ID: 35217] Attempt 1: Accessing https://www.jobindex.dk/jobannonce/h1554581/er-du-hotel-alexandra-og-hotel-christian-ivs-nye-fuldtidsreceptionist
2025-04-07 14:18:35 - [Job ID: 35219] Attempt 1: Accessing https://app.jobmatchprofile.com/mqcaqk?client=jobindex
2025-04-07 14:18:36 - Updated content for job ID: 35213
2025-04-07 14:18:36 - [Job ID: 35220] Attempt 1: Accessing https://ottoconsult.dk/tiltraekke/ledigestillinger?hr=show-job%2F251997
2025-04-07 14:18:37 - Updated content for job ID: 35212
2025-04-07 14:18:37 - [Job ID: 35215] Attempt 1: Accessing https://www.jobindex.dk/jobannonce/r13095106/fjelsoe-friskole-soeger-en-skolesekretaer-med-let-til-smil-og-flair-for-administration
2025-04-07 14:18:38 - [Job ID: 35218] Attempt 1: Accessing https://www.job-karriere.dk/Norlys/job/Silkeborg-Juniorassistent-8600/1174765701/
2025-04-07 14:18:38 - [Job ID: 35221] Attempt 1: Accessing https://candidate.hr-manager.net/ApplicationInit.aspx?cid=3039&ProjectId=143618&DepartmentId=18975&MediaId=5
2025-04-07 14:18:41 - Updated content for job ID: 35216
2025-04-07 14:18:41 - Updated content for job ID: 35214
2025-04-07 14:18:41 - Updated content for job ID: 35217
2025-04-07 14:18:42 - Updated content for job ID: 35215
2025-04-07 14:18:45 - Updated content for job ID: 35218
2025-04-07 14:18:46 - Updated content for job ID: 35220
2025-04-07 14:18:47 - Updated content for job ID: 35221
2025-04-07 14:18:50 - [Job ID: 35219] Attempt 1 failed: Page.goto: Timeout 15000ms exceeded.
Call log:
  - navigating to "https://app.jobmatchprofile.com/mqcaqk?client=jobindex", waiting until "networkidle"

2025-04-07 14:18:53 - [Job ID: 35219] Attempt 2: Accessing https://app.jobmatchprofile.com/mqcaqk?client=jobindex
2025-04-07 14:18:58 - Updated content for job ID: 35219
2025-04-07 14:18:59 - Processing jobs 35222 to 35231
2025-04-07 14:19:01 - [Job ID: 35222] Attempt 1: Accessing https://candidate.hr-manager.net/ApplicationInit.aspx?cid=5001&ProjectId=187851&DepartmentId=9143&MediaId=5
2025-04-07 14:19:01 - [Job ID: 35227] Attempt 1: Accessing https://al-bank.easycruit.com/vacancy/3488347/14243?iso=dk&channel=jobindex
2025-04-07 14:19:02 - [Job ID: 35229] Attempt 1: Accessing https://www.jobindex.dk/jobannonce/r13095094/kontorelever-til-jammerbugt-kommune
2025-04-07 14:19:03 - [Job ID: 35224] Attempt 1: Accessing https://www.jobindex.dk/jobannonce/h1554264/fitnessgruppen-soeger-handelselev-eller-e-handelselev-til-butik-i-skanderborg
2025-04-07 14:19:04 - [Job ID: 35223] Attempt 1: Accessing https://awstrack.youngcrm.com/CL0/https:%2F%2Fkaufmann.youngcrm.com%2Fjobportal%2F11103%3Futm_source=youngcrm%26utm_medium=notification%26utm_campaign=media/1/010201960f2127cd-a360fed1-7b40-418d-a508-d055aac5976c-000000/Tc-MPkG1a-Ucc1siRgsVDoSUKiA1JwrmJpmb18z2cok=399
2025-04-07 14:19:06 - [Job ID: 35231] Attempt 1: Accessing https://app.elvium.com/da/positions/30069/job_posting?referer_host=www.jobindex.dk
2025-04-07 14:19:07 - [Job ID: 35228] Attempt 1: Accessing https://www.jobindex.dk/jobannonce/h1530444/revisortrainee-hos-redmark-2026
2025-04-07 14:19:07 - [Job ID: 35226] Attempt 1: Accessing https://home.dk/om-home/job-og-karriere/ledige-stillinger/?hr=show-job/251923%26locale=da_DK
2025-04-07 14:19:08 - [Job ID: 35225] Attempt 1: Accessing https://hrmnordic.myhrsol.com/Recruitment/ahlsell/Jobs/TemplatePreview/16243
2025-04-07 14:19:08 - [Job ID: 35230] Attempt 1: Accessing https://www.jobindex.dk/jobannonce/r13095230/familieplejen-aarhus-kommune-soeger-godkendt-forstaerket-plejefamilie-til-8-aarig-dreng
2025-04-07 14:19:13 - Updated content for job ID: 35227
2025-04-07 14:19:14 - Updated content for job ID: 35231
2025-04-07 14:19:14 - Updated content for job ID: 35224
2025-04-07 14:19:14 - Updated content for job ID: 35223
2025-04-07 14:19:14 - Updated content for job ID: 35229
2025-04-07 14:19:15 - Updated content for job ID: 35228
2025-04-07 14:19:16 - [Job ID: 35222] Attempt 1 failed: Page.goto: Timeout 15000ms exceeded.
Call log:
  - navigating to "https://candidate.hr-manager.net/ApplicationInit.aspx?cid=5001&ProjectId=187851&DepartmentId=9143&MediaId=5", waiting until "networkidle"

2025-04-07 14:19:16 - Updated content for job ID: 35225
2025-04-07 14:19:17 - Updated content for job ID: 35230
2025-04-07 14:19:19 - Updated content for job ID: 35226
2025-04-07 14:19:19 - [Job ID: 35222] Attempt 2: Accessing https://candidate.hr-manager.net/ApplicationInit.aspx?cid=5001&ProjectId=187851&DepartmentId=9143&MediaId=5
2025-04-07 14:19:22 - Updated content for job ID: 35222
2025-04-07 14:19:23 - Processing jobs 35232 to 35241
2025-04-07 14:19:26 - [Job ID: 35237] Attempt 1: Accessing https://jobteam.dk/afdeling/8230B/M_U-Byg-L110-Aarhus/jobindex/
2025-04-07 14:19:26 - [Job ID: 35234] Attempt 1: Accessing https://jobteam.dk/afdeling/6000B/M_U-Byg-L106-Kolding/jobindex/
2025-04-07 14:19:27 - [Job ID: 35241] Attempt 1: Accessing https://efzu.fa.em2.oraclecloud.com/hcmUI/CandidateExperience/da/sites/CX_1/job/5018
2025-04-07 14:19:28 - [Job ID: 35233] Attempt 1: Accessing https://www.jks.dk/Default.aspx?ID=68960
2025-04-07 14:19:29 - [Job ID: 35235] Attempt 1: Accessing https://jobteam.dk/afdeling/8800B/M_U-Byg-L106-Viborg/jobindex/
2025-04-07 14:19:30 - [Job ID: 35236] Attempt 1: Accessing https://jobteam.dk/afdeling/6200B/M_U-Byg-L108-Aabenraa/jobindex/
2025-04-07 14:19:31 - [Job ID: 35239] Attempt 1: Accessing https://candidate.hr-manager.net/ApplicationInit.aspx?cid=5001&ProjectId=187881&DepartmentId=6163&MediaId=3638
2025-04-07 14:19:33 - [Job ID: 35232] Attempt 1: Accessing https://portal.signatur.dk/ExtJobs/DefaultHosting/JobDetails.aspx?ClientId=1449&WebAdId=137434
2025-04-07 14:19:33 - [Job ID: 35240] Attempt 1: Accessing https://candidate.hr-manager.net/ApplicationInit.aspx?cid=5001&ProjectId=187850&DepartmentId=7683&MediaId=5
2025-04-07 14:19:33 - Updated content for job ID: 35237
2025-04-07 14:19:33 - Updated content for job ID: 35234
2025-04-07 14:19:33 - [Job ID: 35238] Attempt 1: Accessing https://www.jobindex.dk/jobannonce/r13095134/vil-du-med-paa-holdet-2025
2025-04-07 14:19:36 - Updated content for job ID: 35233
2025-04-07 14:19:36 - Updated content for job ID: 35241
2025-04-07 14:19:38 - Updated content for job ID: 35238
2025-04-07 14:19:39 - Updated content for job ID: 35236
2025-04-07 14:19:39 - Updated content for job ID: 35235
2025-04-07 14:19:40 - Updated content for job ID: 35232
2025-04-07 14:19:43 - Updated content for job ID: 35239
2025-04-07 14:19:45 - Updated content for job ID: 35240
2025-04-07 14:19:46 - Processing jobs 35242 to 35251
2025-04-07 14:19:48 - [Job ID: 35243] Attempt 1: Accessing https://www.jobindex.dk/jobannonce/r13095255/landbrugsmedhjaelper
2025-04-07 14:19:48 - [Job ID: 35247] Attempt 1: Accessing https://egedalkommune.career.emply.com/ad/solskinsvejr-og-sommertaeer-fregner-pa-naesen-og-naervaer/iumn11/da
2025-04-07 14:19:49 - [Job ID: 35242] Attempt 1: Accessing https://www.jobindex.dk/jobannonce/r13095212/anlaegsgartnerfirmaet-all-round-service-aps-i-naestved-soeger-ny-kollega
2025-04-07 14:19:50 - [Job ID: 35249] Attempt 1: Accessing https://candidate.hr-manager.net/ApplicationInit.aspx?cid=1862&ProjectId=143900&DepartmentId=18995&MediaId=4614
2025-04-07 14:19:51 - [Job ID: 35245] Attempt 1: Accessing https://www.jobindex.dk/jobannonce/r13095141/kirkegaardsgartner-til-naestved-kirkegaarde
2025-04-07 14:19:52 - [Job ID: 35246] Attempt 1: Accessing https://www.jobindex.dk/jobannonce/r13095102/jordbrugskontrolloerer-til-kontrolopgaver-i-hele-landet
2025-04-07 14:19:54 - [Job ID: 35251] Attempt 1: Accessing https://app.elvium.com/da/positions/30047/job_posting
2025-04-07 14:19:55 - [Job ID: 35244] Attempt 1: Accessing https://www.jobindex.dk/jobannonce/r13095186/fuglsanggaard-selvplukhave-og-gaardbutik-soeger-medhjaelp-i-sommerperioden-2025
2025-04-07 14:19:55 - [Job ID: 35248] Attempt 1: Accessing https://candidate.hr-manager.net/ApplicationInit.aspx?cid=1392&ProjectId=146010&DepartmentId=20050&MediaId=4616
2025-04-07 14:19:55 - [Job ID: 35250] Attempt 1: Accessing https://www.jobindex.dk/jobannonce/h1554768/socialfaglige-medarbejdere
2025-04-07 14:19:56 - Updated content for job ID: 35247
2025-04-07 14:19:57 - Updated content for job ID: 35242
2025-04-07 14:19:57 - Updated content for job ID: 35249
2025-04-07 14:19:57 - Updated content for job ID: 35243
2025-04-07 14:19:57 - Updated content for job ID: 35246
2025-04-07 14:19:58 - Updated content for job ID: 35245
2025-04-07 14:19:59 - Updated content for job ID: 35251
2025-04-07 14:20:01 - Updated content for job ID: 35244
2025-04-07 14:20:01 - Updated content for job ID: 35250
2025-04-07 14:20:01 - Updated content for job ID: 35248
2025-04-07 14:20:02 - Processing jobs 35252 to 35262
2025-04-07 14:20:05 - [Job ID: 35255] Attempt 1: Accessing https://albertslund.career.emply.com/ad/staerk-socialfaglig-profil-til-vores-socialradgiverteam-i-albertslund-rusmiddelcen/75ugou/da
2025-04-07 14:20:06 - [Job ID: 35262] Attempt 1: Accessing https://candidate.hr-manager.net/ApplicationInit.aspx?cid=1518&ProjectId=206072&DepartmentId=19236&MediaId=5
2025-04-07 14:20:06 - [Job ID: 35252] Attempt 1: Accessing https://www.jobindex.dk/jobannonce/h1554722/socialfaglig-medarbejder-m-k-37-t-u-soeges-til-krisecenter-beliggende-i-gladsaxe
2025-04-07 14:20:07 - [Job ID: 35254] Attempt 1: Accessing https://vordingborg.career.emply.com/ad/nattevagt-soges-til-botilbud-i-vordingborg/7mqg11/da
2025-04-07 14:20:09 - [Job ID: 35259] Attempt 1: Accessing https://portal.signatur.dk/ExtJobs/DefaultHosting/JobDetails.aspx?ClientId=1436&WebAdId=136112
2025-04-07 14:20:10 - [Job ID: 35253] Attempt 1: Accessing https://www.jobindex.dk/jobannonce/h1554718/er-du-vores-nye-leder-hos-granhoejen-skab-en-meningsfuld-fremtid
2025-04-07 14:20:11 - [Job ID: 35261] Attempt 1: Accessing https://frederikshavn.career.emply.com/ad/paedagog-eller-paedagogisk-medarbeder-til-bangsbostrand-gaerums-sfo/nnrb3u/da
2025-04-07 14:20:12 - [Job ID: 35258] Attempt 1: Accessing https://taarnby.hr-on.com/show-job/252076&locale=da_DK
2025-04-07 14:20:12 - [Job ID: 35260] Attempt 1: Accessing https://portal.signatur.dk/ExtJobs/DefaultHosting/JobDetails.aspx?ClientId=2079&WebAdId=137400
2025-04-07 14:20:12 - [Job ID: 35256] Attempt 1: Accessing https://www.jobindex.dk/jobannonce/h1554482/vi-har-en-sjaelden-ledig-stilling-som-paedagog-hos-os
2025-04-07 14:20:15 - Updated content for job ID: 35259
2025-04-07 14:20:16 - Updated content for job ID: 35255
2025-04-07 14:20:16 - Updated content for job ID: 35262
2025-04-07 14:20:16 - Updated content for job ID: 35254
2025-04-07 14:20:16 - Updated content for job ID: 35252
2025-04-07 14:20:16 - Updated content for job ID: 35253
2025-04-07 14:20:16 - Updated content for job ID: 35261
2025-04-07 14:20:17 - Updated content for job ID: 35256
2025-04-07 14:20:18 - Updated content for job ID: 35260
2025-04-07 14:20:20 - Updated content for job ID: 35258
2025-04-07 14:20:21 - Processing jobs 35263 to 35272
2025-04-07 14:20:23 - [Job ID: 35265] Attempt 1: Accessing https://www.aalborg.dk/job-og-karriere/vis-job?id=21403
2025-04-07 14:20:24 - [Job ID: 35268] Attempt 1: Accessing https://www.jobindex.dk/jobannonce/r13095241/dygtig-paedagog-til-vores-vuggestue-dii-drivhuset-christiansbjerg-dagtilbud
2025-04-07 14:20:25 - [Job ID: 35267] Attempt 1: Accessing https://www.jobindex.dk/jobannonce/r13094999/sfo-paedagog-til-aakjaerskolen-barselsvikariat
2025-04-07 14:20:26 - [Job ID: 35266] Attempt 1: Accessing https://www.aalborg.dk/job-og-karriere/vis-job?id=21402
2025-04-07 14:20:27 - [Job ID: 35272] Attempt 1: Accessing https://www.jobindex.dk/jobannonce/r13095219/magi-i-boernehoejde-paedagogmedhjaelper-37-timer-til-eventyrhaven
2025-04-07 14:20:28 - [Job ID: 35270] Attempt 1: Accessing https://www.jobindex.dk/jobannonce/r13095028/erfaren-og-naervaerende-paedagog-soeges-til-specialiseret-botilbud-med-fokus-paa-autisme
2025-04-07 14:20:30 - [Job ID: 35263] Attempt 1: Accessing https://candidate.hr-manager.net/ApplicationInit.aspx?cid=1518&ProjectId=206061&DepartmentId=22551&MediaId=5
2025-04-07 14:20:30 - [Job ID: 35271] Attempt 1: Accessing https://www.jobindex.dk/jobannonce/r13094997/paedagog-paedagogisk-assistent-til-braarup-fritidscenter
2025-04-07 14:20:30 - [Job ID: 35269] Attempt 1: Accessing https://www.jobindex.dk/jobannonce/r13095044/kolboetten-i-hasselager-soeger-paedagog-til-barselsvikariat
2025-04-07 14:20:30 - [Job ID: 35264] Attempt 1: Accessing https://candidate.hr-manager.net/ApplicationInit.aspx?cid=342&ProjectId=261928&DepartmentId=12112&MediaId=5
2025-04-07 14:20:33 - Updated content for job ID: 35267
2025-04-07 14:20:33 - Updated content for job ID: 35268
2025-04-07 14:20:33 - Updated content for job ID: 35265
2025-04-07 14:20:33 - Updated content for job ID: 35266
2025-04-07 14:20:33 - Updated content for job ID: 35272
2025-04-07 14:20:35 - Updated content for job ID: 35270
2025-04-07 14:20:36 - Updated content for job ID: 35271
2025-04-07 14:20:37 - Updated content for job ID: 35269
2025-04-07 14:20:39 - Updated content for job ID: 35263
2025-04-07 14:20:39 - Updated content for job ID: 35264
2025-04-07 14:20:40 - Processing jobs 35273 to 35283
2025-04-07 14:20:42 - [Job ID: 35275] Attempt 1: Accessing https://www.jobindex.dk/jobannonce/r13095176/paedagog-med-livsglaede
2025-04-07 14:20:43 - [Job ID: 35273] Attempt 1: Accessing https://www.jobindex.dk/jobannonce/r13095081/skolepaedagog
2025-04-07 14:20:44 - [Job ID: 35282] Attempt 1: Accessing https://www.jobindex.dk/jobannonce/h1554699/underviser-og-praktikmedarbejder-soeges-til-guldborgsund-ungdomsskoles-heltidsundervisning
2025-04-07 14:20:45 - [Job ID: 35280] Attempt 1: Accessing https://www.jobindex.dk/jobannonce/h1554809/sangpaedagog-korleder
2025-04-07 14:20:46 - [Job ID: 35274] Attempt 1: Accessing https://www.jobindex.dk/jobannonce/r13095060/forsorgshjemmet-fastershus-soeger-socialfaglig-medarbejder-med-erfaring-indenfor-hjemloeshed-misbrug-og-eller-psykiatri-fra-d
2025-04-07 14:20:48 - [Job ID: 35278] Attempt 1: Accessing https://www.jobindex.dk/jobannonce/r13095201/paedagog-til-boernehus-med-musikprofil
2025-04-07 14:20:49 - [Job ID: 35276] Attempt 1: Accessing https://www.jobindex.dk/jobannonce/r13095256/paedagog-med-psykiatrisk-erfaring-soeges-til-fast-stilling-i-almen-psykiatrisk-afsnit-05-psykiatrisk-afdeling-vejle-med-fokus
2025-04-07 14:20:49 - [Job ID: 35279] Attempt 1: Accessing https://www.jobindex.dk/jobannonce/r13095090/er-du-paedagogisk-uddannet-og-motiveret-af-at-goere-en-forskel-for-mennesker-med-erhvervet-hjerneskade
2025-04-07 14:20:49 - [Job ID: 35277] Attempt 1: Accessing https://www.jobindex.dk/jobannonce/r13095097/genopslag-ravnholm-skole-afd-naerum-soeger-en-paedagog-der-med-indlevelse-og-engagement-kan-vaere-omdrejningspunkt-og-kan-bidra
2025-04-07 14:20:49 - [Job ID: 35283] Attempt 1: Accessing https://www.jobindex.dk/jobannonce/h1554673/barselsvikariat-ordblindevejleder-og-dansklaerer-soeges-til-at-styrke-et-inkluderende-laeringsmiljoe
2025-04-07 14:20:51 - Updated content for job ID: 35273
2025-04-07 14:20:52 - Updated content for job ID: 35275
2025-04-07 14:20:52 - Updated content for job ID: 35282
2025-04-07 14:20:52 - Updated content for job ID: 35280
2025-04-07 14:20:56 - Updated content for job ID: 35274
2025-04-07 14:20:59 - Updated content for job ID: 35278
2025-04-07 14:21:00 - Updated content for job ID: 35276
2025-04-07 14:21:01 - Updated content for job ID: 35279
2025-04-07 14:21:01 - Updated content for job ID: 35277
2025-04-07 14:21:01 - Updated content for job ID: 35283
2025-04-07 14:21:02 - Processing jobs 35284 to 35293
2025-04-07 14:21:04 - [Job ID: 35284] Attempt 1: Accessing https://portal.signatur.dk/ExtJobs/DefaultHosting/JobDetails.aspx?ClientId=2308&WebAdId=137349&Lang=1030
2025-04-07 14:21:05 - [Job ID: 35285] Attempt 1: Accessing https://www.innomate.com/InnomatePublicPagesMedarb/JobNotice.aspx?CompanyId=brock&JobNoticeId=583
2025-04-07 14:21:06 - [Job ID: 35290] Attempt 1: Accessing https://www.jobindex.dk/jobannonce/r13095109/engageret-musiklaerer-paa-37-timer
2025-04-07 14:21:06 - [Job ID: 35288] Attempt 1: Accessing https://gotutor.dk/bliv-underviser?utm_campaign=Jobindex-bliv-underviser&utm_medium=paid-post
2025-04-07 14:21:07 - [Job ID: 35291] Attempt 1: Accessing https://www.jobindex.dk/jobannonce/r13095116/fgu-soenderjylland-i-toender-soeger-faglaerer-til-fagtemaet-mad-og-ernaering
2025-04-07 14:21:10 - Updated content for job ID: 35285
2025-04-07 14:21:10 - [Job ID: 35289] Attempt 1: Accessing https://www.jobindex.dk/jobannonce/r13095151/laerer-til-vores-indskoling-kaerhuset-til-vores-nye-gruppe-som-arbejder-nest-inspireret
2025-04-07 14:21:10 - [Job ID: 35287] Attempt 1: Accessing https://portal.signatur.dk/ExtJobs/DefaultHosting/JobDetails.aspx?ClientId=1436&WebAdId=136118
2025-04-07 14:21:11 - [Job ID: 35286] Attempt 1: Accessing https://www.jobindex.dk/jobannonce/h1554623/matematik-paa-toemmerup-friskole
2025-04-07 14:21:11 - [Job ID: 35293] Attempt 1: Accessing https://candidate.hr-manager.net/ApplicationInit.aspx?cid=5001&ProjectId=187886&DepartmentId=9408&MediaId=3191
2025-04-07 14:21:11 - [Job ID: 35292] Attempt 1: Accessing https://www.jobindex.dk/jobannonce/r13095045/barselsvikar-til-hhx
2025-04-07 14:21:13 - Updated content for job ID: 35288
2025-04-07 14:21:13 - Updated content for job ID: 35287
2025-04-07 14:21:14 - Updated content for job ID: 35284
2025-04-07 14:21:14 - Updated content for job ID: 35291
2025-04-07 14:21:14 - Updated content for job ID: 35290
2025-04-07 14:21:15 - Updated content for job ID: 35289
2025-04-07 14:21:16 - Updated content for job ID: 35286
2025-04-07 14:21:17 - Updated content for job ID: 35292
2025-04-07 14:21:17 - Updated content for job ID: 35293
2025-04-07 14:21:18 - Processing jobs 35294 to 35303
2025-04-07 14:21:21 - [Job ID: 35295] Attempt 1: Accessing https://danofficeit.career.emply.com/ad/financial-assistant-debitor/5xq5uu/da
2025-04-07 14:21:22 - [Job ID: 35294] Attempt 1: Accessing https://www.jobindex.dk/jobannonce/h1554782/bogholder-soeges
2025-04-07 14:21:22 - [Job ID: 35299] Attempt 1: Accessing https://candidate.hr-manager.net/ApplicationInit.aspx?cid=3010&ProjectId=145667&DepartmentId=19733&MediaId=5
2025-04-07 14:21:23 - [Job ID: 35297] Attempt 1: Accessing https://www.jobindex.dk/jobannonce/h1554652/accounts-payable-specialist-for-production-company
2025-04-07 14:21:24 - [Job ID: 35303] Attempt 1: Accessing https://aogh.net/debitor-og-kreditoransvarlig/
2025-04-07 14:21:25 - [Job ID: 35302] Attempt 1: Accessing https://www.pwc.dk/da/karriere/jobsoegning/jobbeskrivelse.html?wdjobreqid=611535WD&wdcountry=DNK&wdjobsite=Global_Campus_Careers&wdjd=simple
2025-04-07 14:21:27 - [Job ID: 35300] Attempt 1: Accessing https://www.jobindex.dk/jobannonce/h1554204/erfaren-bogholder-til-innovativ-virksomhed
2025-04-07 14:21:27 - [Job ID: 35298] Attempt 1: Accessing https://jobs.danishcrown.com/job/Randers-SV-Commercial-Insight-Specialist-8940/1189841701/
2025-04-07 14:21:29 - Updated content for job ID: 35297
2025-04-07 14:21:30 - Updated content for job ID: 35295
2025-04-07 14:21:30 - [Job ID: 35301] Attempt 1: Accessing https://www.jobindex.dk/jobannonce/h1549841/controller-saet-rammerne-for-vores-oekonomistyring-30-timer-uge
2025-04-07 14:21:30 - [Job ID: 35296] Attempt 1: Accessing https://easyapply.jobs/r/nrBW62n23XwNln2v39Nx
2025-04-07 14:21:31 - Updated content for job ID: 35294
2025-04-07 14:21:32 - Updated content for job ID: 35299
2025-04-07 14:21:32 - Updated content for job ID: 35303
2025-04-07 14:21:33 - Updated content for job ID: 35300
2025-04-07 14:21:34 - Updated content for job ID: 35298
2025-04-07 14:21:35 - Updated content for job ID: 35301
2025-04-07 14:21:35 - Updated content for job ID: 35302
2025-04-07 14:21:36 - Updated content for job ID: 35296
2025-04-07 14:21:37 - Processing jobs 35304 to 35313
2025-04-07 14:21:39 - [Job ID: 35304] Attempt 1: Accessing https://www.jobindex.dk/jobannonce/h1554770/oekonomimedarbejder
2025-04-07 14:21:40 - [Job ID: 35305] Attempt 1: Accessing https://app.jobmatchprofile.com/mep6wq
2025-04-07 14:21:41 - [Job ID: 35310] Attempt 1: Accessing https://www.jobindex.dk/jobannonce/h1554641/business-analyst
2025-04-07 14:21:42 - [Job ID: 35306] Attempt 1: Accessing https://www.jobindex.dk/jobannonce/h1554725/oekonomiassistent-til-redmarks-business-service-i-viborg
2025-04-07 14:21:43 - [Job ID: 35308] Attempt 1: Accessing https://www.jobindex.dk/jobannonce/h1554648/loenkonsulent-til-personaleafdelingen-i-aabenraa-kommune
2025-04-07 14:21:44 - [Job ID: 35307] Attempt 1: Accessing https://www.slagelse.dk/da/ledige-job-i-slagelse-kommune/okonomipartner-til-okonomi-og-styring/
2025-04-07 14:21:46 - [Job ID: 35313] Attempt 1: Accessing https://www.jobindex.dk/jobannonce/h1554047/bogholder
2025-04-07 14:21:46 - [Job ID: 35311] Attempt 1: Accessing https://www.proogco.dk/ledige-stillinger/?hr=show-job/251086&locale=da_DK&sd=1
2025-04-07 14:21:46 - [Job ID: 35309] Attempt 1: Accessing https://app.jobmatchprofile.com/gsuhqp?client=jobindex
2025-04-07 14:21:46 - [Job ID: 35312] Attempt 1: Accessing https://activesearch.recman.no/job.php?job_id=426951&path=ji_den
2025-04-07 14:21:49 - Updated content for job ID: 35305
2025-04-07 14:21:49 - Updated content for job ID: 35306
2025-04-07 14:21:49 - Updated content for job ID: 35304
2025-04-07 14:21:49 - Updated content for job ID: 35310
2025-04-07 14:21:49 - Updated content for job ID: 35308
2025-04-07 14:21:49 - Updated content for job ID: 35307
2025-04-07 14:21:50 - Updated content for job ID: 35313
2025-04-07 14:21:51 - Updated content for job ID: 35312
2025-04-07 14:21:54 - Updated content for job ID: 35311
2025-04-07 14:21:55 - Updated content for job ID: 35309
2025-04-07 14:21:56 - Processing jobs 35314 to 35323
2025-04-07 14:21:58 - [Job ID: 35315] Attempt 1: Accessing https://www.jobindex.dk/jobannonce/r13095128/vi-soeger-en-omhyggelig-og-talstaerk-kollega-til-loen-og-regnskab-paa-kontoret-i-silkeborg
2025-04-07 14:21:58 - [Job ID: 35322] Attempt 1: Accessing https://gorrissenfederspiel.com/jobs/compliance-controller-4/
2025-04-07 14:21:59 - [Job ID: 35320] Attempt 1: Accessing https://sydbank-career.talent-soft.com/job/job-privatradgiver-til-h-rsholm_3404.aspx
2025-04-07 14:22:00 - [Job ID: 35321] Attempt 1: Accessing https://www.jyskebank.dk/om-os/job-og-karriere/job/jobopslag?id=190737
2025-04-07 14:22:01 - [Job ID: 35319] Attempt 1: Accessing https://www.epos.dk/REK/DanskeAndelskasser/Joblist/Job.aspx?jobOfferInstanceId=441&joblistId=1&lang=da
2025-04-07 14:22:01 - Updated content for job ID: 35322
2025-04-07 14:22:02 - [Job ID: 35323] Attempt 1: Accessing https://candidate.hr-manager.net/ApplicationInit.aspx?cid=2180&ProjectId=147590&DepartmentId=19056&MediaId=4623
2025-04-07 14:22:02 - Updated content for job ID: 35315
2025-04-07 14:22:03 - [Job ID: 35314] Attempt 1: Accessing https://www.jobindex.dk/jobannonce/r13095054/2-konsulenter-til-budgetopfoelgning-og-analyser
2025-04-07 14:22:03 - Updated content for job ID: 35320
2025-04-07 14:22:04 - [Job ID: 35318] Attempt 1: Accessing https://www.jobindex.dk/jobannonce/h1554601/vi-soeger-kunderaadgivere-til-raadgivningscenteret
2025-04-07 14:22:04 - [Job ID: 35317] Attempt 1: Accessing https://www.epos.dk/Rek/Djursland/Joblist/Job.aspx?jobOfferInstanceId=226&joblistId=1&lang=da
2025-04-07 14:22:04 - [Job ID: 35316] Attempt 1: Accessing https://www.jobindex.dk/jobannonce/r13095076/oekonomiassistent-skal-have-erfaring-med-bogholderi
2025-04-07 14:22:06 - Updated content for job ID: 35319
2025-04-07 14:22:08 - Updated content for job ID: 35317
2025-04-07 14:22:08 - Updated content for job ID: 35314
2025-04-07 14:22:09 - Updated content for job ID: 35318
2025-04-07 14:22:09 - Updated content for job ID: 35321
2025-04-07 14:22:09 - Updated content for job ID: 35323
2025-04-07 14:22:10 - Updated content for job ID: 35316
2025-04-07 14:22:11 - Processing jobs 35324 to 35333
2025-04-07 14:22:13 - [Job ID: 35325] Attempt 1: Accessing https://my.enaportal.com/jobmail/vis?id=62114
2025-04-07 14:22:13 - [Job ID: 35333] Attempt 1: Accessing https://www.jobindex.dk/jobannonce/h1546170/toemrer-faa-varierede-opgaver-og-gode-vilkaar
2025-04-07 14:22:14 - [Job ID: 35324] Attempt 1: Accessing https://candidate.hr-manager.net/ApplicationInit.aspx?cid=2180&ProjectId=147589&DepartmentId=19067&MediaId=4623
2025-04-07 14:22:15 - [Job ID: 35330] Attempt 1: Accessing https://www.jobindex.dk/jobannonce/r13095210/engageret-sagsbehandler-med-blik-for-detaljen
2025-04-07 14:22:16 - [Job ID: 35332] Attempt 1: Accessing https://www.jobindex.dk/jobannonce/h1553689/to-toemrersvende-soeges-til-travl-virksomhed
2025-04-07 14:22:16 - [Job ID: 35329] Attempt 1: Accessing https://www.jobindex.dk/jobannonce/r13095117/oekonomisk-sagsbehandler-til-kontanthjaelp
2025-04-07 14:22:18 - Updated content for job ID: 35325
2025-04-07 14:22:18 - [Job ID: 35326] Attempt 1: Accessing https://sallinggroup.com/job/ledige-stillinger/90cede08-d42a-49bf-88da-eca66c17cbfb
2025-04-07 14:22:20 - [Job ID: 35327] Attempt 1: Accessing https://portal.signatur.dk/ExtJobs/DefaultHosting/JobDetails.aspx?ClientId=1468&WebAdId=137348
2025-04-07 14:22:21 - [Job ID: 35331] Attempt 1: Accessing https://www.jobindex.dk/jobannonce/r13095158/medarbejdere-til-sagsbehandling-af-landbrugsstoette-og-kortlaegning-af-landbrugsarealer
2025-04-07 14:22:21 - [Job ID: 35328] Attempt 1: Accessing https://www.jobindex.dk/jobannonce/h1554593/konsulent-til-majoriaq
2025-04-07 14:22:26 - Updated content for job ID: 35333
2025-04-07 14:22:26 - Updated content for job ID: 35326
2025-04-07 14:22:26 - Updated content for job ID: 35330
2025-04-07 14:22:26 - Updated content for job ID: 35329
2025-04-07 14:22:26 - Updated content for job ID: 35324
2025-04-07 14:22:26 - Updated content for job ID: 35332
2025-04-07 14:22:27 - Updated content for job ID: 35328
2025-04-07 14:22:27 - Updated content for job ID: 35331
2025-04-07 14:22:27 - Updated content for job ID: 35327
2025-04-07 14:22:28 - Processing jobs 35334 to 35343
2025-04-07 14:22:30 - [Job ID: 35334] Attempt 1: Accessing https://www.jobindex.dk/jobannonce/h1554637/uddannet-toemrer-soeges
2025-04-07 14:22:31 - [Job ID: 35341] Attempt 1: Accessing https://www.jobindex.dk/jobannonce/r13095127/fysioterapeut-soeges-til-genoptraeningen-i-lejre-kommune
2025-04-07 14:22:32 - [Job ID: 35339] Attempt 1: Accessing https://candidate.hr-manager.net/ApplicationInit.aspx?cid=1518&ProjectId=206015&DepartmentId=23219&MediaId=5
2025-04-07 14:22:33 - [Job ID: 35336] Attempt 1: Accessing https://www.jobindex.dk/jobannonce/r13095084/montoerer-snedkere
2025-04-07 14:22:34 - [Job ID: 35340] Attempt 1: Accessing https://www.jobindex.dk/jobannonce/r13095246/fysioterapeut-soeges-til-hedensted-kommunes-sundhedsordning
2025-04-07 14:22:35 - [Job ID: 35335] Attempt 1: Accessing https://karriere.powermatch.dk/jobs/2088
2025-04-07 14:22:36 - [Job ID: 35343] Attempt 1: Accessing https://candidate.hr-manager.net/ApplicationInit.aspx?cid=1904&ProjectId=143719&DepartmentId=18978&MediaId=4620
2025-04-07 14:22:37 - [Job ID: 35337] Attempt 1: Accessing https://www.jobindex.dk/jobannonce/r13095220/haandvaerker-til-vaerkstedet-ved-silkeborg-hjaelpemiddelcenter
2025-04-07 14:22:38 - [Job ID: 35338] Attempt 1: Accessing https://halsnaes.career.emply.com/ad/sjaelden-udbudt-stilling-i-ergoterapien-fordi-mange-onsker-at-blive-her-laenge/9upycd/da
2025-04-07 14:22:38 - [Job ID: 35342] Attempt 1: Accessing https://www.jobindex.dk/jobannonce/r13095137/visitator-paa-hjaelpemiddelomraadet
2025-04-07 14:22:42 - Updated content for job ID: 35339
2025-04-07 14:22:42 - Updated content for job ID: 35334
2025-04-07 14:22:42 - Updated content for job ID: 35336
2025-04-07 14:22:42 - Updated content for job ID: 35341
2025-04-07 14:22:42 - Updated content for job ID: 35340
2025-04-07 14:22:43 - Updated content for job ID: 35338
2025-04-07 14:22:43 - Updated content for job ID: 35337
2025-04-07 14:22:43 - Updated content for job ID: 35335
2025-04-07 14:22:44 - Updated content for job ID: 35343
2025-04-07 14:22:44 - Updated content for job ID: 35342
2025-04-07 14:22:45 - Processing jobs 35344 to 35353
2025-04-07 14:22:47 - [Job ID: 35344] Attempt 1: Accessing https://www.jobindex.dk/jobannonce/h1554810/sommerferieafloeser-i-produktionen
2025-04-07 14:22:48 - [Job ID: 35352] Attempt 1: Accessing https://www.jks.dk/Default.aspx?ID=68957
2025-04-07 14:22:49 - [Job ID: 35349] Attempt 1: Accessing https://career.jks.dk/Default.aspx?ID=68445
2025-04-07 14:22:50 - [Job ID: 35345] Attempt 1: Accessing https://www.jobindex.dk/jobannonce/h1554628/produktionsmedarbejder
2025-04-07 14:22:51 - [Job ID: 35353] Attempt 1: Accessing https://www.jks.dk/Default.aspx?ID=68956
2025-04-07 14:22:53 - [Job ID: 35351] Attempt 1: Accessing https://www.jks.dk/Default.aspx?ID=68955
2025-04-07 14:22:54 - [Job ID: 35347] Attempt 1: Accessing https://candidate.hr-manager.net/ApplicationInit.aspx?cid=2275&ProjectId=143929&DepartmentId=18969&MediaId=5
2025-04-07 14:22:54 - [Job ID: 35348] Attempt 1: Accessing https://temp-team.dk/job-search/er-du-dygtig-til-montagearbejde-vi-soger-montor-til-hojttalere-426963
2025-04-07 14:22:54 - [Job ID: 35350] Attempt 1: Accessing https://temp-team.dk/job-search/montage-medarbejder-til-fin-mekanisk-montage-vikariat-426958
2025-04-07 14:22:54 - [Job ID: 35346] Attempt 1: Accessing https://jobapplication.hrworks.de/de?companyId=j42275e&id=4d2db0
2025-04-07 14:22:56 - Updated content for job ID: 35344
2025-04-07 14:22:57 - Updated content for job ID: 35349
2025-04-07 14:23:00 - Updated content for job ID: 35352
2025-04-07 14:23:00 - Updated content for job ID: 35353
2025-04-07 14:23:01 - Updated content for job ID: 35345
2025-04-07 14:23:01 - Updated content for job ID: 35351
2025-04-07 14:23:04 - Updated content for job ID: 35348
2025-04-07 14:23:04 - Updated content for job ID: 35347
2025-04-07 14:23:05 - Updated content for job ID: 35350
2025-04-07 14:23:07 - Updated content for job ID: 35346
2025-04-07 14:23:08 - Processing jobs 35354 to 35363
2025-04-07 14:23:10 - [Job ID: 35363] Attempt 1: Accessing https://attendodanmark.teamtailor.com/jobs/5775468-social-og-sundhedshjaelper-frederikssund
2025-04-07 14:23:11 - [Job ID: 35358] Attempt 1: Accessing https://candidate.hr-manager.net/ApplicationInit.aspx?cid=5001&ProjectId=187705&DepartmentId=9363&MediaId=5
2025-04-07 14:23:12 - [Job ID: 35361] Attempt 1: Accessing https://www.jobindex.dk/jobannonce/r13095131/erfaren-epidemiolog-til-afdeling-for-infektionsepidemiologi-og-forebyggelse
2025-04-07 14:23:13 - [Job ID: 35357] Attempt 1: Accessing https://candidate.hr-manager.net/ApplicationInit.aspx?cid=5001&ProjectId=187758&DepartmentId=10159&MediaId=5
2025-04-07 14:23:14 - [Job ID: 35355] Attempt 1: Accessing https://www.jobindex.dk/jobannonce/r13095164/helikopterredningsudstyr-fremstillet-hos-lite-flite-i-vamdrup
2025-04-07 14:23:16 - [Job ID: 35356] Attempt 1: Accessing https://www.jobindex.dk/jobannonce/r13095057/vi-soeger-en-dedikeret-sandblaeser
2025-04-07 14:23:17 - [Job ID: 35354] Attempt 1: Accessing https://www.randstad.dk/jobs/pedel-produktionsmedarbejder_ringkobing_12567/?utm_campaign=robot_annonce&utm_medium=jobboards_cpc&utm_source=jobindex
2025-04-07 14:23:17 - [Job ID: 35359] Attempt 1: Accessing https://www.jobindex.dk/jobannonce/r13095191/phd-fellowship-scholarship-potentials-and-limitations-for-agricultural-biomass-production
2025-04-07 14:23:17 - [Job ID: 35360] Attempt 1: Accessing https://www.jobindex.dk/jobannonce/r13095272/211-2132-25-2h-phd-fellowship-in-pharmaceutical-data-science-education
2025-04-07 14:23:18 - [Job ID: 35362] Attempt 1: Accessing https://attendodanmark.teamtailor.com/jobs/5775443-social-og-sundhedsassistent-frederikssund
2025-04-07 14:23:21 - Updated content for job ID: 35358
2025-04-07 14:23:22 - Updated content for job ID: 35357
2025-04-07 14:23:22 - Updated content for job ID: 35363
2025-04-07 14:23:22 - Updated content for job ID: 35356
2025-04-07 14:23:22 - Updated content for job ID: 35355
2025-04-07 14:23:22 - Updated content for job ID: 35361
2025-04-07 14:23:23 - Updated content for job ID: 35359
2025-04-07 14:23:23 - Updated content for job ID: 35362
2025-04-07 14:23:23 - Updated content for job ID: 35360
2025-04-07 14:23:25 - Updated content for job ID: 35354
2025-04-07 14:23:26 - Processing jobs 35364 to 35373
2025-04-07 14:23:28 - [Job ID: 35373] Attempt 1: Accessing https://horsens.emply.net/recruitment/vacancyAd.aspx?publishingId=92ffca1c-d029-4d4b-83de-99fcdd196cbf
2025-04-07 14:23:29 - [Job ID: 35369] Attempt 1: Accessing https://portal.signatur.dk/ExtJobs/DefaultHosting/JobDetails.aspx?ClientId=2330&WebAdId=137390
2025-04-07 14:23:29 - [Job ID: 35368] Attempt 1: Accessing https://job.ballerup.dk/ad/social-og-sundhedsassistent-til-dagvagt-pa-plejehjem-kirstinehaven/jlknew/da
2025-04-07 14:23:30 - [Job ID: 35367] Attempt 1: Accessing https://portal.signatur.dk/ExtJobs/DefaultHosting/JobDetails.aspx?ClientId=1468&WebAdId=137443
2025-04-07 14:23:31 - [Job ID: 35366] Attempt 1: Accessing https://taarnby.hr-on.com/show-job/252136&locale=da_DK
2025-04-07 14:23:32 - Updated content for job ID: 35369
2025-04-07 14:23:32 - [Job ID: 35371] Attempt 1: Accessing https://ikast-brande.career.emply.com/ad/engparken-og-daghjem-brande-soger-en-erfaren-vagtplanlaegger/1650yz/da
2025-04-07 14:23:33 - [Job ID: 35370] Attempt 1: Accessing https://portal.signatur.dk/ExtJobs/DefaultHosting/JobDetails.aspx?ClientId=1546&WebAdId=137395
2025-04-07 14:23:34 - [Job ID: 35372] Attempt 1: Accessing https://candidate.hr-manager.net/ApplicationInit.aspx?cid=342&ProjectId=261920&DepartmentId=14252&MediaId=5
2025-04-07 14:23:35 - [Job ID: 35365] Attempt 1: Accessing https://candidate.hr-manager.net/ApplicationInit.aspx?cid=1372&ProjectId=146568&DepartmentId=20042&MediaId=4616
2025-04-07 14:23:36 - [Job ID: 35364] Attempt 1: Accessing https://stevns.emply.net/recruitment/vacancyAd.aspx?publishingId=6aebcc45-0b3b-4cb3-a8e8-4b8c5929038a
2025-04-07 14:23:38 - Updated content for job ID: 35373
2025-04-07 14:23:38 - Updated content for job ID: 35367
2025-04-07 14:23:39 - Updated content for job ID: 35371
2025-04-07 14:23:39 - Updated content for job ID: 35366
2025-04-07 14:23:39 - Updated content for job ID: 35368
2025-04-07 14:23:39 - Updated content for job ID: 35370
2025-04-07 14:23:40 - Updated content for job ID: 35364
2025-04-07 14:23:41 - Updated content for job ID: 35372
2025-04-07 14:23:43 - Updated content for job ID: 35365
2025-04-07 14:23:44 - Processing jobs 35374 to 35383
2025-04-07 14:23:46 - [Job ID: 35374] Attempt 1: Accessing https://portal.signatur.dk/ExtJobs/DefaultHosting/JobDetails.aspx?ClientId=2328&WebAdId=137433
2025-04-07 14:23:47 - [Job ID: 35378] Attempt 1: Accessing https://www.jobindex.dk/jobannonce/r13095197/social-og-sundhedsassistent-til-fast-nattevagt-i-lige-uger-paa-kildegaarden-midlertidige-pladser
2025-04-07 14:23:47 - [Job ID: 35380] Attempt 1: Accessing https://www.jobindex.dk/jobannonce/r13095089/social-og-sundhedsassistent-til-cfk
2025-04-07 14:23:49 - [Job ID: 35377] Attempt 1: Accessing https://www.jobindex.dk/jobannonce/r13095165/kontaktperson-til-kvinde-med-nedsat-syn-og-hoerelse-billund
2025-04-07 14:23:49 - [Job ID: 35376] Attempt 1: Accessing https://www.jobindex.dk/jobannonce/r13095221/viceplejehjemschef-i-staben-aeldre-og-omsorg
2025-04-07 14:23:50 - [Job ID: 35375] Attempt 1: Accessing https://www.jobindex.dk/jobannonce/r13095034/sosu-assistent-soeges-til-plejehjemmet-havkaer-i-fortrinsvis-dagvagt
2025-04-07 14:23:51 - [Job ID: 35383] Attempt 1: Accessing https://www.jobindex.dk/jobannonce/r13095059/social-og-sundhedsassistent-til-aftenvagt-i-hjemmeplejen-gruppe-13
2025-04-07 14:23:52 - [Job ID: 35382] Attempt 1: Accessing https://www.jobindex.dk/jobannonce/r13095167/handicaphjaelper-til-soenderborg-30t-uge
2025-04-07 14:23:53 - [Job ID: 35381] Attempt 1: Accessing https://www.jobindex.dk/jobannonce/r13095250/kan-du-godt-lide-at-skabe-orden-omkring-dig
2025-04-07 14:23:53 - [Job ID: 35379] Attempt 1: Accessing https://www.jobindex.dk/jobannonce/r13095200/stilling-som-social-og-sundhedsassistent-med-laeringsvejlederfunktion
2025-04-07 14:23:53 - Updated content for job ID: 35374
2025-04-07 14:23:55 - Updated content for job ID: 35378
2025-04-07 14:23:55 - Updated content for job ID: 35380
2025-04-07 14:23:56 - Updated content for job ID: 35377
2025-04-07 14:24:00 - Updated content for job ID: 35376
2025-04-07 14:24:02 - Updated content for job ID: 35375
2025-04-07 14:24:03 - Updated content for job ID: 35383
2025-04-07 14:24:04 - Updated content for job ID: 35382
2025-04-07 14:24:04 - Updated content for job ID: 35381
2025-04-07 14:24:04 - Updated content for job ID: 35379
2025-04-07 14:24:05 - Processing jobs 35384 to 35393
2025-04-07 14:24:07 - [Job ID: 35384] Attempt 1: Accessing https://www.jobindex.dk/jobannonce/r13095225/social-og-sundhedsassistent-til-plejehjemmet-enrum
2025-04-07 14:24:08 - [Job ID: 35386] Attempt 1: Accessing https://www.jobindex.dk/jobannonce/r13095222/planlaegger-til-hjemmeplejen-birkeroed
2025-04-07 14:24:09 - [Job ID: 35391] Attempt 1: Accessing https://www.jobindex.dk/jobannonce/r13095083/er-du-social-og-sundhedsassistent-eller-social-og-sundhedshjaelper-og-oensker-at-arbejde-inden-for-omraadet-med-senhjerneskade
2025-04-07 14:24:10 - [Job ID: 35385] Attempt 1: Accessing https://www.jobindex.dk/jobannonce/r13095258/social-og-sundhedsassistent-soeges-til-fast-stilling-i-almen-psykiatrisk-afsnit-05-psykiatrisk-afdeling-vejle-med-fokus-paa-m
2025-04-07 14:24:10 - [Job ID: 35389] Attempt 1: Accessing https://www.jobindex.dk/jobannonce/r13095181/danmarks-foerste-demensby-i-svendborg-bryghus-syd-soeger-social-og-sundhedsassistent-og-social-og-sundhedshjaelper
2025-04-07 14:24:12 - [Job ID: 35387] Attempt 1: Accessing https://www.jobindex.dk/jobannonce/r13095193/ssa-eller-nyuddannet-sygeplejerske-til-moellegaarden-plejeboliger
2025-04-07 14:24:14 - [Job ID: 35393] Attempt 1: Accessing https://candidate.hr-manager.net/ApplicationInit.aspx?cid=5001&ProjectId=187860&DepartmentId=6151&MediaId=5
2025-04-07 14:24:14 - [Job ID: 35390] Attempt 1: Accessing https://www.jobindex.dk/jobannonce/r13095184/svendborg-demensby-bryghus-nord-soeger-social-og-sundhedsassistent
2025-04-07 14:24:14 - [Job ID: 35388] Attempt 1: Accessing https://www.jobindex.dk/jobannonce/r13095203/social-og-sundhedsassistent
2025-04-07 14:24:14 - [Job ID: 35392] Attempt 1: Accessing https://www.jma.dk/om-jma/ledige-stillinger/some-specialist-med-grafiske-kompetencer-til-international-b2b
2025-04-07 14:24:16 - Updated content for job ID: 35384
2025-04-07 14:24:17 - Updated content for job ID: 35386
2025-04-07 14:24:17 - Updated content for job ID: 35391
2025-04-07 14:24:20 - Updated content for job ID: 35392
2025-04-07 14:24:21 - Updated content for job ID: 35385
2025-04-07 14:24:21 - Updated content for job ID: 35393
2025-04-07 14:24:21 - Updated content for job ID: 35389
2025-04-07 14:24:22 - Updated content for job ID: 35387
2025-04-07 14:24:23 - Updated content for job ID: 35388
2025-04-07 14:24:23 - Updated content for job ID: 35390
2025-04-07 14:24:24 - Processing jobs 35394 to 35403
2025-04-07 14:24:27 - [Job ID: 35397] Attempt 1: Accessing https://girltalk.dk/andet/ledige-stillinger/kommunikations-og-some-medarbejder-til-girltalks-indsatser/
2025-04-07 14:24:27 - [Job ID: 35402] Attempt 1: Accessing https://candidate.hr-manager.net/ApplicationInit.aspx?cid=5001&ProjectId=187888&DepartmentId=10047&MediaId=3396
2025-04-07 14:24:28 - [Job ID: 35399] Attempt 1: Accessing https://dm-v2.career.emply.com/ad/konsulent-til-fagforeningen-dm/5uenv4/da
2025-04-07 14:24:29 - [Job ID: 35398] Attempt 1: Accessing https://www.jobindex.dk/jobannonce/r13095267/article-writer-til-iloebeskodk-skribent-med-passion-for-loeb
2025-04-07 14:24:30 - [Job ID: 35396] Attempt 1: Accessing https://www.jobindex.dk/jobannonce/h1554685/kommunikationsmedarbejder
2025-04-07 14:24:31 - [Job ID: 35400] Attempt 1: Accessing https://ok-fonden-v2.career.emply.com/ad/jurist-til-ok-fonden-gor-en-forskel-med-din-faglighed/feyflr/da
2025-04-07 14:24:33 - [Job ID: 35403] Attempt 1: Accessing https://www.pro-automatic.dk/da/karriere/sog-job-hos-os.html?hr=show-job%2F241216%26locale%3Dda_DK
2025-04-07 14:24:34 - [Job ID: 35401] Attempt 1: Accessing https://candidate.hr-manager.net/ApplicationInit.aspx?cid=5001&ProjectId=187527&DepartmentId=10457&MediaId=5
2025-04-07 14:24:34 - [Job ID: 35395] Attempt 1: Accessing https://www.jobindex.dk/jobannonce/h1554669/marketingmedarbejder-med-fokus-paa-some-og-salg
2025-04-07 14:24:34 - [Job ID: 35394] Attempt 1: Accessing https://www.jobindex.dk/jobannonce/h1554670/structured-technical-writer-with-digital-skills
2025-04-07 14:24:39 - Updated content for job ID: 35399
2025-04-07 14:24:39 - Updated content for job ID: 35402
2025-04-07 14:24:39 - Updated content for job ID: 35397
2025-04-07 14:24:39 - Updated content for job ID: 35400
2025-04-07 14:24:39 - Updated content for job ID: 35398
2025-04-07 14:24:40 - Updated content for job ID: 35396
2025-04-07 14:24:41 - Updated content for job ID: 35401
2025-04-07 14:24:41 - Updated content for job ID: 35394
2025-04-07 14:24:41 - Updated content for job ID: 35403
2025-04-07 14:24:41 - Updated content for job ID: 35395
2025-04-07 14:24:42 - Processing jobs 35404 to 35413
2025-04-07 14:24:44 - [Job ID: 35405] Attempt 1: Accessing https://danskindustri.teamtailor.com/jobs/5722397-juridisk-konsulent-til-dansk-og-international-erhvervsskat?promotion=1416309-jobindex
2025-04-07 14:24:45 - [Job ID: 35412] Attempt 1: Accessing https://www.jobindex.dk/jobannonce/h1554780/logistikmedarbejder-soeges
2025-04-07 14:24:46 - [Job ID: 35408] Attempt 1: Accessing https://jobs.koerber.com/job/Arden-Engineering-Documentation-Coordinator/1169446801/
2025-04-07 14:24:47 - [Job ID: 35406] Attempt 1: Accessing https://www.aalborg.dk/job-og-karriere/vis-job?id=21404
2025-04-07 14:24:48 - [Job ID: 35409] Attempt 1: Accessing https://ambizzion.dk/supply-chain-manager-2/
2025-04-07 14:24:49 - [Job ID: 35407] Attempt 1: Accessing https://www.jobindex.dk/jobannonce/r13095098/erfaren-advokat-eller-jurist-til-artelia-i-soeborg
2025-04-07 14:24:50 - [Job ID: 35411] Attempt 1: Accessing https://www.jobindex.dk/jobannonce/r13095189/sourcing-category-manager-til-den-centrale-indkoebsfunktion-mulighed-for-nedsat-tid
2025-04-07 14:24:51 - Updated content for job ID: 35405
2025-04-07 14:24:51 - [Job ID: 35404] Attempt 1: Accessing https://careers.nature-energy.com/jobs/5649343-contract-manager-supply-chain?promotion=1375459-jobindex
2025-04-07 14:24:51 - [Job ID: 35410] Attempt 1: Accessing https://schou.com/pages/karriere?hr=show-job/251992&linkref=290933&locale=da_DK
2025-04-07 14:24:51 - [Job ID: 35413] Attempt 1: Accessing https://www.jobindex.dk/jobannonce/h1554776/salgsassistent-vikariat
2025-04-07 14:24:54 - Updated content for job ID: 35408
2025-04-07 14:24:54 - Updated content for job ID: 35409
2025-04-07 14:24:55 - Updated content for job ID: 35406
2025-04-07 14:24:55 - Updated content for job ID: 35412
2025-04-07 14:24:56 - Updated content for job ID: 35407
2025-04-07 14:24:56 - Updated content for job ID: 35411
2025-04-07 14:24:56 - Updated content for job ID: 35404
2025-04-07 14:24:58 - Updated content for job ID: 35413
2025-04-07 14:24:58 - Updated content for job ID: 35410
2025-04-07 14:24:59 - Processing jobs 35414 to 35423
2025-04-07 14:25:01 - [Job ID: 35415] Attempt 1: Accessing https://www.jobindex.dk/jobannonce/h1554644/koerselsdisponent
2025-04-07 14:25:02 - [Job ID: 35419] Attempt 1: Accessing https://www.afajcd.dk/da/job/programmatic-campaign-specialist-hos-afa-decaux
2025-04-07 14:25:03 - [Job ID: 35418] Attempt 1: Accessing https://www.ennova.com/en/ennova-career-job?VID=20250407
2025-04-07 14:25:04 - [Job ID: 35414] Attempt 1: Accessing https://scangl-v2.career.emply.com/ad/sofragtsspeditor-aid-relief/nc4gfr/en
2025-04-07 14:25:05 - [Job ID: 35421] Attempt 1: Accessing https://www.jobindex.dk/jobannonce/r13094995/digital-marketingspecialist
2025-04-07 14:25:07 - Updated content for job ID: 35415
2025-04-07 14:25:07 - [Job ID: 35423] Attempt 1: Accessing https://www.jobindex.dk/jobannonce/h1554748/g4s-soeger-telemarketing-medarbejder-med-fokus-paa-privat-detailmarkedet
2025-04-07 14:25:07 - [Job ID: 35416] Attempt 1: Accessing https://emp.jobylon.com/jobs/273606-swedish-match-denmark-production-scheduler/
2025-04-07 14:25:09 - [Job ID: 35417] Attempt 1: Accessing https://www.jks.dk/Default.aspx?ID=68958
2025-04-07 14:25:09 - [Job ID: 35422] Attempt 1: Accessing https://www.jobindex.dk/jobannonce/h1554771/saelger-til-koekken-bad-forretning-med-mulighed-for-overtagelse
2025-04-07 14:25:09 - [Job ID: 35420] Attempt 1: Accessing https://www.jobindex.dk/jobannonce/h1546466/marketing-supervisor-nordics
2025-04-07 14:25:10 - Updated content for job ID: 35419
2025-04-07 14:25:11 - Updated content for job ID: 35418
2025-04-07 14:25:12 - Updated content for job ID: 35414
2025-04-07 14:25:14 - Updated content for job ID: 35421
2025-04-07 14:25:17 - Updated content for job ID: 35422
2025-04-07 14:25:17 - Updated content for job ID: 35423
2025-04-07 14:25:18 - Updated content for job ID: 35417
2025-04-07 14:25:18 - Updated content for job ID: 35416
2025-04-07 14:25:19 - Updated content for job ID: 35420
2025-04-07 14:25:20 - Processing jobs 35424 to 35433
2025-04-07 14:25:22 - [Job ID: 35430] Attempt 1: Accessing https://wuerth.career.emply.com/ad/key-account-manager-kam-med-kendskab-til-agro-og-truck/wmkrea/da
2025-04-07 14:25:23 - [Job ID: 35428] Attempt 1: Accessing https://www.jobindex.dk/jobannonce/h1552876/struktureret-samvittighedsfuld-og-udadvendt-intern-saelger
2025-04-07 14:25:24 - [Job ID: 35429] Attempt 1: Accessing https://tdc.csod.com/ux/ats/careersite/61/home/requisition/9611?c=tdc
2025-04-07 14:25:25 - [Job ID: 35431] Attempt 1: Accessing https://jobs.semler.dk/job/Aalborg-Salgsr%C3%A5dgiver-til-Audi-Aalborg-En-del-af-Semler-Mobility-9000/817648902/
2025-04-07 14:25:26 - [Job ID: 35432] Attempt 1: Accessing https://jobs.semler.dk/job-invite/3360/
2025-04-07 14:25:27 - [Job ID: 35433] Attempt 1: Accessing https://temp-team-dk.recman.no/job.php?job_id=423298
2025-04-07 14:25:28 - [Job ID: 35426] Attempt 1: Accessing https://www.jobindex.dk/jobannonce/h1554727/key-account-manager-til-go-card-37-eller-32-timer
2025-04-07 14:25:28 - [Job ID: 35425] Attempt 1: Accessing https://candidate.hr-manager.net/ApplicationInit.aspx?cid=1192&ProjectId=145217&DepartmentId=18962&MediaId=4660
2025-04-07 14:25:29 - [Job ID: 35424] Attempt 1: Accessing https://www.jobindex.dk/jobannonce/h1554746/vi-soeger-en-inspirerende-salgs-og-indretningskonsulent-til-danmarks-flotteste-showroom
2025-04-07 14:25:29 - [Job ID: 35427] Attempt 1: Accessing https://juc.career.emply.com/ad/norske-saelgere-til-nordisk-salgsafdeling-i-kobenhavn/tp2g4x
2025-04-07 14:25:33 - Updated content for job ID: 35428
2025-04-07 14:25:33 - Updated content for job ID: 35431
2025-04-07 14:25:34 - Updated content for job ID: 35432
2025-04-07 14:25:34 - Updated content for job ID: 35430
2025-04-07 14:25:34 - Updated content for job ID: 35433
2025-04-07 14:25:34 - Updated content for job ID: 35429
2025-04-07 14:25:35 - Updated content for job ID: 35426
2025-04-07 14:25:35 - Updated content for job ID: 35427
2025-04-07 14:25:35 - Updated content for job ID: 35424
2025-04-07 14:25:35 - Updated content for job ID: 35425
2025-04-07 14:25:36 - Processing jobs 35434 to 35443
2025-04-07 14:25:38 - [Job ID: 35441] Attempt 1: Accessing https://envidandenmark.teamtailor.com/jobs/5123678-markedsorienteret-geolog-eller-ingenioer-til-grundvandsopgaver
2025-04-07 14:25:39 - [Job ID: 35442] Attempt 1: Accessing https://www.jobindex.dk/jobannonce/r13095079/projektleder-til-baeredygtige-loesninger-hos-favrskov-forsyning
2025-04-07 14:25:40 - [Job ID: 35436] Attempt 1: Accessing https://www.jobindex.dk/jobannonce/r13095274/relationsskabende-erfaren-salgskonsulent
2025-04-07 14:25:41 - [Job ID: 35437] Attempt 1: Accessing https://www.jobindex.dk/jobannonce/h1554795/projektkoordinator-montoer-til-ventilationsprojekter
2025-04-07 14:25:42 - [Job ID: 35435] Attempt 1: Accessing https://ftz.easycruit.com/vacancy/3485885/248995?iso=dk
2025-04-07 14:25:43 - [Job ID: 35443] Attempt 1: Accessing https://candidate.hr-manager.net/ApplicationInit.aspx?cid=342&ProjectId=261926&DepartmentId=14316&MediaId=5
2025-04-07 14:25:44 - [Job ID: 35440] Attempt 1: Accessing https://www.harco.dk/career?hr=show-job%2F251901%26locale%3Den_US
2025-04-07 14:25:45 - [Job ID: 35434] Attempt 1: Accessing https://www.academicwork.dk/ledige-stillinger/j/tender-manager-til-b-braun-medical-danmark-as/2FVNWQ
2025-04-07 14:25:45 - [Job ID: 35438] Attempt 1: Accessing https://mwlconsult.reqruiting.com/job.aspx?id=23357
2025-04-07 14:25:46 - [Job ID: 35439] Attempt 1: Accessing https://candidate.hr-manager.net/ApplicationInit.aspx?cid=309&ProjectId=172926&DepartmentId=9417&MediaId=5
2025-04-07 14:25:49 - Updated content for job ID: 35441
2025-04-07 14:25:49 - Updated content for job ID: 35435
2025-04-07 14:25:50 - Updated content for job ID: 35437
2025-04-07 14:25:51 - Updated content for job ID: 35436
2025-04-07 14:25:51 - Updated content for job ID: 35442
2025-04-07 14:25:53 - Updated content for job ID: 35443
2025-04-07 14:25:53 - Updated content for job ID: 35440
2025-04-07 14:25:53 - Updated content for job ID: 35434
2025-04-07 14:25:55 - Updated content for job ID: 35439
2025-04-07 14:26:00 - [Job ID: 35438] Attempt 1 failed: Page.goto: Timeout 15000ms exceeded.
Call log:
  - navigating to "https://mwlconsult.reqruiting.com/job.aspx?id=23357", waiting until "networkidle"

2025-04-07 14:26:04 - [Job ID: 35438] Attempt 2: Accessing https://mwlconsult.reqruiting.com/job.aspx?id=23357
2025-04-07 14:26:06 - Updated content for job ID: 35438
2025-04-07 14:26:07 - Processing jobs 35444 to 35453
2025-04-07 14:26:09 - [Job ID: 35446] Attempt 1: Accessing https://midtjob.dk/ad/laegesekretaer-sundhedsadministrativ-koordinator-til-akutafdelingen-i-randers/ojbmvo/da
2025-04-07 14:26:09 - [Job ID: 35448] Attempt 1: Accessing https://www.jobindex.dk/jobannonce/r13095037/distriktspsykiatrien-for-aeldre-et-staerkt-team-som-mangler-ny-laegesekretaer-sak-kollega
2025-04-07 14:26:10 - [Job ID: 35453] Attempt 1: Accessing https://www.jobindex.dk/jobannonce/h1554686/er-du-ernaeringsassistent-kok-eller-cater-saa-er-det-maaske-dig-vi-skal-ansaette-i-vores-koekken
2025-04-07 14:26:11 - [Job ID: 35452] Attempt 1: Accessing https://www.jobindex.dk/jobannonce/r13095068/graver-til-faarevejle-kirke-og-kirkegaard
2025-04-07 14:26:12 - [Job ID: 35444] Attempt 1: Accessing https://candidate.hr-manager.net/ApplicationInit.aspx?cid=342&ProjectId=261923&DepartmentId=14316&MediaId=5
2025-04-07 14:26:16 - [Job ID: 35447] Attempt 1: Accessing https://www.jobindex.dk/jobannonce/r13095166/laegesekretaer-sundhedsadministrativ-koordinator-med-fokus-paa-faglighed-registrering-og-patientforloeb-soeges-til-ortopaedkirurgi
2025-04-07 14:26:16 - [Job ID: 35451] Attempt 1: Accessing https://www.jobindex.dk/jobannonce/r13095226/vil-du-bruge-din-stemme-i-fuglebjerg-tystrup-og-haldagerlille-kirker
2025-04-07 14:26:16 - [Job ID: 35445] Attempt 1: Accessing https://www.jobindex.dk/jobannonce/o38524/laegesekretaer-til-ans-og-eriksborg-laegehus-soeges-
2025-04-07 14:26:16 - [Job ID: 35449] Attempt 1: Accessing https://www.jobindex.dk/jobannonce/r13094994/laegesekretaer-sak-til-akutafdelingen-holbaek-sygehus
2025-04-07 14:26:16 - [Job ID: 35450] Attempt 1: Accessing https://www.jobindex.dk/jobannonce/r13095139/blovstroed-kirke-soeger-ny-graver
2025-04-07 14:26:19 - Updated content for job ID: 35446
2025-04-07 14:26:19 - Updated content for job ID: 35444
2025-04-07 14:26:19 - Updated content for job ID: 35448
2025-04-07 14:26:19 - Updated content for job ID: 35452
2025-04-07 14:26:20 - Updated content for job ID: 35453
2025-04-07 14:26:24 - Updated content for job ID: 35450
2025-04-07 14:26:25 - Updated content for job ID: 35451
2025-04-07 14:26:26 - Updated content for job ID: 35445
2025-04-07 14:26:26 - Updated content for job ID: 35449
2025-04-07 14:26:26 - Updated content for job ID: 35447
2025-04-07 14:26:27 - Processing jobs 35454 to 35463
2025-04-07 14:26:30 - [Job ID: 35463] Attempt 1: Accessing https://www.jobindex.dk/jobannonce/r13095271/head-chef-for-japanese-fast-food-restaurant-in-copenhagen
2025-04-07 14:26:30 - [Job ID: 35461] Attempt 1: Accessing https://www.jobindex.dk/jobannonce/r13095263/kokke-soeges-til-salino-i-blokhus
2025-04-07 14:26:31 - [Job ID: 35454] Attempt 1: Accessing https://molslinjen.career.emply.com/da/ad/oresundslinjen-soger-nye-kolleger-i-food-beverage-og-retail-til-sommeren-2025/kl811j
2025-04-07 14:26:32 - [Job ID: 35459] Attempt 1: Accessing https://www.jobindex.dk/jobannonce/r13095095/kok-soeges
2025-04-07 14:26:33 - [Job ID: 35462] Attempt 1: Accessing https://www.jobindex.dk/jobannonce/r13095120/kreativ-cafemedarbejder
2025-04-07 14:26:34 - [Job ID: 35460] Attempt 1: Accessing https://www.jobindex.dk/jobannonce/r13095199/koekkenmedhjaelp-pizzabager-med-flair-for-bagning
2025-04-07 14:26:36 - [Job ID: 35458] Attempt 1: Accessing https://www.jobindex.dk/jobannonce/r13095135/kok-soeges-til-ny-ambitioes-kantine-i-nordhavnen-vaer-med-naesten-fra-starten
2025-04-07 14:26:36 - [Job ID: 35456] Attempt 1: Accessing https://www.jobindex.dk/jobannonce/r13095259/chef-with-experience-in-thai-kitchen
2025-04-07 14:26:36 - [Job ID: 35457] Attempt 1: Accessing https://www.jobindex.dk/jobannonce/r13095260/daily-manager
2025-04-07 14:26:37 - [Job ID: 35455] Attempt 1: Accessing https://candidate.hr-manager.net/ApplicationInit.aspx?cid=1518&ProjectId=206063&DepartmentId=20228&MediaId=5
2025-04-07 14:26:39 - Updated content for job ID: 35454
2025-04-07 14:26:39 - Updated content for job ID: 35461
2025-04-07 14:26:39 - Updated content for job ID: 35463
2025-04-07 14:26:39 - Updated content for job ID: 35459
2025-04-07 14:26:39 - Updated content for job ID: 35462
2025-04-07 14:26:42 - Updated content for job ID: 35455
2025-04-07 14:26:43 - Updated content for job ID: 35460
2025-04-07 14:26:44 - Updated content for job ID: 35458
2025-04-07 14:26:45 - Updated content for job ID: 35456
2025-04-07 14:26:45 - Updated content for job ID: 35457
2025-04-07 14:26:46 - Processing jobs 35464 to 35473
2025-04-07 14:26:48 - [Job ID: 35464] Attempt 1: Accessing https://www.jobindex.dk/jobannonce/r13095240/floor-manager-aspirant-charlottenlund
2025-04-07 14:26:49 - [Job ID: 35466] Attempt 1: Accessing https://www.jobindex.dk/jobannonce/r13095238/floor-manager-aspirant-torvehallernekbh
2025-04-07 14:26:50 - [Job ID: 35472] Attempt 1: Accessing https://candidate.hr-manager.net/ApplicationInit.aspx?cid=1453&ProjectId=145176&DepartmentId=20138&MediaId=4616
2025-04-07 14:26:51 - [Job ID: 35470] Attempt 1: Accessing https://www.jobindex.dk/jobannonce/r13095262/asian-fusion-street-food-needs-kok
2025-04-07 14:26:52 - [Job ID: 35465] Attempt 1: Accessing https://www.jobindex.dk/jobannonce/r13095239/floor-manager-aspirant-waterfront-shopping-hellerup
2025-04-07 14:26:54 - [Job ID: 35473] Attempt 1: Accessing https://candidate.hr-manager.net/ApplicationInit.aspx?cid=1453&ProjectId=145260&DepartmentId=20124&MediaId=4616
2025-04-07 14:26:54 - [Job ID: 35467] Attempt 1: Accessing https://www.jobindex.dk/jobannonce/r13095235/floor-manager-aspirant-frederiksberg-centret
2025-04-07 14:26:55 - [Job ID: 35471] Attempt 1: Accessing https://www.jobindex.dk/jobannonce/r13095105/ernaeringsassistent-syddjurs-bo-og-aktivitetstilbud
2025-04-07 14:26:55 - [Job ID: 35468] Attempt 1: Accessing https://www.jobindex.dk/jobannonce/r13095233/vi-soeger-fuldtids-servicemedarbejdere-til-sushi-lovers
2025-04-07 14:26:55 - [Job ID: 35469] Attempt 1: Accessing https://www.jobindex.dk/jobannonce/r13095243/-vi-soeger-nye-stjerner-til-vores-hold-i-koevenhavn-
2025-04-07 14:26:58 - Updated content for job ID: 35472
2025-04-07 14:26:58 - Updated content for job ID: 35464
2025-04-07 14:26:58 - Updated content for job ID: 35470
2025-04-07 14:26:58 - Updated content for job ID: 35466
2025-04-07 14:26:58 - Updated content for job ID: 35465
2025-04-07 14:26:59 - Updated content for job ID: 35473
2025-04-07 14:27:02 - Updated content for job ID: 35467
2025-04-07 14:27:03 - Updated content for job ID: 35468
2025-04-07 14:27:03 - Updated content for job ID: 35471
2025-04-07 14:27:04 - Updated content for job ID: 35469
2025-04-07 14:27:05 - Processing jobs 35474 to 35483
2025-04-07 14:27:07 - [Job ID: 35476] Attempt 1: Accessing https://jobs.coop.dk/job/Ledertrainee-til-Food%2C-Kvickly%2C-Ebeltoft/155046-da_DK
2025-04-07 14:27:08 - [Job ID: 35483] Attempt 1: Accessing https://www.jobindex.dk/jobannonce/r13095061/kalder-alle-natteravne-circle-k-horsensvej-i-vejle-soeger-nu-deres-nye-nattesaelger-paa-37-timer
2025-04-07 14:27:09 - [Job ID: 35478] Attempt 1: Accessing https://www.jobindex.dk/jobannonce/r13095192/bog-ide-skanderborg-soeger-salgsassistent-til-bogafdelingen
2025-04-07 14:27:10 - [Job ID: 35474] Attempt 1: Accessing https://www.jobindex.dk/jobannonce/reportage/2335/salgsassistent-til-natarbejde-hos-q8-naerum-langhaven-15-timer
2025-04-07 14:27:11 - Updated content for job ID: 35476
2025-04-07 14:27:11 - [Job ID: 35482] Attempt 1: Accessing https://www.jobindex.dk/jobannonce/r13095050/kalder-alle-natteravne-circle-k-harlev-soeger-en-saelger-til-nattevagter-paa-25-timer
2025-04-07 14:27:12 - [Job ID: 35480] Attempt 1: Accessing https://www.jobindex.dk/jobannonce/r13095154/ansvarlig-for-krukker
2025-04-07 14:27:13 - [Job ID: 35481] Attempt 1: Accessing https://www.jobindex.dk/jobannonce/r13095119/butiksassistent-deltid-fredericia
2025-04-07 14:27:14 - [Job ID: 35479] Attempt 1: Accessing https://www.jobindex.dk/jobannonce/r13095232/medarbejder-soeges-til-my-bakery-by-doktor
2025-04-07 14:27:14 - [Job ID: 35475] Attempt 1: Accessing https://sallinggroup.com/job/ledige-stillinger/fe8b6837-4c8e-4b15-825c-dd7fd39e74b9
2025-04-07 14:27:14 - [Job ID: 35477] Attempt 1: Accessing https://www.jobindex.dk/jobannonce/r13095194/bog-ide-skanderborg-soeger-barselsvikar
2025-04-07 14:27:15 - Updated content for job ID: 35474
2025-04-07 14:27:15 - Updated content for job ID: 35478
2025-04-07 14:27:15 - Updated content for job ID: 35483
2025-04-07 14:27:18 - Updated content for job ID: 35482
2025-04-07 14:27:19 - Updated content for job ID: 35475
2025-04-07 14:27:19 - Updated content for job ID: 35480
2025-04-07 14:27:21 - Updated content for job ID: 35481
